[0.012s] Invoking command in '/home/abin/nav_lecture4_hw/build/nav_hw_interfaces': CMAKE_PREFIX_PATH=${CMAKE_PREFIX_PATH}:/opt/ros/humble /usr/bin/cmake --build /home/abin/nav_lecture4_hw/build/nav_hw_interfaces -- -j24 -l24
[0.063s] -- Found ament_cmake: 1.3.14 (/opt/ros/humble/share/ament_cmake/cmake)
[0.153s] -- Override CMake install command with custom implementation using symlinks instead of copying resources
[0.168s] -- Found rosidl_default_generators: 1.2.1 (/opt/ros/humble/share/rosidl_default_generators/cmake)
[0.170s] -- Using all available rosidl_typesupport_c: rosidl_typesupport_fastrtps_c;rosidl_typesupport_introspection_c
[0.173s] -- Found rosidl_adapter: 3.1.9 (/opt/ros/humble/share/rosidl_adapter/cmake)
[1.072s] -- Using all available rosidl_typesupport_cpp: rosidl_typesupport_fastrtps_cpp;rosidl_typesupport_introspection_cpp
[1.100s] -- Found std_msgs: 4.9.1 (/opt/ros/humble/share/std_msgs/cmake)
[1.125s] [31mCMake Error at /opt/ros/humble/share/rosidl_cmake/cmake/rosidl_generate_interfaces.cmake:93 (message):
[1.125s]   rosidl_generate_interfaces() the passed file 'msg/RobotStatus.msg' doesn't
[1.125s]   exist relative to the CMAKE_CURRENT_SOURCE_DIR
[1.125s]   '/home/abin/nav_lecture4_hw/src/nav_hw_interfaces'
[1.126s] Call Stack (most recent call first):
[1.126s]   CMakeLists.txt:13 (rosidl_generate_interfaces)
[1.126s] 
[1.126s] [0m
[1.126s] -- Configuring incomplete, errors occurred!
[1.126s] See also "/home/abin/nav_lecture4_hw/build/nav_hw_interfaces/CMakeFiles/CMakeOutput.log".
[1.134s] gmake: *** [Makefile:1193: cmake_check_build_system] Error 1
[1.136s] Invoked command in '/home/abin/nav_lecture4_hw/build/nav_hw_interfaces' returned '2': CMAKE_PREFIX_PATH=${CMAKE_PREFIX_PATH}:/opt/ros/humble /usr/bin/cmake --build /home/abin/nav_lecture4_hw/build/nav_hw_interfaces -- -j24 -l24
