[0.008s] Invoking command in '/home/abin/nav_lecture4_hw/build/nav_hw_interfaces': CMAKE_PREFIX_PATH=/opt/ros/humble /usr/bin/cmake --build /home/abin/nav_lecture4_hw/build/nav_hw_interfaces -- -j24 -l24
[0.042s] [  2%] Built target nav_hw_interfaces__rs
[0.043s] [ 12%] Built target nav_hw_interfaces__rosidl_generator_c
[0.044s] [ 14%] Built target nav_hw_interfaces__cpp
[0.047s] [ 14%] Built target ament_cmake_python_symlink_nav_hw_interfaces
[0.055s] [ 25%] Built target nav_hw_interfaces__rosidl_typesupport_c
[0.056s] [ 35%] Built target nav_hw_interfaces__rosidl_typesupport_fastrtps_c
[0.057s] [ 45%] Built target nav_hw_interfaces__rosidl_typesupport_introspection_cpp
[0.057s] [ 56%] Built target nav_hw_interfaces__rosidl_typesupport_cpp
[0.057s] [ 66%] Built target nav_hw_interfaces__rosidl_typesupport_introspection_c
[0.060s] [ 77%] Built target nav_hw_interfaces__rosidl_typesupport_fastrtps_cpp
[0.073s] [ 77%] Built target nav_hw_interfaces
[0.084s] [ 79%] Built target nav_hw_interfaces__py
[0.097s] [ 87%] Built target nav_hw_interfaces__rosidl_generator_py
[0.110s] [ 95%] Built target nav_hw_interfaces__rosidl_typesupport_fastrtps_c__pyext
[0.110s] [ 95%] Built target nav_hw_interfaces__rosidl_typesupport_introspection_c__pyext
[0.110s] [100%] Built target nav_hw_interfaces__rosidl_typesupport_c__pyext
[0.183s] running egg_info
[0.184s] writing nav_hw_interfaces.egg-info/PKG-INFO
[0.184s] writing dependency_links to nav_hw_interfaces.egg-info/dependency_links.txt
[0.184s] writing top-level names to nav_hw_interfaces.egg-info/top_level.txt
[0.185s] reading manifest file 'nav_hw_interfaces.egg-info/SOURCES.txt'
[0.186s] writing manifest file 'nav_hw_interfaces.egg-info/SOURCES.txt'
[0.201s] [100%] Built target ament_cmake_python_build_nav_hw_interfaces_egg
[0.208s] Invoked command in '/home/abin/nav_lecture4_hw/build/nav_hw_interfaces' returned '0': CMAKE_PREFIX_PATH=/opt/ros/humble /usr/bin/cmake --build /home/abin/nav_lecture4_hw/build/nav_hw_interfaces -- -j24 -l24
[0.214s] Invoking command in '/home/abin/nav_lecture4_hw/build/nav_hw_interfaces': CMAKE_PREFIX_PATH=/opt/ros/humble /usr/bin/cmake --install /home/abin/nav_lecture4_hw/build/nav_hw_interfaces
[0.218s] -- Install configuration: ""
[0.218s] -- Execute custom install script
[0.219s] -- Up-to-date symlink: /home/abin/nav_lecture4_hw/install/nav_hw_interfaces/share/ament_index/resource_index/rosidl_interfaces/nav_hw_interfaces
[0.219s] -- Up-to-date symlink: /home/abin/nav_lecture4_hw/install/nav_hw_interfaces/include/nav_hw_interfaces/nav_hw_interfaces/msg/detail/robot_status__functions.h
[0.219s] -- Up-to-date symlink: /home/abin/nav_lecture4_hw/install/nav_hw_interfaces/include/nav_hw_interfaces/nav_hw_interfaces/msg/detail/robot_status__struct.h
[0.219s] -- Up-to-date symlink: /home/abin/nav_lecture4_hw/install/nav_hw_interfaces/include/nav_hw_interfaces/nav_hw_interfaces/msg/detail/robot_status__type_support.h
[0.220s] -- Up-to-date symlink: /home/abin/nav_lecture4_hw/install/nav_hw_interfaces/include/nav_hw_interfaces/nav_hw_interfaces/msg/detail/sensor_data__functions.h
[0.220s] -- Up-to-date symlink: /home/abin/nav_lecture4_hw/install/nav_hw_interfaces/include/nav_hw_interfaces/nav_hw_interfaces/msg/detail/sensor_data__struct.h
[0.220s] -- Up-to-date symlink: /home/abin/nav_lecture4_hw/install/nav_hw_interfaces/include/nav_hw_interfaces/nav_hw_interfaces/msg/detail/sensor_data__type_support.h
[0.220s] -- Up-to-date symlink: /home/abin/nav_lecture4_hw/install/nav_hw_interfaces/include/nav_hw_interfaces/nav_hw_interfaces/msg/detail/waypoint__functions.h
[0.220s] -- Up-to-date symlink: /home/abin/nav_lecture4_hw/install/nav_hw_interfaces/include/nav_hw_interfaces/nav_hw_interfaces/msg/detail/waypoint__struct.h
[0.220s] -- Up-to-date symlink: /home/abin/nav_lecture4_hw/install/nav_hw_interfaces/include/nav_hw_interfaces/nav_hw_interfaces/msg/detail/waypoint__type_support.h
[0.221s] -- Up-to-date symlink: /home/abin/nav_lecture4_hw/install/nav_hw_interfaces/include/nav_hw_interfaces/nav_hw_interfaces/msg/robot_status.h
[0.221s] -- Up-to-date symlink: /home/abin/nav_lecture4_hw/install/nav_hw_interfaces/include/nav_hw_interfaces/nav_hw_interfaces/msg/rosidl_generator_c__visibility_control.h
[0.221s] -- Up-to-date symlink: /home/abin/nav_lecture4_hw/install/nav_hw_interfaces/include/nav_hw_interfaces/nav_hw_interfaces/msg/sensor_data.h
[0.221s] -- Up-to-date symlink: /home/abin/nav_lecture4_hw/install/nav_hw_interfaces/include/nav_hw_interfaces/nav_hw_interfaces/msg/waypoint.h
[0.221s] -- Up-to-date symlink: /home/abin/nav_lecture4_hw/install/nav_hw_interfaces/share/nav_hw_interfaces/environment/library_path.sh
[0.221s] -- Up-to-date symlink: /home/abin/nav_lecture4_hw/install/nav_hw_interfaces/share/nav_hw_interfaces/environment/library_path.dsv
[0.222s] -- Up-to-date symlink: /home/abin/nav_lecture4_hw/install/nav_hw_interfaces/include/nav_hw_interfaces/nav_hw_interfaces/msg/detail/robot_status__rosidl_typesupport_fastrtps_c.h
[0.222s] -- Up-to-date symlink: /home/abin/nav_lecture4_hw/install/nav_hw_interfaces/include/nav_hw_interfaces/nav_hw_interfaces/msg/detail/sensor_data__rosidl_typesupport_fastrtps_c.h
[0.222s] -- Up-to-date symlink: /home/abin/nav_lecture4_hw/install/nav_hw_interfaces/include/nav_hw_interfaces/nav_hw_interfaces/msg/detail/waypoint__rosidl_typesupport_fastrtps_c.h
[0.222s] -- Up-to-date symlink: /home/abin/nav_lecture4_hw/install/nav_hw_interfaces/include/nav_hw_interfaces/nav_hw_interfaces/msg/rosidl_typesupport_fastrtps_c__visibility_control.h
[0.222s] -- Up-to-date symlink: /home/abin/nav_lecture4_hw/install/nav_hw_interfaces/include/nav_hw_interfaces/nav_hw_interfaces/msg/detail/robot_status__rosidl_typesupport_introspection_c.h
[0.222s] -- Up-to-date symlink: /home/abin/nav_lecture4_hw/install/nav_hw_interfaces/include/nav_hw_interfaces/nav_hw_interfaces/msg/detail/sensor_data__rosidl_typesupport_introspection_c.h
[0.222s] -- Up-to-date symlink: /home/abin/nav_lecture4_hw/install/nav_hw_interfaces/include/nav_hw_interfaces/nav_hw_interfaces/msg/detail/waypoint__rosidl_typesupport_introspection_c.h
[0.223s] -- Up-to-date symlink: /home/abin/nav_lecture4_hw/install/nav_hw_interfaces/include/nav_hw_interfaces/nav_hw_interfaces/msg/rosidl_typesupport_introspection_c__visibility_control.h
[0.223s] -- Up-to-date symlink: /home/abin/nav_lecture4_hw/install/nav_hw_interfaces/include/nav_hw_interfaces/nav_hw_interfaces/msg/detail/robot_status__builder.hpp
[0.223s] -- Up-to-date symlink: /home/abin/nav_lecture4_hw/install/nav_hw_interfaces/include/nav_hw_interfaces/nav_hw_interfaces/msg/detail/robot_status__struct.hpp
[0.223s] -- Up-to-date symlink: /home/abin/nav_lecture4_hw/install/nav_hw_interfaces/include/nav_hw_interfaces/nav_hw_interfaces/msg/detail/robot_status__traits.hpp
[0.223s] -- Up-to-date symlink: /home/abin/nav_lecture4_hw/install/nav_hw_interfaces/include/nav_hw_interfaces/nav_hw_interfaces/msg/detail/robot_status__type_support.hpp
[0.223s] -- Up-to-date symlink: /home/abin/nav_lecture4_hw/install/nav_hw_interfaces/include/nav_hw_interfaces/nav_hw_interfaces/msg/detail/sensor_data__builder.hpp
[0.223s] -- Up-to-date symlink: /home/abin/nav_lecture4_hw/install/nav_hw_interfaces/include/nav_hw_interfaces/nav_hw_interfaces/msg/detail/sensor_data__struct.hpp
[0.223s] -- Up-to-date symlink: /home/abin/nav_lecture4_hw/install/nav_hw_interfaces/include/nav_hw_interfaces/nav_hw_interfaces/msg/detail/sensor_data__traits.hpp
[0.223s] -- Up-to-date symlink: /home/abin/nav_lecture4_hw/install/nav_hw_interfaces/include/nav_hw_interfaces/nav_hw_interfaces/msg/detail/sensor_data__type_support.hpp
[0.224s] -- Up-to-date symlink: /home/abin/nav_lecture4_hw/install/nav_hw_interfaces/include/nav_hw_interfaces/nav_hw_interfaces/msg/detail/waypoint__builder.hpp
[0.224s] -- Up-to-date symlink: /home/abin/nav_lecture4_hw/install/nav_hw_interfaces/include/nav_hw_interfaces/nav_hw_interfaces/msg/detail/waypoint__struct.hpp
[0.225s] -- Up-to-date symlink: /home/abin/nav_lecture4_hw/install/nav_hw_interfaces/include/nav_hw_interfaces/nav_hw_interfaces/msg/detail/waypoint__traits.hpp
[0.225s] -- Up-to-date symlink: /home/abin/nav_lecture4_hw/install/nav_hw_interfaces/include/nav_hw_interfaces/nav_hw_interfaces/msg/detail/waypoint__type_support.hpp
[0.225s] -- Up-to-date symlink: /home/abin/nav_lecture4_hw/install/nav_hw_interfaces/include/nav_hw_interfaces/nav_hw_interfaces/msg/robot_status.hpp
[0.225s] -- Up-to-date symlink: /home/abin/nav_lecture4_hw/install/nav_hw_interfaces/include/nav_hw_interfaces/nav_hw_interfaces/msg/rosidl_generator_cpp__visibility_control.hpp
[0.225s] -- Up-to-date symlink: /home/abin/nav_lecture4_hw/install/nav_hw_interfaces/include/nav_hw_interfaces/nav_hw_interfaces/msg/sensor_data.hpp
[0.225s] -- Up-to-date symlink: /home/abin/nav_lecture4_hw/install/nav_hw_interfaces/include/nav_hw_interfaces/nav_hw_interfaces/msg/waypoint.hpp
[0.225s] -- Up-to-date symlink: /home/abin/nav_lecture4_hw/install/nav_hw_interfaces/include/nav_hw_interfaces/nav_hw_interfaces/msg/detail/robot_status__rosidl_typesupport_fastrtps_cpp.hpp
[0.226s] -- Up-to-date symlink: /home/abin/nav_lecture4_hw/install/nav_hw_interfaces/include/nav_hw_interfaces/nav_hw_interfaces/msg/detail/sensor_data__rosidl_typesupport_fastrtps_cpp.hpp
[0.226s] -- Up-to-date symlink: /home/abin/nav_lecture4_hw/install/nav_hw_interfaces/include/nav_hw_interfaces/nav_hw_interfaces/msg/detail/waypoint__rosidl_typesupport_fastrtps_cpp.hpp
[0.226s] -- Up-to-date symlink: /home/abin/nav_lecture4_hw/install/nav_hw_interfaces/include/nav_hw_interfaces/nav_hw_interfaces/msg/rosidl_typesupport_fastrtps_cpp__visibility_control.h
[0.227s] -- Up-to-date symlink: /home/abin/nav_lecture4_hw/install/nav_hw_interfaces/include/nav_hw_interfaces/nav_hw_interfaces/msg/detail/robot_status__rosidl_typesupport_introspection_cpp.hpp
[0.227s] -- Up-to-date symlink: /home/abin/nav_lecture4_hw/install/nav_hw_interfaces/include/nav_hw_interfaces/nav_hw_interfaces/msg/detail/sensor_data__rosidl_typesupport_introspection_cpp.hpp
[0.227s] -- Up-to-date symlink: /home/abin/nav_lecture4_hw/install/nav_hw_interfaces/include/nav_hw_interfaces/nav_hw_interfaces/msg/detail/waypoint__rosidl_typesupport_introspection_cpp.hpp
[0.227s] -- Up-to-date symlink: /home/abin/nav_lecture4_hw/install/nav_hw_interfaces/share/nav_hw_interfaces/environment/pythonpath.sh
[0.227s] -- Up-to-date symlink: /home/abin/nav_lecture4_hw/install/nav_hw_interfaces/share/nav_hw_interfaces/environment/pythonpath.dsv
[0.227s] -- Up-to-date symlink: /home/abin/nav_lecture4_hw/install/nav_hw_interfaces/local/lib/python3.10/dist-packages/nav_hw_interfaces-0.0.0-py3.10.egg-info/PKG-INFO
[0.227s] -- Up-to-date symlink: /home/abin/nav_lecture4_hw/install/nav_hw_interfaces/local/lib/python3.10/dist-packages/nav_hw_interfaces-0.0.0-py3.10.egg-info/SOURCES.txt
[0.227s] -- Up-to-date symlink: /home/abin/nav_lecture4_hw/install/nav_hw_interfaces/local/lib/python3.10/dist-packages/nav_hw_interfaces-0.0.0-py3.10.egg-info/dependency_links.txt
[0.227s] -- Up-to-date symlink: /home/abin/nav_lecture4_hw/install/nav_hw_interfaces/local/lib/python3.10/dist-packages/nav_hw_interfaces-0.0.0-py3.10.egg-info/top_level.txt
[0.227s] -- Up-to-date symlink: /home/abin/nav_lecture4_hw/install/nav_hw_interfaces/local/lib/python3.10/dist-packages/nav_hw_interfaces/__init__.py
[0.228s] -- Up-to-date symlink: /home/abin/nav_lecture4_hw/install/nav_hw_interfaces/local/lib/python3.10/dist-packages/nav_hw_interfaces/_nav_hw_interfaces_s.ep.rosidl_typesupport_c.c
[0.228s] -- Up-to-date symlink: /home/abin/nav_lecture4_hw/install/nav_hw_interfaces/local/lib/python3.10/dist-packages/nav_hw_interfaces/_nav_hw_interfaces_s.ep.rosidl_typesupport_fastrtps_c.c
[0.228s] -- Up-to-date symlink: /home/abin/nav_lecture4_hw/install/nav_hw_interfaces/local/lib/python3.10/dist-packages/nav_hw_interfaces/_nav_hw_interfaces_s.ep.rosidl_typesupport_introspection_c.c
[0.228s] -- Up-to-date symlink: /home/abin/nav_lecture4_hw/install/nav_hw_interfaces/local/lib/python3.10/dist-packages/nav_hw_interfaces/libnav_hw_interfaces__rosidl_generator_py.so
[0.228s] -- Up-to-date symlink: /home/abin/nav_lecture4_hw/install/nav_hw_interfaces/local/lib/python3.10/dist-packages/nav_hw_interfaces/msg/__init__.py
[0.228s] -- Up-to-date symlink: /home/abin/nav_lecture4_hw/install/nav_hw_interfaces/local/lib/python3.10/dist-packages/nav_hw_interfaces/msg/_robot_status.py
[0.228s] -- Up-to-date symlink: /home/abin/nav_lecture4_hw/install/nav_hw_interfaces/local/lib/python3.10/dist-packages/nav_hw_interfaces/msg/_robot_status_s.c
[0.228s] -- Up-to-date symlink: /home/abin/nav_lecture4_hw/install/nav_hw_interfaces/local/lib/python3.10/dist-packages/nav_hw_interfaces/msg/_sensor_data.py
[0.228s] -- Up-to-date symlink: /home/abin/nav_lecture4_hw/install/nav_hw_interfaces/local/lib/python3.10/dist-packages/nav_hw_interfaces/msg/_sensor_data_s.c
[0.228s] -- Up-to-date symlink: /home/abin/nav_lecture4_hw/install/nav_hw_interfaces/local/lib/python3.10/dist-packages/nav_hw_interfaces/msg/_waypoint.py
[0.228s] -- Up-to-date symlink: /home/abin/nav_lecture4_hw/install/nav_hw_interfaces/local/lib/python3.10/dist-packages/nav_hw_interfaces/msg/_waypoint_s.c
[0.228s] -- Up-to-date symlink: /home/abin/nav_lecture4_hw/install/nav_hw_interfaces/local/lib/python3.10/dist-packages/nav_hw_interfaces/nav_hw_interfaces_s__rosidl_typesupport_c.cpython-310-x86_64-linux-gnu.so
[0.228s] -- Up-to-date symlink: /home/abin/nav_lecture4_hw/install/nav_hw_interfaces/local/lib/python3.10/dist-packages/nav_hw_interfaces/nav_hw_interfaces_s__rosidl_typesupport_fastrtps_c.cpython-310-x86_64-linux-gnu.so
[0.228s] -- Up-to-date symlink: /home/abin/nav_lecture4_hw/install/nav_hw_interfaces/local/lib/python3.10/dist-packages/nav_hw_interfaces/nav_hw_interfaces_s__rosidl_typesupport_introspection_c.cpython-310-x86_64-linux-gnu.so
[0.228s] -- Up-to-date symlink: /home/abin/nav_lecture4_hw/install/nav_hw_interfaces/local/lib/python3.10/dist-packages/nav_hw_interfaces/nav_hw_interfaces_s__rosidl_typesupport_fastrtps_c.cpython-310-x86_64-linux-gnu.so
[0.228s] -- Up-to-date symlink: /home/abin/nav_lecture4_hw/install/nav_hw_interfaces/local/lib/python3.10/dist-packages/nav_hw_interfaces/nav_hw_interfaces_s__rosidl_typesupport_introspection_c.cpython-310-x86_64-linux-gnu.so
[0.228s] -- Up-to-date symlink: /home/abin/nav_lecture4_hw/install/nav_hw_interfaces/local/lib/python3.10/dist-packages/nav_hw_interfaces/nav_hw_interfaces_s__rosidl_typesupport_c.cpython-310-x86_64-linux-gnu.so
[0.228s] -- Up-to-date symlink: /home/abin/nav_lecture4_hw/install/nav_hw_interfaces/share/ament_index/resource_index/rust_packages/nav_hw_interfaces
[0.228s] -- Up-to-date symlink: /home/abin/nav_lecture4_hw/install/nav_hw_interfaces/share/nav_hw_interfaces/rust/Cargo.toml
[0.228s] -- Up-to-date symlink: /home/abin/nav_lecture4_hw/install/nav_hw_interfaces/share/nav_hw_interfaces/rust/build.rs
[0.228s] -- Up-to-date symlink: /home/abin/nav_lecture4_hw/install/nav_hw_interfaces/share/nav_hw_interfaces/rust/src/lib.rs
[0.228s] -- Up-to-date symlink: /home/abin/nav_lecture4_hw/install/nav_hw_interfaces/share/nav_hw_interfaces/rust/src/msg.rs
[0.228s] -- Up-to-date symlink: /home/abin/nav_lecture4_hw/install/nav_hw_interfaces/share/nav_hw_interfaces/rust/src/msg/rmw.rs
[0.228s] -- Up-to-date symlink: /home/abin/nav_lecture4_hw/install/nav_hw_interfaces/share/nav_hw_interfaces/msg/RobotStatus.idl
[0.228s] -- Up-to-date symlink: /home/abin/nav_lecture4_hw/install/nav_hw_interfaces/share/nav_hw_interfaces/msg/SensorData.idl
[0.228s] -- Up-to-date symlink: /home/abin/nav_lecture4_hw/install/nav_hw_interfaces/share/nav_hw_interfaces/msg/Waypoint.idl
[0.228s] -- Up-to-date symlink: /home/abin/nav_lecture4_hw/install/nav_hw_interfaces/share/nav_hw_interfaces/msg/RobotStatus.msg
[0.228s] -- Up-to-date symlink: /home/abin/nav_lecture4_hw/install/nav_hw_interfaces/share/nav_hw_interfaces/msg/SensorData.msg
[0.228s] -- Up-to-date symlink: /home/abin/nav_lecture4_hw/install/nav_hw_interfaces/share/nav_hw_interfaces/msg/Waypoint.msg
[0.228s] -- Up-to-date symlink: /home/abin/nav_lecture4_hw/install/nav_hw_interfaces/share/ament_index/resource_index/package_run_dependencies/nav_hw_interfaces
[0.228s] -- Up-to-date symlink: /home/abin/nav_lecture4_hw/install/nav_hw_interfaces/share/ament_index/resource_index/parent_prefix_path/nav_hw_interfaces
[0.228s] -- Up-to-date symlink: /home/abin/nav_lecture4_hw/install/nav_hw_interfaces/share/nav_hw_interfaces/environment/ament_prefix_path.sh
[0.228s] -- Up-to-date symlink: /home/abin/nav_lecture4_hw/install/nav_hw_interfaces/share/nav_hw_interfaces/environment/ament_prefix_path.dsv
[0.229s] -- Up-to-date symlink: /home/abin/nav_lecture4_hw/install/nav_hw_interfaces/share/nav_hw_interfaces/environment/path.sh
[0.229s] -- Up-to-date symlink: /home/abin/nav_lecture4_hw/install/nav_hw_interfaces/share/nav_hw_interfaces/environment/path.dsv
[0.229s] -- Up-to-date symlink: /home/abin/nav_lecture4_hw/install/nav_hw_interfaces/share/nav_hw_interfaces/local_setup.bash
[0.229s] -- Up-to-date symlink: /home/abin/nav_lecture4_hw/install/nav_hw_interfaces/share/nav_hw_interfaces/local_setup.sh
[0.229s] -- Up-to-date symlink: /home/abin/nav_lecture4_hw/install/nav_hw_interfaces/share/nav_hw_interfaces/local_setup.zsh
[0.229s] -- Up-to-date symlink: /home/abin/nav_lecture4_hw/install/nav_hw_interfaces/share/nav_hw_interfaces/local_setup.dsv
[0.229s] -- Symlinking: /home/abin/nav_lecture4_hw/install/nav_hw_interfaces/share/nav_hw_interfaces/package.dsv
[0.234s] -- Up-to-date symlink: /home/abin/nav_lecture4_hw/install/nav_hw_interfaces/share/ament_index/resource_index/packages/nav_hw_interfaces
[0.234s] -- Up-to-date symlink: /home/abin/nav_lecture4_hw/install/nav_hw_interfaces/share/nav_hw_interfaces/cmake/rosidl_cmake-extras.cmake
[0.234s] -- Up-to-date symlink: /home/abin/nav_lecture4_hw/install/nav_hw_interfaces/share/nav_hw_interfaces/cmake/ament_cmake_export_dependencies-extras.cmake
[0.234s] -- Up-to-date symlink: /home/abin/nav_lecture4_hw/install/nav_hw_interfaces/share/nav_hw_interfaces/cmake/ament_cmake_export_include_directories-extras.cmake
[0.234s] -- Up-to-date symlink: /home/abin/nav_lecture4_hw/install/nav_hw_interfaces/share/nav_hw_interfaces/cmake/ament_cmake_export_libraries-extras.cmake
[0.235s] -- Up-to-date symlink: /home/abin/nav_lecture4_hw/install/nav_hw_interfaces/share/nav_hw_interfaces/cmake/ament_cmake_export_targets-extras.cmake
[0.235s] -- Up-to-date symlink: /home/abin/nav_lecture4_hw/install/nav_hw_interfaces/share/nav_hw_interfaces/cmake/rosidl_cmake_export_typesupport_targets-extras.cmake
[0.235s] -- Up-to-date symlink: /home/abin/nav_lecture4_hw/install/nav_hw_interfaces/share/nav_hw_interfaces/cmake/rosidl_cmake_export_typesupport_libraries-extras.cmake
[0.235s] -- Up-to-date symlink: /home/abin/nav_lecture4_hw/install/nav_hw_interfaces/share/nav_hw_interfaces/cmake/rosidl_cmake_aggregate_target-extras.cmake
[0.235s] -- Up-to-date symlink: /home/abin/nav_lecture4_hw/install/nav_hw_interfaces/share/nav_hw_interfaces/cmake/nav_hw_interfacesConfig.cmake
[0.235s] -- Up-to-date symlink: /home/abin/nav_lecture4_hw/install/nav_hw_interfaces/share/nav_hw_interfaces/cmake/nav_hw_interfacesConfig-version.cmake
[0.235s] -- Up-to-date symlink: /home/abin/nav_lecture4_hw/install/nav_hw_interfaces/share/nav_hw_interfaces/package.xml
[0.235s] -- Up-to-date: /home/abin/nav_lecture4_hw/install/nav_hw_interfaces/lib/libnav_hw_interfaces__rosidl_generator_c.so
[0.236s] -- Up-to-date: /home/abin/nav_lecture4_hw/install/nav_hw_interfaces/lib/libnav_hw_interfaces__rosidl_typesupport_fastrtps_c.so
[0.236s] -- Up-to-date: /home/abin/nav_lecture4_hw/install/nav_hw_interfaces/lib/libnav_hw_interfaces__rosidl_typesupport_introspection_c.so
[0.236s] -- Up-to-date: /home/abin/nav_lecture4_hw/install/nav_hw_interfaces/lib/libnav_hw_interfaces__rosidl_typesupport_c.so
[0.236s] -- Up-to-date: /home/abin/nav_lecture4_hw/install/nav_hw_interfaces/lib/libnav_hw_interfaces__rosidl_typesupport_fastrtps_cpp.so
[0.236s] -- Up-to-date: /home/abin/nav_lecture4_hw/install/nav_hw_interfaces/lib/libnav_hw_interfaces__rosidl_typesupport_introspection_cpp.so
[0.236s] -- Up-to-date: /home/abin/nav_lecture4_hw/install/nav_hw_interfaces/lib/libnav_hw_interfaces__rosidl_typesupport_cpp.so
[0.256s] Listing '/home/abin/nav_lecture4_hw/install/nav_hw_interfaces/local/lib/python3.10/dist-packages/nav_hw_interfaces'...
[0.256s] Listing '/home/abin/nav_lecture4_hw/install/nav_hw_interfaces/local/lib/python3.10/dist-packages/nav_hw_interfaces/msg'...
[0.259s] -- Up-to-date: /home/abin/nav_lecture4_hw/install/nav_hw_interfaces/lib/libnav_hw_interfaces__rosidl_generator_py.so
[0.260s] -- Up-to-date: /home/abin/nav_lecture4_hw/install/nav_hw_interfaces/share/nav_hw_interfaces/cmake/export_nav_hw_interfaces__rosidl_generator_cExport.cmake
[0.260s] -- Up-to-date: /home/abin/nav_lecture4_hw/install/nav_hw_interfaces/share/nav_hw_interfaces/cmake/export_nav_hw_interfaces__rosidl_generator_cExport-noconfig.cmake
[0.260s] -- Up-to-date: /home/abin/nav_lecture4_hw/install/nav_hw_interfaces/share/nav_hw_interfaces/cmake/export_nav_hw_interfaces__rosidl_typesupport_fastrtps_cExport.cmake
[0.260s] -- Up-to-date: /home/abin/nav_lecture4_hw/install/nav_hw_interfaces/share/nav_hw_interfaces/cmake/export_nav_hw_interfaces__rosidl_typesupport_fastrtps_cExport-noconfig.cmake
[0.260s] -- Up-to-date: /home/abin/nav_lecture4_hw/install/nav_hw_interfaces/share/nav_hw_interfaces/cmake/nav_hw_interfaces__rosidl_typesupport_introspection_cExport.cmake
[0.260s] -- Up-to-date: /home/abin/nav_lecture4_hw/install/nav_hw_interfaces/share/nav_hw_interfaces/cmake/nav_hw_interfaces__rosidl_typesupport_introspection_cExport-noconfig.cmake
[0.260s] -- Up-to-date: /home/abin/nav_lecture4_hw/install/nav_hw_interfaces/share/nav_hw_interfaces/cmake/nav_hw_interfaces__rosidl_typesupport_cExport.cmake
[0.260s] -- Up-to-date: /home/abin/nav_lecture4_hw/install/nav_hw_interfaces/share/nav_hw_interfaces/cmake/nav_hw_interfaces__rosidl_typesupport_cExport-noconfig.cmake
[0.260s] -- Up-to-date: /home/abin/nav_lecture4_hw/install/nav_hw_interfaces/share/nav_hw_interfaces/cmake/export_nav_hw_interfaces__rosidl_generator_cppExport.cmake
[0.260s] -- Up-to-date: /home/abin/nav_lecture4_hw/install/nav_hw_interfaces/share/nav_hw_interfaces/cmake/export_nav_hw_interfaces__rosidl_typesupport_fastrtps_cppExport.cmake
[0.260s] -- Up-to-date: /home/abin/nav_lecture4_hw/install/nav_hw_interfaces/share/nav_hw_interfaces/cmake/export_nav_hw_interfaces__rosidl_typesupport_fastrtps_cppExport-noconfig.cmake
[0.260s] -- Up-to-date: /home/abin/nav_lecture4_hw/install/nav_hw_interfaces/share/nav_hw_interfaces/cmake/nav_hw_interfaces__rosidl_typesupport_introspection_cppExport.cmake
[0.260s] -- Up-to-date: /home/abin/nav_lecture4_hw/install/nav_hw_interfaces/share/nav_hw_interfaces/cmake/nav_hw_interfaces__rosidl_typesupport_introspection_cppExport-noconfig.cmake
[0.260s] -- Up-to-date: /home/abin/nav_lecture4_hw/install/nav_hw_interfaces/share/nav_hw_interfaces/cmake/nav_hw_interfaces__rosidl_typesupport_cppExport.cmake
[0.260s] -- Up-to-date: /home/abin/nav_lecture4_hw/install/nav_hw_interfaces/share/nav_hw_interfaces/cmake/nav_hw_interfaces__rosidl_typesupport_cppExport-noconfig.cmake
[0.260s] -- Up-to-date: /home/abin/nav_lecture4_hw/install/nav_hw_interfaces/share/nav_hw_interfaces/cmake/export_nav_hw_interfaces__rosidl_generator_pyExport.cmake
[0.260s] -- Up-to-date: /home/abin/nav_lecture4_hw/install/nav_hw_interfaces/share/nav_hw_interfaces/cmake/export_nav_hw_interfaces__rosidl_generator_pyExport-noconfig.cmake
[0.261s] Invoked command in '/home/abin/nav_lecture4_hw/build/nav_hw_interfaces' returned '0': CMAKE_PREFIX_PATH=/opt/ros/humble /usr/bin/cmake --install /home/abin/nav_lecture4_hw/build/nav_hw_interfaces
