[0.012s] Invoking command in '/home/abin/nav_lecture4_hw/build/nav_hw_interfaces': CMAKE_PREFIX_PATH=${CMAKE_PREFIX_PATH}:/opt/ros/humble /usr/bin/cmake --build /home/abin/nav_lecture4_hw/build/nav_hw_interfaces -- -j24 -l24
[0.068s] -- Found ament_cmake: 1.3.14 (/opt/ros/humble/share/ament_cmake/cmake)
[0.158s] -- Override CMake install command with custom implementation using symlinks instead of copying resources
[0.174s] -- Found rosidl_default_generators: 1.2.1 (/opt/ros/humble/share/rosidl_default_generators/cmake)
[0.176s] -- Using all available rosidl_typesupport_c: rosidl_typesupport_fastrtps_c;rosidl_typesupport_introspection_c
[0.179s] -- Found rosidl_adapter: 3.1.9 (/opt/ros/humble/share/rosidl_adapter/cmake)
[0.724s] -- Using all available rosidl_typesupport_cpp: rosidl_typesupport_fastrtps_cpp;rosidl_typesupport_introspection_cpp
[0.753s] -- Found std_msgs: 4.9.1 (/opt/ros/humble/share/std_msgs/cmake)
[0.944s] -- Found ament_cmake_ros: 0.10.0 (/opt/ros/humble/share/ament_cmake_ros/cmake)
[1.082s] -- Using all available rosidl_typesupport_c: rosidl_typesupport_fastrtps_c;rosidl_typesupport_introspection_c
[1.257s] -- Using all available rosidl_typesupport_cpp: rosidl_typesupport_fastrtps_cpp;rosidl_typesupport_introspection_cpp
[1.274s] -- Found python_cmake_module: 0.10.0 (/opt/ros/humble/share/python_cmake_module/cmake)
[1.290s] -- Using PYTHON_EXECUTABLE: /usr/bin/python3
[1.290s] -- Using PYTHON_INCLUDE_DIRS: /usr/include/python3.10
[1.290s] -- Using PYTHON_LIBRARIES: /usr/lib/x86_64-linux-gnu/libpython3.10.so
[1.367s] -- Configuring done
[1.413s] -- Generating done
[1.424s] -- Build files have been written to: /home/abin/nav_lecture4_hw/build/nav_hw_interfaces
[1.450s] [  3%] Built target nav_hw_interfaces__cpp
[1.451s] [  6%] Built target nav_hw_interfaces__rs
[1.451s] [35m[1mConsolidate compiler generated dependencies of target nav_hw_interfaces__rosidl_generator_c[0m
[1.456s] [  6%] Built target ament_cmake_python_symlink_nav_hw_interfaces
[1.456s] [35m[1mConsolidate compiler generated dependencies of target nav_hw_interfaces__rosidl_typesupport_introspection_cpp[0m
[1.457s] [35m[1mConsolidate compiler generated dependencies of target nav_hw_interfaces__rosidl_typesupport_cpp[0m
[1.458s] [  9%] [32mBuilding C object CMakeFiles/nav_hw_interfaces__rosidl_generator_c.dir/rosidl_generator_c/nav_hw_interfaces/msg/detail/sensor_data__functions.c.o[0m
[1.461s] [35m[1mConsolidate compiler generated dependencies of target nav_hw_interfaces__rosidl_typesupport_fastrtps_cpp[0m
[1.463s] [ 12%] [32m[1mLinking CXX shared library libnav_hw_interfaces__rosidl_typesupport_introspection_cpp.so[0m
[1.464s] [ 15%] [32m[1mLinking CXX shared library libnav_hw_interfaces__rosidl_typesupport_cpp.so[0m
[1.468s] [ 18%] [32mBuilding CXX object CMakeFiles/nav_hw_interfaces__rosidl_typesupport_fastrtps_cpp.dir/rosidl_typesupport_fastrtps_cpp/nav_hw_interfaces/msg/detail/dds_fastrtps/sensor_data__type_support.cpp.o[0m
[1.551s] [ 21%] [32m[1mLinking C shared library libnav_hw_interfaces__rosidl_generator_c.so[0m
[1.606s] running egg_info
[1.607s] writing nav_hw_interfaces.egg-info/PKG-INFO
[1.607s] writing dependency_links to nav_hw_interfaces.egg-info/dependency_links.txt
[1.607s] writing top-level names to nav_hw_interfaces.egg-info/top_level.txt
[1.609s] reading manifest file 'nav_hw_interfaces.egg-info/SOURCES.txt'
[1.610s] writing manifest file 'nav_hw_interfaces.egg-info/SOURCES.txt'
[1.627s] [ 21%] Built target ament_cmake_python_build_nav_hw_interfaces_egg
[1.810s] [ 25%] [32m[1mLinking CXX shared library libnav_hw_interfaces__rosidl_typesupport_fastrtps_cpp.so[0m
[2.061s] [ 31%] Built target nav_hw_interfaces__rosidl_typesupport_cpp
[2.182s] [ 37%] Built target nav_hw_interfaces__rosidl_typesupport_introspection_cpp
[2.354s] [ 40%] Built target nav_hw_interfaces__rosidl_generator_c
[2.361s] [35m[1mConsolidate compiler generated dependencies of target nav_hw_interfaces__rosidl_typesupport_c[0m
[2.361s] [35m[1mConsolidate compiler generated dependencies of target nav_hw_interfaces__rosidl_typesupport_introspection_c[0m
[2.361s] [35m[1mConsolidate compiler generated dependencies of target nav_hw_interfaces__rosidl_typesupport_fastrtps_c[0m
[2.367s] [ 43%] [32mBuilding C object CMakeFiles/nav_hw_interfaces__rosidl_typesupport_introspection_c.dir/rosidl_typesupport_introspection_c/nav_hw_interfaces/msg/detail/sensor_data__type_support.c.o[0m
[2.368s] [ 50%] [32mBuilding CXX object CMakeFiles/nav_hw_interfaces__rosidl_typesupport_fastrtps_c.dir/rosidl_typesupport_fastrtps_c/nav_hw_interfaces/msg/detail/sensor_data__type_support_c.cpp.o[0m
[2.368s] [ 50%] [32mBuilding CXX object CMakeFiles/nav_hw_interfaces__rosidl_typesupport_c.dir/rosidl_typesupport_c/nav_hw_interfaces/msg/sensor_data__type_support.cpp.o[0m
[2.388s] [ 53%] [32m[1mLinking CXX shared library libnav_hw_interfaces__rosidl_typesupport_c.so[0m
[2.391s] [ 56%] [32m[1mLinking C shared library libnav_hw_interfaces__rosidl_typesupport_introspection_c.so[0m
[2.565s] [ 59%] [32m[1mLinking CXX shared library libnav_hw_interfaces__rosidl_typesupport_fastrtps_c.so[0m
[2.591s] [ 62%] Built target nav_hw_interfaces__rosidl_typesupport_fastrtps_cpp
[2.850s] [ 65%] Built target nav_hw_interfaces__rosidl_typesupport_introspection_c
[2.858s] [ 68%] Built target nav_hw_interfaces__rosidl_typesupport_c
[3.030s] [ 71%] Built target nav_hw_interfaces__rosidl_typesupport_fastrtps_c
[3.043s] [ 71%] Built target nav_hw_interfaces
[3.055s] [ 75%] Built target nav_hw_interfaces__py
[3.062s] [35m[1mConsolidate compiler generated dependencies of target nav_hw_interfaces__rosidl_generator_py[0m
[3.069s] [ 78%] [32mBuilding C object CMakeFiles/nav_hw_interfaces__rosidl_generator_py.dir/rosidl_generator_py/nav_hw_interfaces/msg/_sensor_data_s.c.o[0m
[3.159s] [ 81%] [32m[1mLinking C shared library rosidl_generator_py/nav_hw_interfaces/libnav_hw_interfaces__rosidl_generator_py.so[0m
[3.485s] [ 81%] Built target nav_hw_interfaces__rosidl_generator_py
[3.491s] [35m[1mConsolidate compiler generated dependencies of target nav_hw_interfaces__rosidl_typesupport_introspection_c__pyext[0m
[3.491s] [35m[1mConsolidate compiler generated dependencies of target nav_hw_interfaces__rosidl_typesupport_c__pyext[0m
[3.491s] [35m[1mConsolidate compiler generated dependencies of target nav_hw_interfaces__rosidl_typesupport_fastrtps_c__pyext[0m
[3.499s] [ 87%] [32mBuilding C object CMakeFiles/nav_hw_interfaces__rosidl_typesupport_c__pyext.dir/rosidl_generator_py/nav_hw_interfaces/_nav_hw_interfaces_s.ep.rosidl_typesupport_c.c.o[0m
[3.499s] [ 87%] [32mBuilding C object CMakeFiles/nav_hw_interfaces__rosidl_typesupport_fastrtps_c__pyext.dir/rosidl_generator_py/nav_hw_interfaces/_nav_hw_interfaces_s.ep.rosidl_typesupport_fastrtps_c.c.o[0m
[3.499s] [ 90%] [32mBuilding C object CMakeFiles/nav_hw_interfaces__rosidl_typesupport_introspection_c__pyext.dir/rosidl_generator_py/nav_hw_interfaces/_nav_hw_interfaces_s.ep.rosidl_typesupport_introspection_c.c.o[0m
[3.559s] [ 96%] [32m[1mLinking C shared library rosidl_generator_py/nav_hw_interfaces/nav_hw_interfaces_s__rosidl_typesupport_fastrtps_c.cpython-310-x86_64-linux-gnu.so[0m
[3.559s] [ 96%] [32m[1mLinking C shared library rosidl_generator_py/nav_hw_interfaces/nav_hw_interfaces_s__rosidl_typesupport_introspection_c.cpython-310-x86_64-linux-gnu.so[0m
[3.560s] [100%] [32m[1mLinking C shared library rosidl_generator_py/nav_hw_interfaces/nav_hw_interfaces_s__rosidl_typesupport_c.cpython-310-x86_64-linux-gnu.so[0m
[3.890s] [100%] Built target nav_hw_interfaces__rosidl_typesupport_fastrtps_c__pyext
[3.890s] [100%] Built target nav_hw_interfaces__rosidl_typesupport_introspection_c__pyext
[3.890s] [100%] Built target nav_hw_interfaces__rosidl_typesupport_c__pyext
[3.903s] Invoked command in '/home/abin/nav_lecture4_hw/build/nav_hw_interfaces' returned '0': CMAKE_PREFIX_PATH=${CMAKE_PREFIX_PATH}:/opt/ros/humble /usr/bin/cmake --build /home/abin/nav_lecture4_hw/build/nav_hw_interfaces -- -j24 -l24
[3.908s] Invoking command in '/home/abin/nav_lecture4_hw/build/nav_hw_interfaces': CMAKE_PREFIX_PATH=${CMAKE_PREFIX_PATH}:/opt/ros/humble /usr/bin/cmake --install /home/abin/nav_lecture4_hw/build/nav_hw_interfaces
[3.912s] -- Install configuration: ""
[3.913s] -- Execute custom install script
[3.913s] -- Up-to-date symlink: /home/abin/nav_lecture4_hw/install/nav_hw_interfaces/share/ament_index/resource_index/rosidl_interfaces/nav_hw_interfaces
[3.913s] -- Up-to-date symlink: /home/abin/nav_lecture4_hw/install/nav_hw_interfaces/include/nav_hw_interfaces/nav_hw_interfaces/msg/detail/robot_status__functions.h
[3.913s] -- Up-to-date symlink: /home/abin/nav_lecture4_hw/install/nav_hw_interfaces/include/nav_hw_interfaces/nav_hw_interfaces/msg/detail/robot_status__struct.h
[3.914s] -- Up-to-date symlink: /home/abin/nav_lecture4_hw/install/nav_hw_interfaces/include/nav_hw_interfaces/nav_hw_interfaces/msg/detail/robot_status__type_support.h
[3.914s] -- Up-to-date symlink: /home/abin/nav_lecture4_hw/install/nav_hw_interfaces/include/nav_hw_interfaces/nav_hw_interfaces/msg/detail/sensor_data__functions.h
[3.914s] -- Up-to-date symlink: /home/abin/nav_lecture4_hw/install/nav_hw_interfaces/include/nav_hw_interfaces/nav_hw_interfaces/msg/detail/sensor_data__struct.h
[3.914s] -- Up-to-date symlink: /home/abin/nav_lecture4_hw/install/nav_hw_interfaces/include/nav_hw_interfaces/nav_hw_interfaces/msg/detail/sensor_data__type_support.h
[3.914s] -- Up-to-date symlink: /home/abin/nav_lecture4_hw/install/nav_hw_interfaces/include/nav_hw_interfaces/nav_hw_interfaces/msg/detail/waypoint__functions.h
[3.914s] -- Up-to-date symlink: /home/abin/nav_lecture4_hw/install/nav_hw_interfaces/include/nav_hw_interfaces/nav_hw_interfaces/msg/detail/waypoint__struct.h
[3.914s] -- Up-to-date symlink: /home/abin/nav_lecture4_hw/install/nav_hw_interfaces/include/nav_hw_interfaces/nav_hw_interfaces/msg/detail/waypoint__type_support.h
[3.914s] -- Up-to-date symlink: /home/abin/nav_lecture4_hw/install/nav_hw_interfaces/include/nav_hw_interfaces/nav_hw_interfaces/msg/robot_status.h
[3.914s] -- Up-to-date symlink: /home/abin/nav_lecture4_hw/install/nav_hw_interfaces/include/nav_hw_interfaces/nav_hw_interfaces/msg/rosidl_generator_c__visibility_control.h
[3.914s] -- Up-to-date symlink: /home/abin/nav_lecture4_hw/install/nav_hw_interfaces/include/nav_hw_interfaces/nav_hw_interfaces/msg/sensor_data.h
[3.914s] -- Up-to-date symlink: /home/abin/nav_lecture4_hw/install/nav_hw_interfaces/include/nav_hw_interfaces/nav_hw_interfaces/msg/waypoint.h
[3.915s] -- Up-to-date symlink: /home/abin/nav_lecture4_hw/install/nav_hw_interfaces/share/nav_hw_interfaces/environment/library_path.sh
[3.916s] -- Up-to-date symlink: /home/abin/nav_lecture4_hw/install/nav_hw_interfaces/share/nav_hw_interfaces/environment/library_path.dsv
[3.916s] -- Up-to-date symlink: /home/abin/nav_lecture4_hw/install/nav_hw_interfaces/include/nav_hw_interfaces/nav_hw_interfaces/msg/detail/robot_status__rosidl_typesupport_fastrtps_c.h
[3.916s] -- Up-to-date symlink: /home/abin/nav_lecture4_hw/install/nav_hw_interfaces/include/nav_hw_interfaces/nav_hw_interfaces/msg/detail/sensor_data__rosidl_typesupport_fastrtps_c.h
[3.916s] -- Up-to-date symlink: /home/abin/nav_lecture4_hw/install/nav_hw_interfaces/include/nav_hw_interfaces/nav_hw_interfaces/msg/detail/waypoint__rosidl_typesupport_fastrtps_c.h
[3.916s] -- Up-to-date symlink: /home/abin/nav_lecture4_hw/install/nav_hw_interfaces/include/nav_hw_interfaces/nav_hw_interfaces/msg/rosidl_typesupport_fastrtps_c__visibility_control.h
[3.916s] -- Up-to-date symlink: /home/abin/nav_lecture4_hw/install/nav_hw_interfaces/include/nav_hw_interfaces/nav_hw_interfaces/msg/detail/robot_status__rosidl_typesupport_introspection_c.h
[3.916s] -- Up-to-date symlink: /home/abin/nav_lecture4_hw/install/nav_hw_interfaces/include/nav_hw_interfaces/nav_hw_interfaces/msg/detail/sensor_data__rosidl_typesupport_introspection_c.h
[3.916s] -- Up-to-date symlink: /home/abin/nav_lecture4_hw/install/nav_hw_interfaces/include/nav_hw_interfaces/nav_hw_interfaces/msg/detail/waypoint__rosidl_typesupport_introspection_c.h
[3.916s] -- Up-to-date symlink: /home/abin/nav_lecture4_hw/install/nav_hw_interfaces/include/nav_hw_interfaces/nav_hw_interfaces/msg/rosidl_typesupport_introspection_c__visibility_control.h
[3.917s] -- Up-to-date symlink: /home/abin/nav_lecture4_hw/install/nav_hw_interfaces/include/nav_hw_interfaces/nav_hw_interfaces/msg/detail/robot_status__builder.hpp
[3.917s] -- Up-to-date symlink: /home/abin/nav_lecture4_hw/install/nav_hw_interfaces/include/nav_hw_interfaces/nav_hw_interfaces/msg/detail/robot_status__struct.hpp
[3.917s] -- Up-to-date symlink: /home/abin/nav_lecture4_hw/install/nav_hw_interfaces/include/nav_hw_interfaces/nav_hw_interfaces/msg/detail/robot_status__traits.hpp
[3.917s] -- Up-to-date symlink: /home/abin/nav_lecture4_hw/install/nav_hw_interfaces/include/nav_hw_interfaces/nav_hw_interfaces/msg/detail/robot_status__type_support.hpp
[3.917s] -- Up-to-date symlink: /home/abin/nav_lecture4_hw/install/nav_hw_interfaces/include/nav_hw_interfaces/nav_hw_interfaces/msg/detail/sensor_data__builder.hpp
[3.917s] -- Up-to-date symlink: /home/abin/nav_lecture4_hw/install/nav_hw_interfaces/include/nav_hw_interfaces/nav_hw_interfaces/msg/detail/sensor_data__struct.hpp
[3.917s] -- Up-to-date symlink: /home/abin/nav_lecture4_hw/install/nav_hw_interfaces/include/nav_hw_interfaces/nav_hw_interfaces/msg/detail/sensor_data__traits.hpp
[3.917s] -- Up-to-date symlink: /home/abin/nav_lecture4_hw/install/nav_hw_interfaces/include/nav_hw_interfaces/nav_hw_interfaces/msg/detail/sensor_data__type_support.hpp
[3.917s] -- Up-to-date symlink: /home/abin/nav_lecture4_hw/install/nav_hw_interfaces/include/nav_hw_interfaces/nav_hw_interfaces/msg/detail/waypoint__builder.hpp
[3.917s] -- Up-to-date symlink: /home/abin/nav_lecture4_hw/install/nav_hw_interfaces/include/nav_hw_interfaces/nav_hw_interfaces/msg/detail/waypoint__struct.hpp
[3.917s] -- Up-to-date symlink: /home/abin/nav_lecture4_hw/install/nav_hw_interfaces/include/nav_hw_interfaces/nav_hw_interfaces/msg/detail/waypoint__traits.hpp
[3.917s] -- Up-to-date symlink: /home/abin/nav_lecture4_hw/install/nav_hw_interfaces/include/nav_hw_interfaces/nav_hw_interfaces/msg/detail/waypoint__type_support.hpp
[3.918s] -- Up-to-date symlink: /home/abin/nav_lecture4_hw/install/nav_hw_interfaces/include/nav_hw_interfaces/nav_hw_interfaces/msg/robot_status.hpp
[3.918s] -- Up-to-date symlink: /home/abin/nav_lecture4_hw/install/nav_hw_interfaces/include/nav_hw_interfaces/nav_hw_interfaces/msg/rosidl_generator_cpp__visibility_control.hpp
[3.918s] -- Up-to-date symlink: /home/abin/nav_lecture4_hw/install/nav_hw_interfaces/include/nav_hw_interfaces/nav_hw_interfaces/msg/sensor_data.hpp
[3.918s] -- Up-to-date symlink: /home/abin/nav_lecture4_hw/install/nav_hw_interfaces/include/nav_hw_interfaces/nav_hw_interfaces/msg/waypoint.hpp
[3.918s] -- Up-to-date symlink: /home/abin/nav_lecture4_hw/install/nav_hw_interfaces/include/nav_hw_interfaces/nav_hw_interfaces/msg/detail/robot_status__rosidl_typesupport_fastrtps_cpp.hpp
[3.918s] -- Up-to-date symlink: /home/abin/nav_lecture4_hw/install/nav_hw_interfaces/include/nav_hw_interfaces/nav_hw_interfaces/msg/detail/sensor_data__rosidl_typesupport_fastrtps_cpp.hpp
[3.918s] -- Up-to-date symlink: /home/abin/nav_lecture4_hw/install/nav_hw_interfaces/include/nav_hw_interfaces/nav_hw_interfaces/msg/detail/waypoint__rosidl_typesupport_fastrtps_cpp.hpp
[3.918s] -- Up-to-date symlink: /home/abin/nav_lecture4_hw/install/nav_hw_interfaces/include/nav_hw_interfaces/nav_hw_interfaces/msg/rosidl_typesupport_fastrtps_cpp__visibility_control.h
[3.918s] -- Up-to-date symlink: /home/abin/nav_lecture4_hw/install/nav_hw_interfaces/include/nav_hw_interfaces/nav_hw_interfaces/msg/detail/robot_status__rosidl_typesupport_introspection_cpp.hpp
[3.918s] -- Up-to-date symlink: /home/abin/nav_lecture4_hw/install/nav_hw_interfaces/include/nav_hw_interfaces/nav_hw_interfaces/msg/detail/sensor_data__rosidl_typesupport_introspection_cpp.hpp
[3.918s] -- Up-to-date symlink: /home/abin/nav_lecture4_hw/install/nav_hw_interfaces/include/nav_hw_interfaces/nav_hw_interfaces/msg/detail/waypoint__rosidl_typesupport_introspection_cpp.hpp
[3.918s] -- Up-to-date symlink: /home/abin/nav_lecture4_hw/install/nav_hw_interfaces/share/nav_hw_interfaces/environment/pythonpath.sh
[3.918s] -- Up-to-date symlink: /home/abin/nav_lecture4_hw/install/nav_hw_interfaces/share/nav_hw_interfaces/environment/pythonpath.dsv
[3.918s] -- Up-to-date symlink: /home/abin/nav_lecture4_hw/install/nav_hw_interfaces/local/lib/python3.10/dist-packages/nav_hw_interfaces-0.0.0-py3.10.egg-info/PKG-INFO
[3.919s] -- Up-to-date symlink: /home/abin/nav_lecture4_hw/install/nav_hw_interfaces/local/lib/python3.10/dist-packages/nav_hw_interfaces-0.0.0-py3.10.egg-info/SOURCES.txt
[3.919s] -- Up-to-date symlink: /home/abin/nav_lecture4_hw/install/nav_hw_interfaces/local/lib/python3.10/dist-packages/nav_hw_interfaces-0.0.0-py3.10.egg-info/dependency_links.txt
[3.919s] -- Up-to-date symlink: /home/abin/nav_lecture4_hw/install/nav_hw_interfaces/local/lib/python3.10/dist-packages/nav_hw_interfaces-0.0.0-py3.10.egg-info/top_level.txt
[3.919s] -- Up-to-date symlink: /home/abin/nav_lecture4_hw/install/nav_hw_interfaces/local/lib/python3.10/dist-packages/nav_hw_interfaces/__init__.py
[3.919s] -- Up-to-date symlink: /home/abin/nav_lecture4_hw/install/nav_hw_interfaces/local/lib/python3.10/dist-packages/nav_hw_interfaces/_nav_hw_interfaces_s.ep.rosidl_typesupport_c.c
[3.919s] -- Up-to-date symlink: /home/abin/nav_lecture4_hw/install/nav_hw_interfaces/local/lib/python3.10/dist-packages/nav_hw_interfaces/_nav_hw_interfaces_s.ep.rosidl_typesupport_fastrtps_c.c
[3.919s] -- Up-to-date symlink: /home/abin/nav_lecture4_hw/install/nav_hw_interfaces/local/lib/python3.10/dist-packages/nav_hw_interfaces/_nav_hw_interfaces_s.ep.rosidl_typesupport_introspection_c.c
[3.919s] -- Up-to-date symlink: /home/abin/nav_lecture4_hw/install/nav_hw_interfaces/local/lib/python3.10/dist-packages/nav_hw_interfaces/libnav_hw_interfaces__rosidl_generator_py.so
[3.919s] -- Up-to-date symlink: /home/abin/nav_lecture4_hw/install/nav_hw_interfaces/local/lib/python3.10/dist-packages/nav_hw_interfaces/msg/__init__.py
[3.920s] -- Up-to-date symlink: /home/abin/nav_lecture4_hw/install/nav_hw_interfaces/local/lib/python3.10/dist-packages/nav_hw_interfaces/msg/_robot_status.py
[3.920s] -- Up-to-date symlink: /home/abin/nav_lecture4_hw/install/nav_hw_interfaces/local/lib/python3.10/dist-packages/nav_hw_interfaces/msg/_robot_status_s.c
[3.920s] -- Up-to-date symlink: /home/abin/nav_lecture4_hw/install/nav_hw_interfaces/local/lib/python3.10/dist-packages/nav_hw_interfaces/msg/_sensor_data.py
[3.920s] -- Up-to-date symlink: /home/abin/nav_lecture4_hw/install/nav_hw_interfaces/local/lib/python3.10/dist-packages/nav_hw_interfaces/msg/_sensor_data_s.c
[3.920s] -- Up-to-date symlink: /home/abin/nav_lecture4_hw/install/nav_hw_interfaces/local/lib/python3.10/dist-packages/nav_hw_interfaces/msg/_waypoint.py
[3.920s] -- Up-to-date symlink: /home/abin/nav_lecture4_hw/install/nav_hw_interfaces/local/lib/python3.10/dist-packages/nav_hw_interfaces/msg/_waypoint_s.c
[3.920s] -- Up-to-date symlink: /home/abin/nav_lecture4_hw/install/nav_hw_interfaces/local/lib/python3.10/dist-packages/nav_hw_interfaces/nav_hw_interfaces_s__rosidl_typesupport_c.cpython-310-x86_64-linux-gnu.so
[3.920s] -- Up-to-date symlink: /home/abin/nav_lecture4_hw/install/nav_hw_interfaces/local/lib/python3.10/dist-packages/nav_hw_interfaces/nav_hw_interfaces_s__rosidl_typesupport_fastrtps_c.cpython-310-x86_64-linux-gnu.so
[3.920s] -- Up-to-date symlink: /home/abin/nav_lecture4_hw/install/nav_hw_interfaces/local/lib/python3.10/dist-packages/nav_hw_interfaces/nav_hw_interfaces_s__rosidl_typesupport_introspection_c.cpython-310-x86_64-linux-gnu.so
[3.920s] -- Up-to-date symlink: /home/abin/nav_lecture4_hw/install/nav_hw_interfaces/local/lib/python3.10/dist-packages/nav_hw_interfaces/nav_hw_interfaces_s__rosidl_typesupport_fastrtps_c.cpython-310-x86_64-linux-gnu.so
[3.920s] -- Up-to-date symlink: /home/abin/nav_lecture4_hw/install/nav_hw_interfaces/local/lib/python3.10/dist-packages/nav_hw_interfaces/nav_hw_interfaces_s__rosidl_typesupport_introspection_c.cpython-310-x86_64-linux-gnu.so
[3.920s] -- Up-to-date symlink: /home/abin/nav_lecture4_hw/install/nav_hw_interfaces/local/lib/python3.10/dist-packages/nav_hw_interfaces/nav_hw_interfaces_s__rosidl_typesupport_c.cpython-310-x86_64-linux-gnu.so
[3.920s] -- Up-to-date symlink: /home/abin/nav_lecture4_hw/install/nav_hw_interfaces/share/ament_index/resource_index/rust_packages/nav_hw_interfaces
[3.921s] -- Up-to-date symlink: /home/abin/nav_lecture4_hw/install/nav_hw_interfaces/share/nav_hw_interfaces/rust/Cargo.toml
[3.921s] -- Up-to-date symlink: /home/abin/nav_lecture4_hw/install/nav_hw_interfaces/share/nav_hw_interfaces/rust/build.rs
[3.921s] -- Up-to-date symlink: /home/abin/nav_lecture4_hw/install/nav_hw_interfaces/share/nav_hw_interfaces/rust/src/lib.rs
[3.921s] -- Up-to-date symlink: /home/abin/nav_lecture4_hw/install/nav_hw_interfaces/share/nav_hw_interfaces/rust/src/msg.rs
[3.921s] -- Up-to-date symlink: /home/abin/nav_lecture4_hw/install/nav_hw_interfaces/share/nav_hw_interfaces/rust/src/msg/rmw.rs
[3.921s] -- Up-to-date symlink: /home/abin/nav_lecture4_hw/install/nav_hw_interfaces/share/nav_hw_interfaces/msg/SensorData.idl
[3.921s] -- Up-to-date symlink: /home/abin/nav_lecture4_hw/install/nav_hw_interfaces/share/nav_hw_interfaces/msg/SensorData.msg
[3.921s] -- Up-to-date symlink: /home/abin/nav_lecture4_hw/install/nav_hw_interfaces/share/ament_index/resource_index/package_run_dependencies/nav_hw_interfaces
[3.921s] -- Up-to-date symlink: /home/abin/nav_lecture4_hw/install/nav_hw_interfaces/share/ament_index/resource_index/parent_prefix_path/nav_hw_interfaces
[3.921s] -- Up-to-date symlink: /home/abin/nav_lecture4_hw/install/nav_hw_interfaces/share/nav_hw_interfaces/environment/ament_prefix_path.sh
[3.921s] -- Up-to-date symlink: /home/abin/nav_lecture4_hw/install/nav_hw_interfaces/share/nav_hw_interfaces/environment/ament_prefix_path.dsv
[3.921s] -- Up-to-date symlink: /home/abin/nav_lecture4_hw/install/nav_hw_interfaces/share/nav_hw_interfaces/environment/path.sh
[3.922s] -- Up-to-date symlink: /home/abin/nav_lecture4_hw/install/nav_hw_interfaces/share/nav_hw_interfaces/environment/path.dsv
[3.922s] -- Up-to-date symlink: /home/abin/nav_lecture4_hw/install/nav_hw_interfaces/share/nav_hw_interfaces/local_setup.bash
[3.922s] -- Up-to-date symlink: /home/abin/nav_lecture4_hw/install/nav_hw_interfaces/share/nav_hw_interfaces/local_setup.sh
[3.922s] -- Up-to-date symlink: /home/abin/nav_lecture4_hw/install/nav_hw_interfaces/share/nav_hw_interfaces/local_setup.zsh
[3.922s] -- Up-to-date symlink: /home/abin/nav_lecture4_hw/install/nav_hw_interfaces/share/nav_hw_interfaces/local_setup.dsv
[3.922s] -- Symlinking: /home/abin/nav_lecture4_hw/install/nav_hw_interfaces/share/nav_hw_interfaces/package.dsv
[3.927s] -- Up-to-date symlink: /home/abin/nav_lecture4_hw/install/nav_hw_interfaces/share/ament_index/resource_index/packages/nav_hw_interfaces
[3.927s] -- Up-to-date symlink: /home/abin/nav_lecture4_hw/install/nav_hw_interfaces/share/nav_hw_interfaces/cmake/rosidl_cmake-extras.cmake
[3.928s] -- Up-to-date symlink: /home/abin/nav_lecture4_hw/install/nav_hw_interfaces/share/nav_hw_interfaces/cmake/ament_cmake_export_dependencies-extras.cmake
[3.928s] -- Up-to-date symlink: /home/abin/nav_lecture4_hw/install/nav_hw_interfaces/share/nav_hw_interfaces/cmake/ament_cmake_export_include_directories-extras.cmake
[3.928s] -- Up-to-date symlink: /home/abin/nav_lecture4_hw/install/nav_hw_interfaces/share/nav_hw_interfaces/cmake/ament_cmake_export_libraries-extras.cmake
[3.928s] -- Up-to-date symlink: /home/abin/nav_lecture4_hw/install/nav_hw_interfaces/share/nav_hw_interfaces/cmake/ament_cmake_export_targets-extras.cmake
[3.928s] -- Up-to-date symlink: /home/abin/nav_lecture4_hw/install/nav_hw_interfaces/share/nav_hw_interfaces/cmake/rosidl_cmake_export_typesupport_targets-extras.cmake
[3.928s] -- Up-to-date symlink: /home/abin/nav_lecture4_hw/install/nav_hw_interfaces/share/nav_hw_interfaces/cmake/rosidl_cmake_export_typesupport_libraries-extras.cmake
[3.928s] -- Up-to-date symlink: /home/abin/nav_lecture4_hw/install/nav_hw_interfaces/share/nav_hw_interfaces/cmake/rosidl_cmake_aggregate_target-extras.cmake
[3.928s] -- Up-to-date symlink: /home/abin/nav_lecture4_hw/install/nav_hw_interfaces/share/nav_hw_interfaces/cmake/nav_hw_interfacesConfig.cmake
[3.928s] -- Up-to-date symlink: /home/abin/nav_lecture4_hw/install/nav_hw_interfaces/share/nav_hw_interfaces/cmake/nav_hw_interfacesConfig-version.cmake
[3.928s] -- Up-to-date symlink: /home/abin/nav_lecture4_hw/install/nav_hw_interfaces/share/nav_hw_interfaces/package.xml
[3.931s] -- Installing: /home/abin/nav_lecture4_hw/install/nav_hw_interfaces/lib/libnav_hw_interfaces__rosidl_generator_c.so
[3.931s] -- Set runtime path of "/home/abin/nav_lecture4_hw/install/nav_hw_interfaces/lib/libnav_hw_interfaces__rosidl_generator_c.so" to ""
[3.931s] -- Installing: /home/abin/nav_lecture4_hw/install/nav_hw_interfaces/lib/libnav_hw_interfaces__rosidl_typesupport_fastrtps_c.so
[3.932s] -- Set runtime path of "/home/abin/nav_lecture4_hw/install/nav_hw_interfaces/lib/libnav_hw_interfaces__rosidl_typesupport_fastrtps_c.so" to ""
[3.932s] -- Installing: /home/abin/nav_lecture4_hw/install/nav_hw_interfaces/lib/libnav_hw_interfaces__rosidl_typesupport_introspection_c.so
[3.932s] -- Set runtime path of "/home/abin/nav_lecture4_hw/install/nav_hw_interfaces/lib/libnav_hw_interfaces__rosidl_typesupport_introspection_c.so" to ""
[3.933s] -- Installing: /home/abin/nav_lecture4_hw/install/nav_hw_interfaces/lib/libnav_hw_interfaces__rosidl_typesupport_c.so
[3.933s] -- Set runtime path of "/home/abin/nav_lecture4_hw/install/nav_hw_interfaces/lib/libnav_hw_interfaces__rosidl_typesupport_c.so" to ""
[3.933s] -- Installing: /home/abin/nav_lecture4_hw/install/nav_hw_interfaces/lib/libnav_hw_interfaces__rosidl_typesupport_fastrtps_cpp.so
[3.934s] -- Set runtime path of "/home/abin/nav_lecture4_hw/install/nav_hw_interfaces/lib/libnav_hw_interfaces__rosidl_typesupport_fastrtps_cpp.so" to ""
[3.934s] -- Installing: /home/abin/nav_lecture4_hw/install/nav_hw_interfaces/lib/libnav_hw_interfaces__rosidl_typesupport_introspection_cpp.so
[3.934s] -- Set runtime path of "/home/abin/nav_lecture4_hw/install/nav_hw_interfaces/lib/libnav_hw_interfaces__rosidl_typesupport_introspection_cpp.so" to ""
[3.935s] -- Installing: /home/abin/nav_lecture4_hw/install/nav_hw_interfaces/lib/libnav_hw_interfaces__rosidl_typesupport_cpp.so
[3.935s] -- Set runtime path of "/home/abin/nav_lecture4_hw/install/nav_hw_interfaces/lib/libnav_hw_interfaces__rosidl_typesupport_cpp.so" to ""
[3.958s] Listing '/home/abin/nav_lecture4_hw/install/nav_hw_interfaces/local/lib/python3.10/dist-packages/nav_hw_interfaces'...
[3.958s] Compiling '/home/abin/nav_lecture4_hw/install/nav_hw_interfaces/local/lib/python3.10/dist-packages/nav_hw_interfaces/__init__.py'...
[3.958s] Listing '/home/abin/nav_lecture4_hw/install/nav_hw_interfaces/local/lib/python3.10/dist-packages/nav_hw_interfaces/msg'...
[3.961s] -- Installing: /home/abin/nav_lecture4_hw/install/nav_hw_interfaces/lib/libnav_hw_interfaces__rosidl_generator_py.so
[3.961s] -- Set runtime path of "/home/abin/nav_lecture4_hw/install/nav_hw_interfaces/lib/libnav_hw_interfaces__rosidl_generator_py.so" to ""
[3.961s] -- Up-to-date: /home/abin/nav_lecture4_hw/install/nav_hw_interfaces/share/nav_hw_interfaces/cmake/export_nav_hw_interfaces__rosidl_generator_cExport.cmake
[3.962s] -- Up-to-date: /home/abin/nav_lecture4_hw/install/nav_hw_interfaces/share/nav_hw_interfaces/cmake/export_nav_hw_interfaces__rosidl_generator_cExport-noconfig.cmake
[3.962s] -- Up-to-date: /home/abin/nav_lecture4_hw/install/nav_hw_interfaces/share/nav_hw_interfaces/cmake/export_nav_hw_interfaces__rosidl_typesupport_fastrtps_cExport.cmake
[3.962s] -- Up-to-date: /home/abin/nav_lecture4_hw/install/nav_hw_interfaces/share/nav_hw_interfaces/cmake/export_nav_hw_interfaces__rosidl_typesupport_fastrtps_cExport-noconfig.cmake
[3.962s] -- Up-to-date: /home/abin/nav_lecture4_hw/install/nav_hw_interfaces/share/nav_hw_interfaces/cmake/nav_hw_interfaces__rosidl_typesupport_introspection_cExport.cmake
[3.962s] -- Up-to-date: /home/abin/nav_lecture4_hw/install/nav_hw_interfaces/share/nav_hw_interfaces/cmake/nav_hw_interfaces__rosidl_typesupport_introspection_cExport-noconfig.cmake
[3.962s] -- Up-to-date: /home/abin/nav_lecture4_hw/install/nav_hw_interfaces/share/nav_hw_interfaces/cmake/nav_hw_interfaces__rosidl_typesupport_cExport.cmake
[3.962s] -- Up-to-date: /home/abin/nav_lecture4_hw/install/nav_hw_interfaces/share/nav_hw_interfaces/cmake/nav_hw_interfaces__rosidl_typesupport_cExport-noconfig.cmake
[3.963s] -- Up-to-date: /home/abin/nav_lecture4_hw/install/nav_hw_interfaces/share/nav_hw_interfaces/cmake/export_nav_hw_interfaces__rosidl_generator_cppExport.cmake
[3.963s] -- Up-to-date: /home/abin/nav_lecture4_hw/install/nav_hw_interfaces/share/nav_hw_interfaces/cmake/export_nav_hw_interfaces__rosidl_typesupport_fastrtps_cppExport.cmake
[3.963s] -- Up-to-date: /home/abin/nav_lecture4_hw/install/nav_hw_interfaces/share/nav_hw_interfaces/cmake/export_nav_hw_interfaces__rosidl_typesupport_fastrtps_cppExport-noconfig.cmake
[3.963s] -- Up-to-date: /home/abin/nav_lecture4_hw/install/nav_hw_interfaces/share/nav_hw_interfaces/cmake/nav_hw_interfaces__rosidl_typesupport_introspection_cppExport.cmake
[3.963s] -- Up-to-date: /home/abin/nav_lecture4_hw/install/nav_hw_interfaces/share/nav_hw_interfaces/cmake/nav_hw_interfaces__rosidl_typesupport_introspection_cppExport-noconfig.cmake
[3.964s] -- Up-to-date: /home/abin/nav_lecture4_hw/install/nav_hw_interfaces/share/nav_hw_interfaces/cmake/nav_hw_interfaces__rosidl_typesupport_cppExport.cmake
[3.964s] -- Up-to-date: /home/abin/nav_lecture4_hw/install/nav_hw_interfaces/share/nav_hw_interfaces/cmake/nav_hw_interfaces__rosidl_typesupport_cppExport-noconfig.cmake
[3.964s] -- Up-to-date: /home/abin/nav_lecture4_hw/install/nav_hw_interfaces/share/nav_hw_interfaces/cmake/export_nav_hw_interfaces__rosidl_generator_pyExport.cmake
[3.964s] -- Up-to-date: /home/abin/nav_lecture4_hw/install/nav_hw_interfaces/share/nav_hw_interfaces/cmake/export_nav_hw_interfaces__rosidl_generator_pyExport-noconfig.cmake
[3.966s] Invoked command in '/home/abin/nav_lecture4_hw/build/nav_hw_interfaces' returned '0': CMAKE_PREFIX_PATH=${CMAKE_PREFIX_PATH}:/opt/ros/humble /usr/bin/cmake --install /home/abin/nav_lecture4_hw/build/nav_hw_interfaces
