Consolidate compiler generated dependencies of target nav_hw_interfaces__rosidl_generator_c
[  2%] Built target nav_hw_interfaces__rs
[ 12%] Built target nav_hw_interfaces__rosidl_generator_c
[ 14%] Built target nav_hw_interfaces__cpp
[ 14%] Built target ament_cmake_python_symlink_nav_hw_interfaces
Consolidate compiler generated dependencies of target nav_hw_interfaces__rosidl_typesupport_c
Consolidate compiler generated dependencies of target nav_hw_interfaces__rosidl_typesupport_introspection_c
Consolidate compiler generated dependencies of target nav_hw_interfaces__rosidl_typesupport_fastrtps_c
Consolidate compiler generated dependencies of target nav_hw_interfaces__rosidl_typesupport_cpp
Consolidate compiler generated dependencies of target nav_hw_interfaces__rosidl_typesupport_introspection_cpp
Consolidate compiler generated dependencies of target nav_hw_interfaces__rosidl_typesupport_fastrtps_cpp
[ 25%] Built target nav_hw_interfaces__rosidl_typesupport_c
[ 35%] Built target nav_hw_interfaces__rosidl_typesupport_introspection_c
[ 45%] Built target nav_hw_interfaces__rosidl_typesupport_cpp
[ 56%] Built target nav_hw_interfaces__rosidl_typesupport_introspection_cpp
[ 66%] Built target nav_hw_interfaces__rosidl_typesupport_fastrtps_c
[ 77%] Built target nav_hw_interfaces__rosidl_typesupport_fastrtps_cpp
[ 77%] Built target nav_hw_interfaces
[ 79%] Built target nav_hw_interfaces__py
Consolidate compiler generated dependencies of target nav_hw_interfaces__rosidl_generator_py
[ 87%] Built target nav_hw_interfaces__rosidl_generator_py
Consolidate compiler generated dependencies of target nav_hw_interfaces__rosidl_typesupport_fastrtps_c__pyext
Consolidate compiler generated dependencies of target nav_hw_interfaces__rosidl_typesupport_introspection_c__pyext
Consolidate compiler generated dependencies of target nav_hw_interfaces__rosidl_typesupport_c__pyext
[ 97%] Built target nav_hw_interfaces__rosidl_typesupport_introspection_c__pyext
[100%] Built target nav_hw_interfaces__rosidl_typesupport_c__pyext
[100%] Built target nav_hw_interfaces__rosidl_typesupport_fastrtps_c__pyext
running egg_info
writing nav_hw_interfaces.egg-info/PKG-INFO
writing dependency_links to nav_hw_interfaces.egg-info/dependency_links.txt
writing top-level names to nav_hw_interfaces.egg-info/top_level.txt
reading manifest file 'nav_hw_interfaces.egg-info/SOURCES.txt'
writing manifest file 'nav_hw_interfaces.egg-info/SOURCES.txt'
[100%] Built target ament_cmake_python_build_nav_hw_interfaces_egg
-- Install configuration: ""
-- Execute custom install script
-- Up-to-date symlink: /home/abin/nav_lecture4_hw/install/nav_hw_interfaces/share/ament_index/resource_index/rosidl_interfaces/nav_hw_interfaces
-- Up-to-date symlink: /home/abin/nav_lecture4_hw/install/nav_hw_interfaces/include/nav_hw_interfaces/nav_hw_interfaces/msg/detail/robot_status__functions.h
-- Up-to-date symlink: /home/abin/nav_lecture4_hw/install/nav_hw_interfaces/include/nav_hw_interfaces/nav_hw_interfaces/msg/detail/robot_status__struct.h
-- Up-to-date symlink: /home/abin/nav_lecture4_hw/install/nav_hw_interfaces/include/nav_hw_interfaces/nav_hw_interfaces/msg/detail/robot_status__type_support.h
-- Up-to-date symlink: /home/abin/nav_lecture4_hw/install/nav_hw_interfaces/include/nav_hw_interfaces/nav_hw_interfaces/msg/detail/sensor_data__functions.h
-- Up-to-date symlink: /home/abin/nav_lecture4_hw/install/nav_hw_interfaces/include/nav_hw_interfaces/nav_hw_interfaces/msg/detail/sensor_data__struct.h
-- Up-to-date symlink: /home/abin/nav_lecture4_hw/install/nav_hw_interfaces/include/nav_hw_interfaces/nav_hw_interfaces/msg/detail/sensor_data__type_support.h
-- Up-to-date symlink: /home/abin/nav_lecture4_hw/install/nav_hw_interfaces/include/nav_hw_interfaces/nav_hw_interfaces/msg/detail/waypoint__functions.h
-- Up-to-date symlink: /home/abin/nav_lecture4_hw/install/nav_hw_interfaces/include/nav_hw_interfaces/nav_hw_interfaces/msg/detail/waypoint__struct.h
-- Up-to-date symlink: /home/abin/nav_lecture4_hw/install/nav_hw_interfaces/include/nav_hw_interfaces/nav_hw_interfaces/msg/detail/waypoint__type_support.h
-- Up-to-date symlink: /home/abin/nav_lecture4_hw/install/nav_hw_interfaces/include/nav_hw_interfaces/nav_hw_interfaces/msg/robot_status.h
-- Up-to-date symlink: /home/abin/nav_lecture4_hw/install/nav_hw_interfaces/include/nav_hw_interfaces/nav_hw_interfaces/msg/rosidl_generator_c__visibility_control.h
-- Up-to-date symlink: /home/abin/nav_lecture4_hw/install/nav_hw_interfaces/include/nav_hw_interfaces/nav_hw_interfaces/msg/sensor_data.h
-- Up-to-date symlink: /home/abin/nav_lecture4_hw/install/nav_hw_interfaces/include/nav_hw_interfaces/nav_hw_interfaces/msg/waypoint.h
-- Up-to-date symlink: /home/abin/nav_lecture4_hw/install/nav_hw_interfaces/share/nav_hw_interfaces/environment/library_path.sh
-- Up-to-date symlink: /home/abin/nav_lecture4_hw/install/nav_hw_interfaces/share/nav_hw_interfaces/environment/library_path.dsv
-- Up-to-date symlink: /home/abin/nav_lecture4_hw/install/nav_hw_interfaces/include/nav_hw_interfaces/nav_hw_interfaces/msg/detail/robot_status__rosidl_typesupport_fastrtps_c.h
-- Up-to-date symlink: /home/abin/nav_lecture4_hw/install/nav_hw_interfaces/include/nav_hw_interfaces/nav_hw_interfaces/msg/detail/sensor_data__rosidl_typesupport_fastrtps_c.h
-- Up-to-date symlink: /home/abin/nav_lecture4_hw/install/nav_hw_interfaces/include/nav_hw_interfaces/nav_hw_interfaces/msg/detail/waypoint__rosidl_typesupport_fastrtps_c.h
-- Up-to-date symlink: /home/abin/nav_lecture4_hw/install/nav_hw_interfaces/include/nav_hw_interfaces/nav_hw_interfaces/msg/rosidl_typesupport_fastrtps_c__visibility_control.h
-- Up-to-date symlink: /home/abin/nav_lecture4_hw/install/nav_hw_interfaces/include/nav_hw_interfaces/nav_hw_interfaces/msg/detail/robot_status__rosidl_typesupport_introspection_c.h
-- Up-to-date symlink: /home/abin/nav_lecture4_hw/install/nav_hw_interfaces/include/nav_hw_interfaces/nav_hw_interfaces/msg/detail/sensor_data__rosidl_typesupport_introspection_c.h
-- Up-to-date symlink: /home/abin/nav_lecture4_hw/install/nav_hw_interfaces/include/nav_hw_interfaces/nav_hw_interfaces/msg/detail/waypoint__rosidl_typesupport_introspection_c.h
-- Up-to-date symlink: /home/abin/nav_lecture4_hw/install/nav_hw_interfaces/include/nav_hw_interfaces/nav_hw_interfaces/msg/rosidl_typesupport_introspection_c__visibility_control.h
-- Up-to-date symlink: /home/abin/nav_lecture4_hw/install/nav_hw_interfaces/include/nav_hw_interfaces/nav_hw_interfaces/msg/detail/robot_status__builder.hpp
-- Up-to-date symlink: /home/abin/nav_lecture4_hw/install/nav_hw_interfaces/include/nav_hw_interfaces/nav_hw_interfaces/msg/detail/robot_status__struct.hpp
-- Up-to-date symlink: /home/abin/nav_lecture4_hw/install/nav_hw_interfaces/include/nav_hw_interfaces/nav_hw_interfaces/msg/detail/robot_status__traits.hpp
-- Up-to-date symlink: /home/abin/nav_lecture4_hw/install/nav_hw_interfaces/include/nav_hw_interfaces/nav_hw_interfaces/msg/detail/robot_status__type_support.hpp
-- Up-to-date symlink: /home/abin/nav_lecture4_hw/install/nav_hw_interfaces/include/nav_hw_interfaces/nav_hw_interfaces/msg/detail/sensor_data__builder.hpp
-- Up-to-date symlink: /home/abin/nav_lecture4_hw/install/nav_hw_interfaces/include/nav_hw_interfaces/nav_hw_interfaces/msg/detail/sensor_data__struct.hpp
-- Up-to-date symlink: /home/abin/nav_lecture4_hw/install/nav_hw_interfaces/include/nav_hw_interfaces/nav_hw_interfaces/msg/detail/sensor_data__traits.hpp
-- Up-to-date symlink: /home/abin/nav_lecture4_hw/install/nav_hw_interfaces/include/nav_hw_interfaces/nav_hw_interfaces/msg/detail/sensor_data__type_support.hpp
-- Up-to-date symlink: /home/abin/nav_lecture4_hw/install/nav_hw_interfaces/include/nav_hw_interfaces/nav_hw_interfaces/msg/detail/waypoint__builder.hpp
-- Up-to-date symlink: /home/abin/nav_lecture4_hw/install/nav_hw_interfaces/include/nav_hw_interfaces/nav_hw_interfaces/msg/detail/waypoint__struct.hpp
-- Up-to-date symlink: /home/abin/nav_lecture4_hw/install/nav_hw_interfaces/include/nav_hw_interfaces/nav_hw_interfaces/msg/detail/waypoint__traits.hpp
-- Up-to-date symlink: /home/abin/nav_lecture4_hw/install/nav_hw_interfaces/include/nav_hw_interfaces/nav_hw_interfaces/msg/detail/waypoint__type_support.hpp
-- Up-to-date symlink: /home/abin/nav_lecture4_hw/install/nav_hw_interfaces/include/nav_hw_interfaces/nav_hw_interfaces/msg/robot_status.hpp
-- Up-to-date symlink: /home/abin/nav_lecture4_hw/install/nav_hw_interfaces/include/nav_hw_interfaces/nav_hw_interfaces/msg/rosidl_generator_cpp__visibility_control.hpp
-- Up-to-date symlink: /home/abin/nav_lecture4_hw/install/nav_hw_interfaces/include/nav_hw_interfaces/nav_hw_interfaces/msg/sensor_data.hpp
-- Up-to-date symlink: /home/abin/nav_lecture4_hw/install/nav_hw_interfaces/include/nav_hw_interfaces/nav_hw_interfaces/msg/waypoint.hpp
-- Up-to-date symlink: /home/abin/nav_lecture4_hw/install/nav_hw_interfaces/include/nav_hw_interfaces/nav_hw_interfaces/msg/detail/robot_status__rosidl_typesupport_fastrtps_cpp.hpp
-- Up-to-date symlink: /home/abin/nav_lecture4_hw/install/nav_hw_interfaces/include/nav_hw_interfaces/nav_hw_interfaces/msg/detail/sensor_data__rosidl_typesupport_fastrtps_cpp.hpp
-- Up-to-date symlink: /home/abin/nav_lecture4_hw/install/nav_hw_interfaces/include/nav_hw_interfaces/nav_hw_interfaces/msg/detail/waypoint__rosidl_typesupport_fastrtps_cpp.hpp
-- Up-to-date symlink: /home/abin/nav_lecture4_hw/install/nav_hw_interfaces/include/nav_hw_interfaces/nav_hw_interfaces/msg/rosidl_typesupport_fastrtps_cpp__visibility_control.h
-- Up-to-date symlink: /home/abin/nav_lecture4_hw/install/nav_hw_interfaces/include/nav_hw_interfaces/nav_hw_interfaces/msg/detail/robot_status__rosidl_typesupport_introspection_cpp.hpp
-- Up-to-date symlink: /home/abin/nav_lecture4_hw/install/nav_hw_interfaces/include/nav_hw_interfaces/nav_hw_interfaces/msg/detail/sensor_data__rosidl_typesupport_introspection_cpp.hpp
-- Up-to-date symlink: /home/abin/nav_lecture4_hw/install/nav_hw_interfaces/include/nav_hw_interfaces/nav_hw_interfaces/msg/detail/waypoint__rosidl_typesupport_introspection_cpp.hpp
-- Up-to-date symlink: /home/abin/nav_lecture4_hw/install/nav_hw_interfaces/share/nav_hw_interfaces/environment/pythonpath.sh
-- Up-to-date symlink: /home/abin/nav_lecture4_hw/install/nav_hw_interfaces/share/nav_hw_interfaces/environment/pythonpath.dsv
-- Up-to-date symlink: /home/abin/nav_lecture4_hw/install/nav_hw_interfaces/local/lib/python3.10/dist-packages/nav_hw_interfaces-0.0.0-py3.10.egg-info/PKG-INFO
-- Up-to-date symlink: /home/abin/nav_lecture4_hw/install/nav_hw_interfaces/local/lib/python3.10/dist-packages/nav_hw_interfaces-0.0.0-py3.10.egg-info/SOURCES.txt
-- Up-to-date symlink: /home/abin/nav_lecture4_hw/install/nav_hw_interfaces/local/lib/python3.10/dist-packages/nav_hw_interfaces-0.0.0-py3.10.egg-info/dependency_links.txt
-- Up-to-date symlink: /home/abin/nav_lecture4_hw/install/nav_hw_interfaces/local/lib/python3.10/dist-packages/nav_hw_interfaces-0.0.0-py3.10.egg-info/top_level.txt
-- Up-to-date symlink: /home/abin/nav_lecture4_hw/install/nav_hw_interfaces/local/lib/python3.10/dist-packages/nav_hw_interfaces/__init__.py
-- Up-to-date symlink: /home/abin/nav_lecture4_hw/install/nav_hw_interfaces/local/lib/python3.10/dist-packages/nav_hw_interfaces/_nav_hw_interfaces_s.ep.rosidl_typesupport_c.c
-- Up-to-date symlink: /home/abin/nav_lecture4_hw/install/nav_hw_interfaces/local/lib/python3.10/dist-packages/nav_hw_interfaces/_nav_hw_interfaces_s.ep.rosidl_typesupport_fastrtps_c.c
-- Up-to-date symlink: /home/abin/nav_lecture4_hw/install/nav_hw_interfaces/local/lib/python3.10/dist-packages/nav_hw_interfaces/_nav_hw_interfaces_s.ep.rosidl_typesupport_introspection_c.c
-- Up-to-date symlink: /home/abin/nav_lecture4_hw/install/nav_hw_interfaces/local/lib/python3.10/dist-packages/nav_hw_interfaces/libnav_hw_interfaces__rosidl_generator_py.so
-- Up-to-date symlink: /home/abin/nav_lecture4_hw/install/nav_hw_interfaces/local/lib/python3.10/dist-packages/nav_hw_interfaces/msg/__init__.py
-- Up-to-date symlink: /home/abin/nav_lecture4_hw/install/nav_hw_interfaces/local/lib/python3.10/dist-packages/nav_hw_interfaces/msg/_robot_status.py
-- Up-to-date symlink: /home/abin/nav_lecture4_hw/install/nav_hw_interfaces/local/lib/python3.10/dist-packages/nav_hw_interfaces/msg/_robot_status_s.c
-- Up-to-date symlink: /home/abin/nav_lecture4_hw/install/nav_hw_interfaces/local/lib/python3.10/dist-packages/nav_hw_interfaces/msg/_sensor_data.py
-- Up-to-date symlink: /home/abin/nav_lecture4_hw/install/nav_hw_interfaces/local/lib/python3.10/dist-packages/nav_hw_interfaces/msg/_sensor_data_s.c
-- Up-to-date symlink: /home/abin/nav_lecture4_hw/install/nav_hw_interfaces/local/lib/python3.10/dist-packages/nav_hw_interfaces/msg/_waypoint.py
-- Up-to-date symlink: /home/abin/nav_lecture4_hw/install/nav_hw_interfaces/local/lib/python3.10/dist-packages/nav_hw_interfaces/msg/_waypoint_s.c
-- Up-to-date symlink: /home/abin/nav_lecture4_hw/install/nav_hw_interfaces/local/lib/python3.10/dist-packages/nav_hw_interfaces/nav_hw_interfaces_s__rosidl_typesupport_c.cpython-310-x86_64-linux-gnu.so
-- Up-to-date symlink: /home/abin/nav_lecture4_hw/install/nav_hw_interfaces/local/lib/python3.10/dist-packages/nav_hw_interfaces/nav_hw_interfaces_s__rosidl_typesupport_fastrtps_c.cpython-310-x86_64-linux-gnu.so
-- Up-to-date symlink: /home/abin/nav_lecture4_hw/install/nav_hw_interfaces/local/lib/python3.10/dist-packages/nav_hw_interfaces/nav_hw_interfaces_s__rosidl_typesupport_introspection_c.cpython-310-x86_64-linux-gnu.so
-- Up-to-date symlink: /home/abin/nav_lecture4_hw/install/nav_hw_interfaces/local/lib/python3.10/dist-packages/nav_hw_interfaces/nav_hw_interfaces_s__rosidl_typesupport_fastrtps_c.cpython-310-x86_64-linux-gnu.so
-- Up-to-date symlink: /home/abin/nav_lecture4_hw/install/nav_hw_interfaces/local/lib/python3.10/dist-packages/nav_hw_interfaces/nav_hw_interfaces_s__rosidl_typesupport_introspection_c.cpython-310-x86_64-linux-gnu.so
-- Up-to-date symlink: /home/abin/nav_lecture4_hw/install/nav_hw_interfaces/local/lib/python3.10/dist-packages/nav_hw_interfaces/nav_hw_interfaces_s__rosidl_typesupport_c.cpython-310-x86_64-linux-gnu.so
-- Up-to-date symlink: /home/abin/nav_lecture4_hw/install/nav_hw_interfaces/share/ament_index/resource_index/rust_packages/nav_hw_interfaces
-- Up-to-date symlink: /home/abin/nav_lecture4_hw/install/nav_hw_interfaces/share/nav_hw_interfaces/rust/Cargo.toml
-- Up-to-date symlink: /home/abin/nav_lecture4_hw/install/nav_hw_interfaces/share/nav_hw_interfaces/rust/build.rs
-- Up-to-date symlink: /home/abin/nav_lecture4_hw/install/nav_hw_interfaces/share/nav_hw_interfaces/rust/src/lib.rs
-- Up-to-date symlink: /home/abin/nav_lecture4_hw/install/nav_hw_interfaces/share/nav_hw_interfaces/rust/src/msg.rs
-- Up-to-date symlink: /home/abin/nav_lecture4_hw/install/nav_hw_interfaces/share/nav_hw_interfaces/rust/src/msg/rmw.rs
-- Up-to-date symlink: /home/abin/nav_lecture4_hw/install/nav_hw_interfaces/share/nav_hw_interfaces/msg/RobotStatus.idl
-- Up-to-date symlink: /home/abin/nav_lecture4_hw/install/nav_hw_interfaces/share/nav_hw_interfaces/msg/SensorData.idl
-- Up-to-date symlink: /home/abin/nav_lecture4_hw/install/nav_hw_interfaces/share/nav_hw_interfaces/msg/Waypoint.idl
-- Up-to-date symlink: /home/abin/nav_lecture4_hw/install/nav_hw_interfaces/share/nav_hw_interfaces/msg/RobotStatus.msg
-- Up-to-date symlink: /home/abin/nav_lecture4_hw/install/nav_hw_interfaces/share/nav_hw_interfaces/msg/SensorData.msg
-- Up-to-date symlink: /home/abin/nav_lecture4_hw/install/nav_hw_interfaces/share/nav_hw_interfaces/msg/Waypoint.msg
-- Up-to-date symlink: /home/abin/nav_lecture4_hw/install/nav_hw_interfaces/share/ament_index/resource_index/package_run_dependencies/nav_hw_interfaces
-- Up-to-date symlink: /home/abin/nav_lecture4_hw/install/nav_hw_interfaces/share/ament_index/resource_index/parent_prefix_path/nav_hw_interfaces
-- Up-to-date symlink: /home/abin/nav_lecture4_hw/install/nav_hw_interfaces/share/nav_hw_interfaces/environment/ament_prefix_path.sh
-- Up-to-date symlink: /home/abin/nav_lecture4_hw/install/nav_hw_interfaces/share/nav_hw_interfaces/environment/ament_prefix_path.dsv
-- Up-to-date symlink: /home/abin/nav_lecture4_hw/install/nav_hw_interfaces/share/nav_hw_interfaces/environment/path.sh
-- Up-to-date symlink: /home/abin/nav_lecture4_hw/install/nav_hw_interfaces/share/nav_hw_interfaces/environment/path.dsv
-- Up-to-date symlink: /home/abin/nav_lecture4_hw/install/nav_hw_interfaces/share/nav_hw_interfaces/local_setup.bash
-- Up-to-date symlink: /home/abin/nav_lecture4_hw/install/nav_hw_interfaces/share/nav_hw_interfaces/local_setup.sh
-- Up-to-date symlink: /home/abin/nav_lecture4_hw/install/nav_hw_interfaces/share/nav_hw_interfaces/local_setup.zsh
-- Up-to-date symlink: /home/abin/nav_lecture4_hw/install/nav_hw_interfaces/share/nav_hw_interfaces/local_setup.dsv
-- Symlinking: /home/abin/nav_lecture4_hw/install/nav_hw_interfaces/share/nav_hw_interfaces/package.dsv
-- Up-to-date symlink: /home/abin/nav_lecture4_hw/install/nav_hw_interfaces/share/ament_index/resource_index/packages/nav_hw_interfaces
-- Up-to-date symlink: /home/abin/nav_lecture4_hw/install/nav_hw_interfaces/share/nav_hw_interfaces/cmake/rosidl_cmake-extras.cmake
-- Up-to-date symlink: /home/abin/nav_lecture4_hw/install/nav_hw_interfaces/share/nav_hw_interfaces/cmake/ament_cmake_export_dependencies-extras.cmake
-- Up-to-date symlink: /home/abin/nav_lecture4_hw/install/nav_hw_interfaces/share/nav_hw_interfaces/cmake/ament_cmake_export_include_directories-extras.cmake
-- Up-to-date symlink: /home/abin/nav_lecture4_hw/install/nav_hw_interfaces/share/nav_hw_interfaces/cmake/ament_cmake_export_libraries-extras.cmake
-- Up-to-date symlink: /home/abin/nav_lecture4_hw/install/nav_hw_interfaces/share/nav_hw_interfaces/cmake/ament_cmake_export_targets-extras.cmake
-- Up-to-date symlink: /home/abin/nav_lecture4_hw/install/nav_hw_interfaces/share/nav_hw_interfaces/cmake/rosidl_cmake_export_typesupport_targets-extras.cmake
-- Up-to-date symlink: /home/abin/nav_lecture4_hw/install/nav_hw_interfaces/share/nav_hw_interfaces/cmake/rosidl_cmake_export_typesupport_libraries-extras.cmake
-- Up-to-date symlink: /home/abin/nav_lecture4_hw/install/nav_hw_interfaces/share/nav_hw_interfaces/cmake/rosidl_cmake_aggregate_target-extras.cmake
-- Up-to-date symlink: /home/abin/nav_lecture4_hw/install/nav_hw_interfaces/share/nav_hw_interfaces/cmake/nav_hw_interfacesConfig.cmake
-- Up-to-date symlink: /home/abin/nav_lecture4_hw/install/nav_hw_interfaces/share/nav_hw_interfaces/cmake/nav_hw_interfacesConfig-version.cmake
-- Up-to-date symlink: /home/abin/nav_lecture4_hw/install/nav_hw_interfaces/share/nav_hw_interfaces/package.xml
-- Up-to-date: /home/abin/nav_lecture4_hw/install/nav_hw_interfaces/lib/libnav_hw_interfaces__rosidl_generator_c.so
-- Up-to-date: /home/abin/nav_lecture4_hw/install/nav_hw_interfaces/lib/libnav_hw_interfaces__rosidl_typesupport_fastrtps_c.so
-- Up-to-date: /home/abin/nav_lecture4_hw/install/nav_hw_interfaces/lib/libnav_hw_interfaces__rosidl_typesupport_introspection_c.so
-- Up-to-date: /home/abin/nav_lecture4_hw/install/nav_hw_interfaces/lib/libnav_hw_interfaces__rosidl_typesupport_c.so
-- Up-to-date: /home/abin/nav_lecture4_hw/install/nav_hw_interfaces/lib/libnav_hw_interfaces__rosidl_typesupport_fastrtps_cpp.so
-- Up-to-date: /home/abin/nav_lecture4_hw/install/nav_hw_interfaces/lib/libnav_hw_interfaces__rosidl_typesupport_introspection_cpp.so
-- Up-to-date: /home/abin/nav_lecture4_hw/install/nav_hw_interfaces/lib/libnav_hw_interfaces__rosidl_typesupport_cpp.so
Listing '/home/abin/nav_lecture4_hw/install/nav_hw_interfaces/local/lib/python3.10/dist-packages/nav_hw_interfaces'...
Listing '/home/abin/nav_lecture4_hw/install/nav_hw_interfaces/local/lib/python3.10/dist-packages/nav_hw_interfaces/msg'...
-- Up-to-date: /home/abin/nav_lecture4_hw/install/nav_hw_interfaces/lib/libnav_hw_interfaces__rosidl_generator_py.so
-- Up-to-date: /home/abin/nav_lecture4_hw/install/nav_hw_interfaces/share/nav_hw_interfaces/cmake/export_nav_hw_interfaces__rosidl_generator_cExport.cmake
-- Up-to-date: /home/abin/nav_lecture4_hw/install/nav_hw_interfaces/share/nav_hw_interfaces/cmake/export_nav_hw_interfaces__rosidl_generator_cExport-noconfig.cmake
-- Up-to-date: /home/abin/nav_lecture4_hw/install/nav_hw_interfaces/share/nav_hw_interfaces/cmake/export_nav_hw_interfaces__rosidl_typesupport_fastrtps_cExport.cmake
-- Up-to-date: /home/abin/nav_lecture4_hw/install/nav_hw_interfaces/share/nav_hw_interfaces/cmake/export_nav_hw_interfaces__rosidl_typesupport_fastrtps_cExport-noconfig.cmake
-- Up-to-date: /home/abin/nav_lecture4_hw/install/nav_hw_interfaces/share/nav_hw_interfaces/cmake/nav_hw_interfaces__rosidl_typesupport_introspection_cExport.cmake
-- Up-to-date: /home/abin/nav_lecture4_hw/install/nav_hw_interfaces/share/nav_hw_interfaces/cmake/nav_hw_interfaces__rosidl_typesupport_introspection_cExport-noconfig.cmake
-- Up-to-date: /home/abin/nav_lecture4_hw/install/nav_hw_interfaces/share/nav_hw_interfaces/cmake/nav_hw_interfaces__rosidl_typesupport_cExport.cmake
-- Up-to-date: /home/abin/nav_lecture4_hw/install/nav_hw_interfaces/share/nav_hw_interfaces/cmake/nav_hw_interfaces__rosidl_typesupport_cExport-noconfig.cmake
-- Up-to-date: /home/abin/nav_lecture4_hw/install/nav_hw_interfaces/share/nav_hw_interfaces/cmake/export_nav_hw_interfaces__rosidl_generator_cppExport.cmake
-- Up-to-date: /home/abin/nav_lecture4_hw/install/nav_hw_interfaces/share/nav_hw_interfaces/cmake/export_nav_hw_interfaces__rosidl_typesupport_fastrtps_cppExport.cmake
-- Up-to-date: /home/abin/nav_lecture4_hw/install/nav_hw_interfaces/share/nav_hw_interfaces/cmake/export_nav_hw_interfaces__rosidl_typesupport_fastrtps_cppExport-noconfig.cmake
-- Up-to-date: /home/abin/nav_lecture4_hw/install/nav_hw_interfaces/share/nav_hw_interfaces/cmake/nav_hw_interfaces__rosidl_typesupport_introspection_cppExport.cmake
-- Up-to-date: /home/abin/nav_lecture4_hw/install/nav_hw_interfaces/share/nav_hw_interfaces/cmake/nav_hw_interfaces__rosidl_typesupport_introspection_cppExport-noconfig.cmake
-- Up-to-date: /home/abin/nav_lecture4_hw/install/nav_hw_interfaces/share/nav_hw_interfaces/cmake/nav_hw_interfaces__rosidl_typesupport_cppExport.cmake
-- Up-to-date: /home/abin/nav_lecture4_hw/install/nav_hw_interfaces/share/nav_hw_interfaces/cmake/nav_hw_interfaces__rosidl_typesupport_cppExport-noconfig.cmake
-- Up-to-date: /home/abin/nav_lecture4_hw/install/nav_hw_interfaces/share/nav_hw_interfaces/cmake/export_nav_hw_interfaces__rosidl_generator_pyExport.cmake
-- Up-to-date: /home/abin/nav_lecture4_hw/install/nav_hw_interfaces/share/nav_hw_interfaces/cmake/export_nav_hw_interfaces__rosidl_generator_pyExport-noconfig.cmake
