[0.008s] Invoking command in '/home/abin/nav_lecture4_hw/build/nav_hw_interfaces': CMAKE_PREFIX_PATH=/opt/ros/humble /usr/bin/cmake /home/abin/nav_lecture4_hw/src/nav_hw_interfaces -DAMENT_CMAKE_SYMLINK_INSTALL=1 -DCMAKE_INSTALL_PREFIX=/home/abin/nav_lecture4_hw/install/nav_hw_interfaces
[0.425s] -- The C compiler identification is GNU 11.4.0
[2.090s] -- The CXX compiler identification is GNU 11.4.0
[3.502s] -- Detecting C compiler ABI info
[3.842s] -- Detecting C compiler ABI info - done
[3.846s] -- Check for working C compiler: /usr/bin/cc - skipped
[3.847s] -- Detecting C compile features
[3.847s] -- Detecting C compile features - done
[3.850s] -- Detecting CXX compiler ABI info
[4.214s] -- Detecting CXX compiler ABI info - done
[4.218s] -- Check for working CXX compiler: /usr/bin/c++ - skipped
[4.218s] -- Detecting CXX compile features
[4.218s] -- Detecting CXX compile features - done
[4.231s] -- Found ament_cmake: 1.3.14 (/opt/ros/humble/share/ament_cmake/cmake)
[4.325s] -- Found Python3: /usr/bin/python3 (found version "3.10.12") found components: Interpreter 
[4.374s] -- Override CMake install command with custom implementation using symlinks instead of copying resources
[4.400s] -- Found rosidl_default_generators: 1.2.1 (/opt/ros/humble/share/rosidl_default_generators/cmake)
[4.403s] -- Using all available rosidl_typesupport_c: rosidl_typesupport_fastrtps_c;rosidl_typesupport_introspection_c
[4.410s] -- Found rosidl_adapter: 3.1.9 (/opt/ros/humble/share/rosidl_adapter/cmake)
[4.802s] -- Using all available rosidl_typesupport_cpp: rosidl_typesupport_fastrtps_cpp;rosidl_typesupport_introspection_cpp
[4.837s] -- Found std_msgs: 4.9.1 (/opt/ros/humble/share/std_msgs/cmake)
[5.046s] -- Found ament_cmake_ros: 0.10.0 (/opt/ros/humble/share/ament_cmake_ros/cmake)
[5.186s] -- Using all available rosidl_typesupport_c: rosidl_typesupport_fastrtps_c;rosidl_typesupport_introspection_c
[5.369s] -- Using all available rosidl_typesupport_cpp: rosidl_typesupport_fastrtps_cpp;rosidl_typesupport_introspection_cpp
[5.960s] -- Found PythonInterp: /usr/bin/python3 (found suitable version "3.10.12", minimum required is "3.6") 
[5.962s] -- Found python_cmake_module: 0.10.0 (/opt/ros/humble/share/python_cmake_module/cmake)
[7.440s] -- Found PythonLibs: /usr/lib/x86_64-linux-gnu/libpython3.10.so (found suitable version "3.10.12", minimum required is "3.5") 
[7.440s] -- Using PYTHON_EXECUTABLE: /usr/bin/python3
[7.440s] -- Using PYTHON_INCLUDE_DIRS: /usr/include/python3.10
[7.440s] -- Using PYTHON_LIBRARIES: /usr/lib/x86_64-linux-gnu/libpython3.10.so
[7.454s] -- Found PythonExtra: .so  
[7.781s] -- Configuring done
[7.814s] -- Generating done
[7.822s] -- Build files have been written to: /home/abin/nav_lecture4_hw/build/nav_hw_interfaces
[7.828s] Invoked command in '/home/abin/nav_lecture4_hw/build/nav_hw_interfaces' returned '0': CMAKE_PREFIX_PATH=/opt/ros/humble /usr/bin/cmake /home/abin/nav_lecture4_hw/src/nav_hw_interfaces -DAMENT_CMAKE_SYMLINK_INSTALL=1 -DCMAKE_INSTALL_PREFIX=/home/abin/nav_lecture4_hw/install/nav_hw_interfaces
[7.829s] Invoking command in '/home/abin/nav_lecture4_hw/build/nav_hw_interfaces': CMAKE_PREFIX_PATH=/opt/ros/humble /usr/bin/cmake --build /home/abin/nav_lecture4_hw/build/nav_hw_interfaces -- -j24 -l24
[7.853s] [  2%] Generating C code for ROS interfaces
[7.859s] [  4%] Generating C++ code for ROS interfaces
[7.859s] [  6%] Generating Rust code for ROS interfaces
[7.865s] [  6%] Built target ament_cmake_python_symlink_nav_hw_interfaces
[8.013s] running egg_info
[8.014s] creating nav_hw_interfaces.egg-info
[8.014s] writing nav_hw_interfaces.egg-info/PKG-INFO
[8.015s] writing dependency_links to nav_hw_interfaces.egg-info/dependency_links.txt
[8.015s] writing top-level names to nav_hw_interfaces.egg-info/top_level.txt
[8.015s] writing manifest file 'nav_hw_interfaces.egg-info/SOURCES.txt'
[8.017s] reading manifest file 'nav_hw_interfaces.egg-info/SOURCES.txt'
[8.017s] writing manifest file 'nav_hw_interfaces.egg-info/SOURCES.txt'
[8.035s] [  6%] Built target ament_cmake_python_build_nav_hw_interfaces_egg
[8.088s] [  6%] Built target nav_hw_interfaces__rs
[8.141s] [  6%] Built target nav_hw_interfaces__cpp
[8.145s] [  8%] Building C object CMakeFiles/nav_hw_interfaces__rosidl_generator_c.dir/rosidl_generator_c/nav_hw_interfaces/msg/detail/robot_status__functions.c.o
[8.145s] [ 10%] Building C object CMakeFiles/nav_hw_interfaces__rosidl_generator_c.dir/rosidl_generator_c/nav_hw_interfaces/msg/detail/sensor_data__functions.c.o
[8.145s] [ 12%] Building C object CMakeFiles/nav_hw_interfaces__rosidl_generator_c.dir/rosidl_generator_c/nav_hw_interfaces/msg/detail/waypoint__functions.c.o
[8.147s] [ 16%] Generating C++ introspection for ROS interfaces
[8.147s] [ 16%] Generating C++ type support dispatch for ROS interfaces
[8.148s] [ 18%] Generating C++ type support for eProsima Fast-RTPS
[8.195s] [ 20%] Linking C shared library libnav_hw_interfaces__rosidl_generator_c.so
[8.388s] [ 25%] Building CXX object CMakeFiles/nav_hw_interfaces__rosidl_typesupport_cpp.dir/rosidl_typesupport_cpp/nav_hw_interfaces/msg/sensor_data__type_support.cpp.o
[8.388s] [ 22%] Building CXX object CMakeFiles/nav_hw_interfaces__rosidl_typesupport_cpp.dir/rosidl_typesupport_cpp/nav_hw_interfaces/msg/robot_status__type_support.cpp.o
[8.389s] [ 27%] Building CXX object CMakeFiles/nav_hw_interfaces__rosidl_typesupport_cpp.dir/rosidl_typesupport_cpp/nav_hw_interfaces/msg/waypoint__type_support.cpp.o
[8.398s] [ 31%] Building CXX object CMakeFiles/nav_hw_interfaces__rosidl_typesupport_introspection_cpp.dir/rosidl_typesupport_introspection_cpp/nav_hw_interfaces/msg/detail/sensor_data__type_support.cpp.o
[8.398s] [ 31%] Building CXX object CMakeFiles/nav_hw_interfaces__rosidl_typesupport_introspection_cpp.dir/rosidl_typesupport_introspection_cpp/nav_hw_interfaces/msg/detail/robot_status__type_support.cpp.o
[8.398s] [ 33%] Building CXX object CMakeFiles/nav_hw_interfaces__rosidl_typesupport_introspection_cpp.dir/rosidl_typesupport_introspection_cpp/nav_hw_interfaces/msg/detail/waypoint__type_support.cpp.o
[8.421s] [ 35%] Building CXX object CMakeFiles/nav_hw_interfaces__rosidl_typesupport_fastrtps_cpp.dir/rosidl_typesupport_fastrtps_cpp/nav_hw_interfaces/msg/detail/dds_fastrtps/robot_status__type_support.cpp.o
[8.421s] [ 37%] Building CXX object CMakeFiles/nav_hw_interfaces__rosidl_typesupport_fastrtps_cpp.dir/rosidl_typesupport_fastrtps_cpp/nav_hw_interfaces/msg/detail/dds_fastrtps/waypoint__type_support.cpp.o
[8.422s] [ 39%] Building CXX object CMakeFiles/nav_hw_interfaces__rosidl_typesupport_fastrtps_cpp.dir/rosidl_typesupport_fastrtps_cpp/nav_hw_interfaces/msg/detail/dds_fastrtps/sensor_data__type_support.cpp.o
[8.628s] [ 41%] Linking CXX shared library libnav_hw_interfaces__rosidl_typesupport_cpp.so
[8.716s] [ 43%] Linking CXX shared library libnav_hw_interfaces__rosidl_typesupport_introspection_cpp.so
[8.752s] [ 45%] Linking CXX shared library libnav_hw_interfaces__rosidl_typesupport_fastrtps_cpp.so
[8.776s] [ 45%] Built target nav_hw_interfaces__rosidl_generator_c
[8.782s] [ 52%] Generating C introspection for ROS interfaces
[8.782s] [ 52%] Generating C type support dispatch for ROS interfaces
[8.782s] [ 52%] Generating C type support for eProsima Fast-RTPS
[9.016s] [ 58%] Building CXX object CMakeFiles/nav_hw_interfaces__rosidl_typesupport_c.dir/rosidl_typesupport_c/nav_hw_interfaces/msg/waypoint__type_support.cpp.o
[9.016s] [ 58%] Building CXX object CMakeFiles/nav_hw_interfaces__rosidl_typesupport_c.dir/rosidl_typesupport_c/nav_hw_interfaces/msg/robot_status__type_support.cpp.o
[9.016s] [ 58%] Building CXX object CMakeFiles/nav_hw_interfaces__rosidl_typesupport_c.dir/rosidl_typesupport_c/nav_hw_interfaces/msg/sensor_data__type_support.cpp.o
[9.038s] [ 60%] Linking CXX shared library libnav_hw_interfaces__rosidl_typesupport_c.so
[9.040s] [ 64%] Building C object CMakeFiles/nav_hw_interfaces__rosidl_typesupport_introspection_c.dir/rosidl_typesupport_introspection_c/nav_hw_interfaces/msg/detail/robot_status__type_support.c.o
[9.040s] [ 64%] Building C object CMakeFiles/nav_hw_interfaces__rosidl_typesupport_introspection_c.dir/rosidl_typesupport_introspection_c/nav_hw_interfaces/msg/detail/sensor_data__type_support.c.o
[9.041s] [ 66%] Building C object CMakeFiles/nav_hw_interfaces__rosidl_typesupport_introspection_c.dir/rosidl_typesupport_introspection_c/nav_hw_interfaces/msg/detail/waypoint__type_support.c.o
[9.047s] [ 68%] Building CXX object CMakeFiles/nav_hw_interfaces__rosidl_typesupport_fastrtps_c.dir/rosidl_typesupport_fastrtps_c/nav_hw_interfaces/msg/detail/robot_status__type_support_c.cpp.o
[9.047s] [ 70%] Building CXX object CMakeFiles/nav_hw_interfaces__rosidl_typesupport_fastrtps_c.dir/rosidl_typesupport_fastrtps_c/nav_hw_interfaces/msg/detail/sensor_data__type_support_c.cpp.o
[9.048s] [ 72%] Building CXX object CMakeFiles/nav_hw_interfaces__rosidl_typesupport_fastrtps_c.dir/rosidl_typesupport_fastrtps_c/nav_hw_interfaces/msg/detail/waypoint__type_support_c.cpp.o
[9.067s] [ 75%] Linking C shared library libnav_hw_interfaces__rosidl_typesupport_introspection_c.so
[9.250s] [ 77%] Linking CXX shared library libnav_hw_interfaces__rosidl_typesupport_fastrtps_c.so
[9.338s] [ 77%] Built target nav_hw_interfaces__rosidl_typesupport_cpp
[9.385s] [ 77%] Built target nav_hw_interfaces__rosidl_typesupport_introspection_cpp
[9.479s] [ 77%] Built target nav_hw_interfaces__rosidl_typesupport_fastrtps_cpp
[9.574s] [ 77%] Built target nav_hw_interfaces__rosidl_typesupport_introspection_c
[9.581s] [ 77%] Built target nav_hw_interfaces__rosidl_typesupport_c
[9.759s] [ 77%] Built target nav_hw_interfaces__rosidl_typesupport_fastrtps_c
[9.772s] [ 77%] Built target nav_hw_interfaces
[9.785s] [ 79%] Generating Python code for ROS interfaces
[10.218s] [ 79%] Built target nav_hw_interfaces__py
[10.233s] [ 83%] Building C object CMakeFiles/nav_hw_interfaces__rosidl_generator_py.dir/rosidl_generator_py/nav_hw_interfaces/msg/_sensor_data_s.c.o
[10.233s] [ 85%] Building C object CMakeFiles/nav_hw_interfaces__rosidl_generator_py.dir/rosidl_generator_py/nav_hw_interfaces/msg/_robot_status_s.c.o
[10.233s] [ 85%] Building C object CMakeFiles/nav_hw_interfaces__rosidl_generator_py.dir/rosidl_generator_py/nav_hw_interfaces/msg/_waypoint_s.c.o
[10.345s] [ 87%] Linking C shared library rosidl_generator_py/nav_hw_interfaces/libnav_hw_interfaces__rosidl_generator_py.so
[10.890s] [ 87%] Built target nav_hw_interfaces__rosidl_generator_py
[10.903s] [ 91%] Building C object CMakeFiles/nav_hw_interfaces__rosidl_typesupport_fastrtps_c__pyext.dir/rosidl_generator_py/nav_hw_interfaces/_nav_hw_interfaces_s.ep.rosidl_typesupport_fastrtps_c.c.o
[10.903s] [ 91%] Building C object CMakeFiles/nav_hw_interfaces__rosidl_typesupport_introspection_c__pyext.dir/rosidl_generator_py/nav_hw_interfaces/_nav_hw_interfaces_s.ep.rosidl_typesupport_introspection_c.c.o
[10.903s] [ 93%] Building C object CMakeFiles/nav_hw_interfaces__rosidl_typesupport_c__pyext.dir/rosidl_generator_py/nav_hw_interfaces/_nav_hw_interfaces_s.ep.rosidl_typesupport_c.c.o
[10.965s] [100%] Linking C shared library rosidl_generator_py/nav_hw_interfaces/nav_hw_interfaces_s__rosidl_typesupport_fastrtps_c.cpython-310-x86_64-linux-gnu.so
[10.965s] [100%] Linking C shared library rosidl_generator_py/nav_hw_interfaces/nav_hw_interfaces_s__rosidl_typesupport_introspection_c.cpython-310-x86_64-linux-gnu.so
[10.965s] [100%] Linking C shared library rosidl_generator_py/nav_hw_interfaces/nav_hw_interfaces_s__rosidl_typesupport_c.cpython-310-x86_64-linux-gnu.so
[11.271s] [100%] Built target nav_hw_interfaces__rosidl_typesupport_c__pyext
[11.271s] [100%] Built target nav_hw_interfaces__rosidl_typesupport_introspection_c__pyext
[11.271s] [100%] Built target nav_hw_interfaces__rosidl_typesupport_fastrtps_c__pyext
[11.279s] Invoked command in '/home/abin/nav_lecture4_hw/build/nav_hw_interfaces' returned '0': CMAKE_PREFIX_PATH=/opt/ros/humble /usr/bin/cmake --build /home/abin/nav_lecture4_hw/build/nav_hw_interfaces -- -j24 -l24
[11.285s] Invoking command in '/home/abin/nav_lecture4_hw/build/nav_hw_interfaces': CMAKE_PREFIX_PATH=/opt/ros/humble /usr/bin/cmake --install /home/abin/nav_lecture4_hw/build/nav_hw_interfaces
[11.290s] -- Install configuration: ""
[11.290s] -- Execute custom install script
[11.291s] -- Symlinking: /home/abin/nav_lecture4_hw/install/nav_hw_interfaces/share/ament_index/resource_index/rosidl_interfaces/nav_hw_interfaces
[11.297s] -- Symlinking: /home/abin/nav_lecture4_hw/install/nav_hw_interfaces/include/nav_hw_interfaces/nav_hw_interfaces/msg/detail/robot_status__functions.h
[11.302s] -- Symlinking: /home/abin/nav_lecture4_hw/install/nav_hw_interfaces/include/nav_hw_interfaces/nav_hw_interfaces/msg/detail/robot_status__struct.h
[11.307s] -- Symlinking: /home/abin/nav_lecture4_hw/install/nav_hw_interfaces/include/nav_hw_interfaces/nav_hw_interfaces/msg/detail/robot_status__type_support.h
[11.312s] -- Symlinking: /home/abin/nav_lecture4_hw/install/nav_hw_interfaces/include/nav_hw_interfaces/nav_hw_interfaces/msg/detail/sensor_data__functions.h
[11.317s] -- Symlinking: /home/abin/nav_lecture4_hw/install/nav_hw_interfaces/include/nav_hw_interfaces/nav_hw_interfaces/msg/detail/sensor_data__struct.h
[11.323s] -- Symlinking: /home/abin/nav_lecture4_hw/install/nav_hw_interfaces/include/nav_hw_interfaces/nav_hw_interfaces/msg/detail/sensor_data__type_support.h
[11.328s] -- Symlinking: /home/abin/nav_lecture4_hw/install/nav_hw_interfaces/include/nav_hw_interfaces/nav_hw_interfaces/msg/detail/waypoint__functions.h
[11.333s] -- Symlinking: /home/abin/nav_lecture4_hw/install/nav_hw_interfaces/include/nav_hw_interfaces/nav_hw_interfaces/msg/detail/waypoint__struct.h
[11.338s] -- Symlinking: /home/abin/nav_lecture4_hw/install/nav_hw_interfaces/include/nav_hw_interfaces/nav_hw_interfaces/msg/detail/waypoint__type_support.h
[11.344s] -- Symlinking: /home/abin/nav_lecture4_hw/install/nav_hw_interfaces/include/nav_hw_interfaces/nav_hw_interfaces/msg/robot_status.h
[11.349s] -- Symlinking: /home/abin/nav_lecture4_hw/install/nav_hw_interfaces/include/nav_hw_interfaces/nav_hw_interfaces/msg/rosidl_generator_c__visibility_control.h
[11.355s] -- Symlinking: /home/abin/nav_lecture4_hw/install/nav_hw_interfaces/include/nav_hw_interfaces/nav_hw_interfaces/msg/sensor_data.h
[11.360s] -- Symlinking: /home/abin/nav_lecture4_hw/install/nav_hw_interfaces/include/nav_hw_interfaces/nav_hw_interfaces/msg/waypoint.h
[11.366s] -- Symlinking: /home/abin/nav_lecture4_hw/install/nav_hw_interfaces/share/nav_hw_interfaces/environment/library_path.sh
[11.371s] -- Symlinking: /home/abin/nav_lecture4_hw/install/nav_hw_interfaces/share/nav_hw_interfaces/environment/library_path.dsv
[11.376s] -- Symlinking: /home/abin/nav_lecture4_hw/install/nav_hw_interfaces/include/nav_hw_interfaces/nav_hw_interfaces/msg/detail/robot_status__rosidl_typesupport_fastrtps_c.h
[11.381s] -- Symlinking: /home/abin/nav_lecture4_hw/install/nav_hw_interfaces/include/nav_hw_interfaces/nav_hw_interfaces/msg/detail/sensor_data__rosidl_typesupport_fastrtps_c.h
[11.386s] -- Symlinking: /home/abin/nav_lecture4_hw/install/nav_hw_interfaces/include/nav_hw_interfaces/nav_hw_interfaces/msg/detail/waypoint__rosidl_typesupport_fastrtps_c.h
[11.391s] -- Symlinking: /home/abin/nav_lecture4_hw/install/nav_hw_interfaces/include/nav_hw_interfaces/nav_hw_interfaces/msg/rosidl_typesupport_fastrtps_c__visibility_control.h
[11.397s] -- Symlinking: /home/abin/nav_lecture4_hw/install/nav_hw_interfaces/include/nav_hw_interfaces/nav_hw_interfaces/msg/detail/robot_status__rosidl_typesupport_introspection_c.h
[11.402s] -- Symlinking: /home/abin/nav_lecture4_hw/install/nav_hw_interfaces/include/nav_hw_interfaces/nav_hw_interfaces/msg/detail/sensor_data__rosidl_typesupport_introspection_c.h
[11.407s] -- Symlinking: /home/abin/nav_lecture4_hw/install/nav_hw_interfaces/include/nav_hw_interfaces/nav_hw_interfaces/msg/detail/waypoint__rosidl_typesupport_introspection_c.h
[11.412s] -- Symlinking: /home/abin/nav_lecture4_hw/install/nav_hw_interfaces/include/nav_hw_interfaces/nav_hw_interfaces/msg/rosidl_typesupport_introspection_c__visibility_control.h
[11.418s] -- Symlinking: /home/abin/nav_lecture4_hw/install/nav_hw_interfaces/include/nav_hw_interfaces/nav_hw_interfaces/msg/detail/robot_status__builder.hpp
[11.423s] -- Symlinking: /home/abin/nav_lecture4_hw/install/nav_hw_interfaces/include/nav_hw_interfaces/nav_hw_interfaces/msg/detail/robot_status__struct.hpp
[11.428s] -- Symlinking: /home/abin/nav_lecture4_hw/install/nav_hw_interfaces/include/nav_hw_interfaces/nav_hw_interfaces/msg/detail/robot_status__traits.hpp
[11.433s] -- Symlinking: /home/abin/nav_lecture4_hw/install/nav_hw_interfaces/include/nav_hw_interfaces/nav_hw_interfaces/msg/detail/robot_status__type_support.hpp
[11.438s] -- Symlinking: /home/abin/nav_lecture4_hw/install/nav_hw_interfaces/include/nav_hw_interfaces/nav_hw_interfaces/msg/detail/sensor_data__builder.hpp
[11.443s] -- Symlinking: /home/abin/nav_lecture4_hw/install/nav_hw_interfaces/include/nav_hw_interfaces/nav_hw_interfaces/msg/detail/sensor_data__struct.hpp
[11.448s] -- Symlinking: /home/abin/nav_lecture4_hw/install/nav_hw_interfaces/include/nav_hw_interfaces/nav_hw_interfaces/msg/detail/sensor_data__traits.hpp
[11.453s] -- Symlinking: /home/abin/nav_lecture4_hw/install/nav_hw_interfaces/include/nav_hw_interfaces/nav_hw_interfaces/msg/detail/sensor_data__type_support.hpp
[11.459s] -- Symlinking: /home/abin/nav_lecture4_hw/install/nav_hw_interfaces/include/nav_hw_interfaces/nav_hw_interfaces/msg/detail/waypoint__builder.hpp
[11.464s] -- Symlinking: /home/abin/nav_lecture4_hw/install/nav_hw_interfaces/include/nav_hw_interfaces/nav_hw_interfaces/msg/detail/waypoint__struct.hpp
[11.469s] -- Symlinking: /home/abin/nav_lecture4_hw/install/nav_hw_interfaces/include/nav_hw_interfaces/nav_hw_interfaces/msg/detail/waypoint__traits.hpp
[11.474s] -- Symlinking: /home/abin/nav_lecture4_hw/install/nav_hw_interfaces/include/nav_hw_interfaces/nav_hw_interfaces/msg/detail/waypoint__type_support.hpp
[11.479s] -- Symlinking: /home/abin/nav_lecture4_hw/install/nav_hw_interfaces/include/nav_hw_interfaces/nav_hw_interfaces/msg/robot_status.hpp
[11.484s] -- Symlinking: /home/abin/nav_lecture4_hw/install/nav_hw_interfaces/include/nav_hw_interfaces/nav_hw_interfaces/msg/rosidl_generator_cpp__visibility_control.hpp
[11.489s] -- Symlinking: /home/abin/nav_lecture4_hw/install/nav_hw_interfaces/include/nav_hw_interfaces/nav_hw_interfaces/msg/sensor_data.hpp
[11.494s] -- Symlinking: /home/abin/nav_lecture4_hw/install/nav_hw_interfaces/include/nav_hw_interfaces/nav_hw_interfaces/msg/waypoint.hpp
[11.500s] -- Symlinking: /home/abin/nav_lecture4_hw/install/nav_hw_interfaces/include/nav_hw_interfaces/nav_hw_interfaces/msg/detail/robot_status__rosidl_typesupport_fastrtps_cpp.hpp
[11.505s] -- Symlinking: /home/abin/nav_lecture4_hw/install/nav_hw_interfaces/include/nav_hw_interfaces/nav_hw_interfaces/msg/detail/sensor_data__rosidl_typesupport_fastrtps_cpp.hpp
[11.510s] -- Symlinking: /home/abin/nav_lecture4_hw/install/nav_hw_interfaces/include/nav_hw_interfaces/nav_hw_interfaces/msg/detail/waypoint__rosidl_typesupport_fastrtps_cpp.hpp
[11.515s] -- Symlinking: /home/abin/nav_lecture4_hw/install/nav_hw_interfaces/include/nav_hw_interfaces/nav_hw_interfaces/msg/rosidl_typesupport_fastrtps_cpp__visibility_control.h
[11.520s] -- Symlinking: /home/abin/nav_lecture4_hw/install/nav_hw_interfaces/include/nav_hw_interfaces/nav_hw_interfaces/msg/detail/robot_status__rosidl_typesupport_introspection_cpp.hpp
[11.525s] -- Symlinking: /home/abin/nav_lecture4_hw/install/nav_hw_interfaces/include/nav_hw_interfaces/nav_hw_interfaces/msg/detail/sensor_data__rosidl_typesupport_introspection_cpp.hpp
[11.530s] -- Symlinking: /home/abin/nav_lecture4_hw/install/nav_hw_interfaces/include/nav_hw_interfaces/nav_hw_interfaces/msg/detail/waypoint__rosidl_typesupport_introspection_cpp.hpp
[11.535s] -- Symlinking: /home/abin/nav_lecture4_hw/install/nav_hw_interfaces/share/nav_hw_interfaces/environment/pythonpath.sh
[11.540s] -- Symlinking: /home/abin/nav_lecture4_hw/install/nav_hw_interfaces/share/nav_hw_interfaces/environment/pythonpath.dsv
[11.545s] -- Symlinking: /home/abin/nav_lecture4_hw/install/nav_hw_interfaces/local/lib/python3.10/dist-packages/nav_hw_interfaces-0.0.0-py3.10.egg-info/PKG-INFO
[11.550s] -- Symlinking: /home/abin/nav_lecture4_hw/install/nav_hw_interfaces/local/lib/python3.10/dist-packages/nav_hw_interfaces-0.0.0-py3.10.egg-info/SOURCES.txt
[11.555s] -- Symlinking: /home/abin/nav_lecture4_hw/install/nav_hw_interfaces/local/lib/python3.10/dist-packages/nav_hw_interfaces-0.0.0-py3.10.egg-info/dependency_links.txt
[11.560s] -- Symlinking: /home/abin/nav_lecture4_hw/install/nav_hw_interfaces/local/lib/python3.10/dist-packages/nav_hw_interfaces-0.0.0-py3.10.egg-info/top_level.txt
[11.565s] -- Symlinking: /home/abin/nav_lecture4_hw/install/nav_hw_interfaces/local/lib/python3.10/dist-packages/nav_hw_interfaces/__init__.py
[11.571s] -- Symlinking: /home/abin/nav_lecture4_hw/install/nav_hw_interfaces/local/lib/python3.10/dist-packages/nav_hw_interfaces/_nav_hw_interfaces_s.ep.rosidl_typesupport_c.c
[11.575s] -- Symlinking: /home/abin/nav_lecture4_hw/install/nav_hw_interfaces/local/lib/python3.10/dist-packages/nav_hw_interfaces/_nav_hw_interfaces_s.ep.rosidl_typesupport_fastrtps_c.c
[11.580s] -- Symlinking: /home/abin/nav_lecture4_hw/install/nav_hw_interfaces/local/lib/python3.10/dist-packages/nav_hw_interfaces/_nav_hw_interfaces_s.ep.rosidl_typesupport_introspection_c.c
[11.585s] -- Symlinking: /home/abin/nav_lecture4_hw/install/nav_hw_interfaces/local/lib/python3.10/dist-packages/nav_hw_interfaces/libnav_hw_interfaces__rosidl_generator_py.so
[11.591s] -- Symlinking: /home/abin/nav_lecture4_hw/install/nav_hw_interfaces/local/lib/python3.10/dist-packages/nav_hw_interfaces/msg/__init__.py
[11.597s] -- Symlinking: /home/abin/nav_lecture4_hw/install/nav_hw_interfaces/local/lib/python3.10/dist-packages/nav_hw_interfaces/msg/_robot_status.py
[11.603s] -- Symlinking: /home/abin/nav_lecture4_hw/install/nav_hw_interfaces/local/lib/python3.10/dist-packages/nav_hw_interfaces/msg/_robot_status_s.c
[11.609s] -- Symlinking: /home/abin/nav_lecture4_hw/install/nav_hw_interfaces/local/lib/python3.10/dist-packages/nav_hw_interfaces/msg/_sensor_data.py
[11.617s] -- Symlinking: /home/abin/nav_lecture4_hw/install/nav_hw_interfaces/local/lib/python3.10/dist-packages/nav_hw_interfaces/msg/_sensor_data_s.c
[11.623s] -- Symlinking: /home/abin/nav_lecture4_hw/install/nav_hw_interfaces/local/lib/python3.10/dist-packages/nav_hw_interfaces/msg/_waypoint.py
[11.628s] -- Symlinking: /home/abin/nav_lecture4_hw/install/nav_hw_interfaces/local/lib/python3.10/dist-packages/nav_hw_interfaces/msg/_waypoint_s.c
[11.633s] -- Symlinking: /home/abin/nav_lecture4_hw/install/nav_hw_interfaces/local/lib/python3.10/dist-packages/nav_hw_interfaces/nav_hw_interfaces_s__rosidl_typesupport_c.cpython-310-x86_64-linux-gnu.so
[11.638s] -- Symlinking: /home/abin/nav_lecture4_hw/install/nav_hw_interfaces/local/lib/python3.10/dist-packages/nav_hw_interfaces/nav_hw_interfaces_s__rosidl_typesupport_fastrtps_c.cpython-310-x86_64-linux-gnu.so
[11.643s] -- Symlinking: /home/abin/nav_lecture4_hw/install/nav_hw_interfaces/local/lib/python3.10/dist-packages/nav_hw_interfaces/nav_hw_interfaces_s__rosidl_typesupport_introspection_c.cpython-310-x86_64-linux-gnu.so
[11.649s] -- Up-to-date symlink: /home/abin/nav_lecture4_hw/install/nav_hw_interfaces/local/lib/python3.10/dist-packages/nav_hw_interfaces/nav_hw_interfaces_s__rosidl_typesupport_fastrtps_c.cpython-310-x86_64-linux-gnu.so
[11.649s] -- Up-to-date symlink: /home/abin/nav_lecture4_hw/install/nav_hw_interfaces/local/lib/python3.10/dist-packages/nav_hw_interfaces/nav_hw_interfaces_s__rosidl_typesupport_introspection_c.cpython-310-x86_64-linux-gnu.so
[11.649s] -- Up-to-date symlink: /home/abin/nav_lecture4_hw/install/nav_hw_interfaces/local/lib/python3.10/dist-packages/nav_hw_interfaces/nav_hw_interfaces_s__rosidl_typesupport_c.cpython-310-x86_64-linux-gnu.so
[11.649s] -- Symlinking: /home/abin/nav_lecture4_hw/install/nav_hw_interfaces/share/ament_index/resource_index/rust_packages/nav_hw_interfaces
[11.654s] -- Symlinking: /home/abin/nav_lecture4_hw/install/nav_hw_interfaces/share/nav_hw_interfaces/rust/Cargo.toml
[11.659s] -- Symlinking: /home/abin/nav_lecture4_hw/install/nav_hw_interfaces/share/nav_hw_interfaces/rust/build.rs
[11.664s] -- Symlinking: /home/abin/nav_lecture4_hw/install/nav_hw_interfaces/share/nav_hw_interfaces/rust/src/lib.rs
[11.669s] -- Symlinking: /home/abin/nav_lecture4_hw/install/nav_hw_interfaces/share/nav_hw_interfaces/rust/src/msg.rs
[11.677s] -- Symlinking: /home/abin/nav_lecture4_hw/install/nav_hw_interfaces/share/nav_hw_interfaces/rust/src/msg/rmw.rs
[11.683s] -- Symlinking: /home/abin/nav_lecture4_hw/install/nav_hw_interfaces/share/nav_hw_interfaces/msg/RobotStatus.idl
[11.688s] -- Symlinking: /home/abin/nav_lecture4_hw/install/nav_hw_interfaces/share/nav_hw_interfaces/msg/SensorData.idl
[11.693s] -- Symlinking: /home/abin/nav_lecture4_hw/install/nav_hw_interfaces/share/nav_hw_interfaces/msg/Waypoint.idl
[11.698s] -- Symlinking: /home/abin/nav_lecture4_hw/install/nav_hw_interfaces/share/nav_hw_interfaces/msg/RobotStatus.msg
[11.703s] -- Symlinking: /home/abin/nav_lecture4_hw/install/nav_hw_interfaces/share/nav_hw_interfaces/msg/SensorData.msg
[11.708s] -- Symlinking: /home/abin/nav_lecture4_hw/install/nav_hw_interfaces/share/nav_hw_interfaces/msg/Waypoint.msg
[11.714s] -- Symlinking: /home/abin/nav_lecture4_hw/install/nav_hw_interfaces/share/ament_index/resource_index/package_run_dependencies/nav_hw_interfaces
[11.720s] -- Symlinking: /home/abin/nav_lecture4_hw/install/nav_hw_interfaces/share/ament_index/resource_index/parent_prefix_path/nav_hw_interfaces
[11.725s] -- Symlinking: /home/abin/nav_lecture4_hw/install/nav_hw_interfaces/share/nav_hw_interfaces/environment/ament_prefix_path.sh
[11.730s] -- Symlinking: /home/abin/nav_lecture4_hw/install/nav_hw_interfaces/share/nav_hw_interfaces/environment/ament_prefix_path.dsv
[11.736s] -- Symlinking: /home/abin/nav_lecture4_hw/install/nav_hw_interfaces/share/nav_hw_interfaces/environment/path.sh
[11.743s] -- Symlinking: /home/abin/nav_lecture4_hw/install/nav_hw_interfaces/share/nav_hw_interfaces/environment/path.dsv
[11.749s] -- Symlinking: /home/abin/nav_lecture4_hw/install/nav_hw_interfaces/share/nav_hw_interfaces/local_setup.bash
[11.754s] -- Symlinking: /home/abin/nav_lecture4_hw/install/nav_hw_interfaces/share/nav_hw_interfaces/local_setup.sh
[11.759s] -- Symlinking: /home/abin/nav_lecture4_hw/install/nav_hw_interfaces/share/nav_hw_interfaces/local_setup.zsh
[11.764s] -- Symlinking: /home/abin/nav_lecture4_hw/install/nav_hw_interfaces/share/nav_hw_interfaces/local_setup.dsv
[11.770s] -- Symlinking: /home/abin/nav_lecture4_hw/install/nav_hw_interfaces/share/nav_hw_interfaces/package.dsv
[11.775s] -- Symlinking: /home/abin/nav_lecture4_hw/install/nav_hw_interfaces/share/ament_index/resource_index/packages/nav_hw_interfaces
[11.781s] -- Symlinking: /home/abin/nav_lecture4_hw/install/nav_hw_interfaces/share/nav_hw_interfaces/cmake/rosidl_cmake-extras.cmake
[11.787s] -- Symlinking: /home/abin/nav_lecture4_hw/install/nav_hw_interfaces/share/nav_hw_interfaces/cmake/ament_cmake_export_dependencies-extras.cmake
[11.792s] -- Symlinking: /home/abin/nav_lecture4_hw/install/nav_hw_interfaces/share/nav_hw_interfaces/cmake/ament_cmake_export_include_directories-extras.cmake
[11.797s] -- Symlinking: /home/abin/nav_lecture4_hw/install/nav_hw_interfaces/share/nav_hw_interfaces/cmake/ament_cmake_export_libraries-extras.cmake
[11.802s] -- Symlinking: /home/abin/nav_lecture4_hw/install/nav_hw_interfaces/share/nav_hw_interfaces/cmake/ament_cmake_export_targets-extras.cmake
[11.807s] -- Symlinking: /home/abin/nav_lecture4_hw/install/nav_hw_interfaces/share/nav_hw_interfaces/cmake/rosidl_cmake_export_typesupport_targets-extras.cmake
[11.812s] -- Symlinking: /home/abin/nav_lecture4_hw/install/nav_hw_interfaces/share/nav_hw_interfaces/cmake/rosidl_cmake_export_typesupport_libraries-extras.cmake
[11.817s] -- Symlinking: /home/abin/nav_lecture4_hw/install/nav_hw_interfaces/share/nav_hw_interfaces/cmake/rosidl_cmake_aggregate_target-extras.cmake
[11.822s] -- Symlinking: /home/abin/nav_lecture4_hw/install/nav_hw_interfaces/share/nav_hw_interfaces/cmake/nav_hw_interfacesConfig.cmake
[11.827s] -- Symlinking: /home/abin/nav_lecture4_hw/install/nav_hw_interfaces/share/nav_hw_interfaces/cmake/nav_hw_interfacesConfig-version.cmake
[11.831s] -- Symlinking: /home/abin/nav_lecture4_hw/install/nav_hw_interfaces/share/nav_hw_interfaces/package.xml
[11.837s] -- Installing: /home/abin/nav_lecture4_hw/install/nav_hw_interfaces/lib/libnav_hw_interfaces__rosidl_generator_c.so
[11.837s] -- Set runtime path of "/home/abin/nav_lecture4_hw/install/nav_hw_interfaces/lib/libnav_hw_interfaces__rosidl_generator_c.so" to ""
[11.837s] -- Installing: /home/abin/nav_lecture4_hw/install/nav_hw_interfaces/lib/libnav_hw_interfaces__rosidl_typesupport_fastrtps_c.so
[11.837s] -- Set runtime path of "/home/abin/nav_lecture4_hw/install/nav_hw_interfaces/lib/libnav_hw_interfaces__rosidl_typesupport_fastrtps_c.so" to ""
[11.837s] -- Installing: /home/abin/nav_lecture4_hw/install/nav_hw_interfaces/lib/libnav_hw_interfaces__rosidl_typesupport_introspection_c.so
[11.837s] -- Set runtime path of "/home/abin/nav_lecture4_hw/install/nav_hw_interfaces/lib/libnav_hw_interfaces__rosidl_typesupport_introspection_c.so" to ""
[11.837s] -- Installing: /home/abin/nav_lecture4_hw/install/nav_hw_interfaces/lib/libnav_hw_interfaces__rosidl_typesupport_c.so
[11.838s] -- Set runtime path of "/home/abin/nav_lecture4_hw/install/nav_hw_interfaces/lib/libnav_hw_interfaces__rosidl_typesupport_c.so" to ""
[11.838s] -- Installing: /home/abin/nav_lecture4_hw/install/nav_hw_interfaces/lib/libnav_hw_interfaces__rosidl_typesupport_fastrtps_cpp.so
[11.838s] -- Set runtime path of "/home/abin/nav_lecture4_hw/install/nav_hw_interfaces/lib/libnav_hw_interfaces__rosidl_typesupport_fastrtps_cpp.so" to ""
[11.838s] -- Installing: /home/abin/nav_lecture4_hw/install/nav_hw_interfaces/lib/libnav_hw_interfaces__rosidl_typesupport_introspection_cpp.so
[11.838s] -- Set runtime path of "/home/abin/nav_lecture4_hw/install/nav_hw_interfaces/lib/libnav_hw_interfaces__rosidl_typesupport_introspection_cpp.so" to ""
[11.838s] -- Installing: /home/abin/nav_lecture4_hw/install/nav_hw_interfaces/lib/libnav_hw_interfaces__rosidl_typesupport_cpp.so
[11.838s] -- Set runtime path of "/home/abin/nav_lecture4_hw/install/nav_hw_interfaces/lib/libnav_hw_interfaces__rosidl_typesupport_cpp.so" to ""
[11.863s] Listing '/home/abin/nav_lecture4_hw/install/nav_hw_interfaces/local/lib/python3.10/dist-packages/nav_hw_interfaces'...
[11.863s] Compiling '/home/abin/nav_lecture4_hw/install/nav_hw_interfaces/local/lib/python3.10/dist-packages/nav_hw_interfaces/__init__.py'...
[11.863s] Listing '/home/abin/nav_lecture4_hw/install/nav_hw_interfaces/local/lib/python3.10/dist-packages/nav_hw_interfaces/msg'...
[11.863s] Compiling '/home/abin/nav_lecture4_hw/install/nav_hw_interfaces/local/lib/python3.10/dist-packages/nav_hw_interfaces/msg/__init__.py'...
[11.863s] Compiling '/home/abin/nav_lecture4_hw/install/nav_hw_interfaces/local/lib/python3.10/dist-packages/nav_hw_interfaces/msg/_robot_status.py'...
[11.863s] Compiling '/home/abin/nav_lecture4_hw/install/nav_hw_interfaces/local/lib/python3.10/dist-packages/nav_hw_interfaces/msg/_sensor_data.py'...
[11.863s] Compiling '/home/abin/nav_lecture4_hw/install/nav_hw_interfaces/local/lib/python3.10/dist-packages/nav_hw_interfaces/msg/_waypoint.py'...
[11.866s] -- Installing: /home/abin/nav_lecture4_hw/install/nav_hw_interfaces/lib/libnav_hw_interfaces__rosidl_generator_py.so
[11.866s] -- Set runtime path of "/home/abin/nav_lecture4_hw/install/nav_hw_interfaces/lib/libnav_hw_interfaces__rosidl_generator_py.so" to ""
[11.866s] -- Installing: /home/abin/nav_lecture4_hw/install/nav_hw_interfaces/share/nav_hw_interfaces/cmake/export_nav_hw_interfaces__rosidl_generator_cExport.cmake
[11.867s] -- Installing: /home/abin/nav_lecture4_hw/install/nav_hw_interfaces/share/nav_hw_interfaces/cmake/export_nav_hw_interfaces__rosidl_generator_cExport-noconfig.cmake
[11.867s] -- Installing: /home/abin/nav_lecture4_hw/install/nav_hw_interfaces/share/nav_hw_interfaces/cmake/export_nav_hw_interfaces__rosidl_typesupport_fastrtps_cExport.cmake
[11.867s] -- Installing: /home/abin/nav_lecture4_hw/install/nav_hw_interfaces/share/nav_hw_interfaces/cmake/export_nav_hw_interfaces__rosidl_typesupport_fastrtps_cExport-noconfig.cmake
[11.867s] -- Installing: /home/abin/nav_lecture4_hw/install/nav_hw_interfaces/share/nav_hw_interfaces/cmake/nav_hw_interfaces__rosidl_typesupport_introspection_cExport.cmake
[11.867s] -- Installing: /home/abin/nav_lecture4_hw/install/nav_hw_interfaces/share/nav_hw_interfaces/cmake/nav_hw_interfaces__rosidl_typesupport_introspection_cExport-noconfig.cmake
[11.867s] -- Installing: /home/abin/nav_lecture4_hw/install/nav_hw_interfaces/share/nav_hw_interfaces/cmake/nav_hw_interfaces__rosidl_typesupport_cExport.cmake
[11.867s] -- Installing: /home/abin/nav_lecture4_hw/install/nav_hw_interfaces/share/nav_hw_interfaces/cmake/nav_hw_interfaces__rosidl_typesupport_cExport-noconfig.cmake
[11.867s] -- Installing: /home/abin/nav_lecture4_hw/install/nav_hw_interfaces/share/nav_hw_interfaces/cmake/export_nav_hw_interfaces__rosidl_generator_cppExport.cmake
[11.867s] -- Installing: /home/abin/nav_lecture4_hw/install/nav_hw_interfaces/share/nav_hw_interfaces/cmake/export_nav_hw_interfaces__rosidl_typesupport_fastrtps_cppExport.cmake
[11.867s] -- Installing: /home/abin/nav_lecture4_hw/install/nav_hw_interfaces/share/nav_hw_interfaces/cmake/export_nav_hw_interfaces__rosidl_typesupport_fastrtps_cppExport-noconfig.cmake
[11.867s] -- Installing: /home/abin/nav_lecture4_hw/install/nav_hw_interfaces/share/nav_hw_interfaces/cmake/nav_hw_interfaces__rosidl_typesupport_introspection_cppExport.cmake
[11.868s] -- Installing: /home/abin/nav_lecture4_hw/install/nav_hw_interfaces/share/nav_hw_interfaces/cmake/nav_hw_interfaces__rosidl_typesupport_introspection_cppExport-noconfig.cmake
[11.868s] -- Installing: /home/abin/nav_lecture4_hw/install/nav_hw_interfaces/share/nav_hw_interfaces/cmake/nav_hw_interfaces__rosidl_typesupport_cppExport.cmake
[11.868s] -- Installing: /home/abin/nav_lecture4_hw/install/nav_hw_interfaces/share/nav_hw_interfaces/cmake/nav_hw_interfaces__rosidl_typesupport_cppExport-noconfig.cmake
[11.868s] -- Installing: /home/abin/nav_lecture4_hw/install/nav_hw_interfaces/share/nav_hw_interfaces/cmake/export_nav_hw_interfaces__rosidl_generator_pyExport.cmake
[11.868s] -- Installing: /home/abin/nav_lecture4_hw/install/nav_hw_interfaces/share/nav_hw_interfaces/cmake/export_nav_hw_interfaces__rosidl_generator_pyExport-noconfig.cmake
[11.869s] Invoked command in '/home/abin/nav_lecture4_hw/build/nav_hw_interfaces' returned '0': CMAKE_PREFIX_PATH=/opt/ros/humble /usr/bin/cmake --install /home/abin/nav_lecture4_hw/build/nav_hw_interfaces
