[0.529s] Invoking command in '/home/abin/nav_lecture4_hw/build/qos_debugger': AMENT_PREFIX_PATH=/home/abin/nav_lecture4_hw/install/nav_hw_interfaces:${AMENT_PREFIX_PATH} CMAKE_PREFIX_PATH=/home/abin/nav_lecture4_hw/install/nav_hw_interfaces:/opt/ros/humble LD_LIBRARY_PATH=/home/abin/nav_lecture4_hw/install/nav_hw_interfaces/lib:${LD_LIBRARY_PATH} PYTHONPATH=/home/abin/nav_lecture4_hw/install/nav_hw_interfaces/local/lib/python3.10/dist-packages:${PYTHONPATH} /usr/bin/cmake /home/abin/nav_lecture4_hw/src/qos_debugger -DCMAKE_INSTALL_PREFIX=/home/abin/nav_lecture4_hw/install/qos_debugger
[0.537s] -- Found ament_cmake: 1.3.14 (/opt/ros/humble/share/ament_cmake/cmake)
[0.615s] -- Override CMake install command with custom implementation using symlinks instead of copying resources
[0.620s] -- Found rclcpp: 16.0.19 (/opt/ros/humble/share/rclcpp/cmake)
[1.173s] -- Found rosidl_generator_c: 3.1.9 (/opt/ros/humble/share/rosidl_generator_c/cmake)
[1.175s] -- Found rosidl_adapter: 3.1.9 (/opt/ros/humble/share/rosidl_adapter/cmake)
[1.178s] -- Found rosidl_generator_cpp: 3.1.9 (/opt/ros/humble/share/rosidl_generator_cpp/cmake)
[1.193s] -- Using all available rosidl_typesupport_c: rosidl_typesupport_fastrtps_c;rosidl_typesupport_introspection_c
[1.200s] -- Using all available rosidl_typesupport_cpp: rosidl_typesupport_fastrtps_cpp;rosidl_typesupport_introspection_cpp
[1.233s] -- Found rmw_implementation_cmake: 6.1.2 (/opt/ros/humble/share/rmw_implementation_cmake/cmake)
[1.235s] -- Found rmw_fastrtps_cpp: 6.2.10 (/opt/ros/humble/share/rmw_fastrtps_cpp/cmake)
[17.555s] -- Using RMW implementation 'rmw_fastrtps_cpp' as default
[17.616s] -- Found nav_hw_interfaces: 0.0.0 (/home/abin/nav_lecture4_hw/install/nav_hw_interfaces/share/nav_hw_interfaces/cmake)
[17.626s] -- Found ament_lint_auto: 0.12.15 (/opt/ros/humble/share/ament_lint_auto/cmake)
[17.679s] -- Added test 'cppcheck' to perform static code analysis on C / C++ code
[17.679s] -- Configured cppcheck include dirs: 
[17.679s] -- Configured cppcheck exclude dirs and/or files: 
[17.680s] -- Added test 'lint_cmake' to check CMake code style
[17.681s] -- Added test 'uncrustify' to check C / C++ code style
[17.681s] -- Configured uncrustify additional arguments: 
[17.682s] -- Added test 'xmllint' to check XML markup files
[17.684s] -- Configuring done
[17.701s] -- Generating done
[17.705s] -- Build files have been written to: /home/abin/nav_lecture4_hw/build/qos_debugger
[17.711s] Invoked command in '/home/abin/nav_lecture4_hw/build/qos_debugger' returned '0': AMENT_PREFIX_PATH=/home/abin/nav_lecture4_hw/install/nav_hw_interfaces:${AMENT_PREFIX_PATH} CMAKE_PREFIX_PATH=/home/abin/nav_lecture4_hw/install/nav_hw_interfaces:/opt/ros/humble LD_LIBRARY_PATH=/home/abin/nav_lecture4_hw/install/nav_hw_interfaces/lib:${LD_LIBRARY_PATH} PYTHONPATH=/home/abin/nav_lecture4_hw/install/nav_hw_interfaces/local/lib/python3.10/dist-packages:${PYTHONPATH} /usr/bin/cmake /home/abin/nav_lecture4_hw/src/qos_debugger -DCMAKE_INSTALL_PREFIX=/home/abin/nav_lecture4_hw/install/qos_debugger
[17.711s] Invoking command in '/home/abin/nav_lecture4_hw/build/qos_debugger': AMENT_PREFIX_PATH=/home/abin/nav_lecture4_hw/install/nav_hw_interfaces:${AMENT_PREFIX_PATH} CMAKE_PREFIX_PATH=/home/abin/nav_lecture4_hw/install/nav_hw_interfaces:/opt/ros/humble LD_LIBRARY_PATH=/home/abin/nav_lecture4_hw/install/nav_hw_interfaces/lib:${LD_LIBRARY_PATH} PYTHONPATH=/home/abin/nav_lecture4_hw/install/nav_hw_interfaces/local/lib/python3.10/dist-packages:${PYTHONPATH} /usr/bin/cmake --build /home/abin/nav_lecture4_hw/build/qos_debugger -- -j24 -l24
[17.736s] [35m[1mConsolidate compiler generated dependencies of target qos_debugger_sub[0m
[17.736s] [35m[1mConsolidate compiler generated dependencies of target qos_debugger_pub[0m
[17.746s] [100%] Built target qos_debugger_sub
[17.746s] [100%] Built target qos_debugger_pub
[17.753s] Invoked command in '/home/abin/nav_lecture4_hw/build/qos_debugger' returned '0': AMENT_PREFIX_PATH=/home/abin/nav_lecture4_hw/install/nav_hw_interfaces:${AMENT_PREFIX_PATH} CMAKE_PREFIX_PATH=/home/abin/nav_lecture4_hw/install/nav_hw_interfaces:/opt/ros/humble LD_LIBRARY_PATH=/home/abin/nav_lecture4_hw/install/nav_hw_interfaces/lib:${LD_LIBRARY_PATH} PYTHONPATH=/home/abin/nav_lecture4_hw/install/nav_hw_interfaces/local/lib/python3.10/dist-packages:${PYTHONPATH} /usr/bin/cmake --build /home/abin/nav_lecture4_hw/build/qos_debugger -- -j24 -l24
[17.756s] Invoking command in '/home/abin/nav_lecture4_hw/build/qos_debugger': AMENT_PREFIX_PATH=/home/abin/nav_lecture4_hw/install/nav_hw_interfaces:${AMENT_PREFIX_PATH} CMAKE_PREFIX_PATH=/home/abin/nav_lecture4_hw/install/nav_hw_interfaces:/opt/ros/humble LD_LIBRARY_PATH=/home/abin/nav_lecture4_hw/install/nav_hw_interfaces/lib:${LD_LIBRARY_PATH} PYTHONPATH=/home/abin/nav_lecture4_hw/install/nav_hw_interfaces/local/lib/python3.10/dist-packages:${PYTHONPATH} /usr/bin/cmake --install /home/abin/nav_lecture4_hw/build/qos_debugger
[17.761s] -- Install configuration: ""
[17.761s] -- Execute custom install script
[17.761s] -- Up-to-date symlink: /home/abin/nav_lecture4_hw/install/qos_debugger/lib/qos_debugger/qos_debugger_pub
[17.762s] -- Up-to-date symlink: /home/abin/nav_lecture4_hw/install/qos_debugger/lib/qos_debugger/qos_debugger_sub
[17.762s] -- Up-to-date symlink: /home/abin/nav_lecture4_hw/install/qos_debugger/share/ament_index/resource_index/package_run_dependencies/qos_debugger
[17.762s] -- Up-to-date symlink: /home/abin/nav_lecture4_hw/install/qos_debugger/share/ament_index/resource_index/parent_prefix_path/qos_debugger
[17.763s] -- Up-to-date symlink: /home/abin/nav_lecture4_hw/install/qos_debugger/share/qos_debugger/environment/ament_prefix_path.sh
[17.763s] -- Up-to-date symlink: /home/abin/nav_lecture4_hw/install/qos_debugger/share/qos_debugger/environment/ament_prefix_path.dsv
[17.763s] -- Up-to-date symlink: /home/abin/nav_lecture4_hw/install/qos_debugger/share/qos_debugger/environment/path.sh
[17.763s] -- Up-to-date symlink: /home/abin/nav_lecture4_hw/install/qos_debugger/share/qos_debugger/environment/path.dsv
[17.764s] -- Up-to-date symlink: /home/abin/nav_lecture4_hw/install/qos_debugger/share/qos_debugger/local_setup.bash
[17.764s] -- Up-to-date symlink: /home/abin/nav_lecture4_hw/install/qos_debugger/share/qos_debugger/local_setup.sh
[17.764s] -- Up-to-date symlink: /home/abin/nav_lecture4_hw/install/qos_debugger/share/qos_debugger/local_setup.zsh
[17.764s] -- Up-to-date symlink: /home/abin/nav_lecture4_hw/install/qos_debugger/share/qos_debugger/local_setup.dsv
[17.765s] -- Symlinking: /home/abin/nav_lecture4_hw/install/qos_debugger/share/qos_debugger/package.dsv
[17.771s] -- Up-to-date symlink: /home/abin/nav_lecture4_hw/install/qos_debugger/share/ament_index/resource_index/packages/qos_debugger
[17.771s] -- Up-to-date symlink: /home/abin/nav_lecture4_hw/install/qos_debugger/share/qos_debugger/cmake/qos_debuggerConfig.cmake
[17.771s] -- Up-to-date symlink: /home/abin/nav_lecture4_hw/install/qos_debugger/share/qos_debugger/cmake/qos_debuggerConfig-version.cmake
[17.771s] -- Up-to-date symlink: /home/abin/nav_lecture4_hw/install/qos_debugger/share/qos_debugger/package.xml
[17.773s] Invoked command in '/home/abin/nav_lecture4_hw/build/qos_debugger' returned '0': AMENT_PREFIX_PATH=/home/abin/nav_lecture4_hw/install/nav_hw_interfaces:${AMENT_PREFIX_PATH} CMAKE_PREFIX_PATH=/home/abin/nav_lecture4_hw/install/nav_hw_interfaces:/opt/ros/humble LD_LIBRARY_PATH=/home/abin/nav_lecture4_hw/install/nav_hw_interfaces/lib:${LD_LIBRARY_PATH} PYTHONPATH=/home/abin/nav_lecture4_hw/install/nav_hw_interfaces/local/lib/python3.10/dist-packages:${PYTHONPATH} /usr/bin/cmake --install /home/abin/nav_lecture4_hw/build/qos_debugger
