[0.007s] Invoking command in '/home/abin/nav_lecture4_hw/build/nav_hw_interfaces': CMAKE_PREFIX_PATH=/opt/ros/humble /usr/bin/cmake /home/abin/nav_lecture4_hw/src/nav_hw_interfaces -DAMENT_CMAKE_SYMLINK_INSTALL=1 -DCMAKE_INSTALL_PREFIX=/home/abin/nav_lecture4_hw/install/nav_hw_interfaces
[0.015s] -- Found ament_cmake: 1.3.14 (/opt/ros/humble/share/ament_cmake/cmake)
[0.089s] -- Override CMake install command with custom implementation using symlinks instead of copying resources
[0.094s] -- Found rosidl_default_generators: 1.2.1 (/opt/ros/humble/share/rosidl_default_generators/cmake)
[0.094s] -- Using all available rosidl_typesupport_c: rosidl_typesupport_fastrtps_c;rosidl_typesupport_introspection_c
[0.096s] -- Found rosidl_adapter: 3.1.9 (/opt/ros/humble/share/rosidl_adapter/cmake)
[0.446s] -- Using all available rosidl_typesupport_cpp: rosidl_typesupport_fastrtps_cpp;rosidl_typesupport_introspection_cpp
[0.461s] -- Found std_msgs: 4.9.1 (/opt/ros/humble/share/std_msgs/cmake)
[0.643s] -- Found ament_cmake_ros: 0.10.0 (/opt/ros/humble/share/ament_cmake_ros/cmake)
[0.766s] -- Using all available rosidl_typesupport_c: rosidl_typesupport_fastrtps_c;rosidl_typesupport_introspection_c
[0.937s] -- Using all available rosidl_typesupport_cpp: rosidl_typesupport_fastrtps_cpp;rosidl_typesupport_introspection_cpp
[0.950s] -- Found python_cmake_module: 0.10.0 (/opt/ros/humble/share/python_cmake_module/cmake)
[0.964s] -- Using PYTHON_EXECUTABLE: /usr/bin/python3
[0.964s] -- Using PYTHON_INCLUDE_DIRS: /usr/include/python3.10
[0.964s] -- Using PYTHON_LIBRARIES: /usr/lib/x86_64-linux-gnu/libpython3.10.so
[1.027s] -- Configuring done
[1.054s] -- Generating done
[1.063s] -- Build files have been written to: /home/abin/nav_lecture4_hw/build/nav_hw_interfaces
[1.068s] Invoked command in '/home/abin/nav_lecture4_hw/build/nav_hw_interfaces' returned '0': CMAKE_PREFIX_PATH=/opt/ros/humble /usr/bin/cmake /home/abin/nav_lecture4_hw/src/nav_hw_interfaces -DAMENT_CMAKE_SYMLINK_INSTALL=1 -DCMAKE_INSTALL_PREFIX=/home/abin/nav_lecture4_hw/install/nav_hw_interfaces
[1.069s] Invoking command in '/home/abin/nav_lecture4_hw/build/nav_hw_interfaces': CMAKE_PREFIX_PATH=/opt/ros/humble /usr/bin/cmake --build /home/abin/nav_lecture4_hw/build/nav_hw_interfaces -- -j24 -l24
[1.094s] Consolidate compiler generated dependencies of target nav_hw_interfaces__rosidl_generator_c
[1.099s] [  4%] Built target nav_hw_interfaces__rs
[1.099s] [  4%] Built target nav_hw_interfaces__cpp
[1.100s] [ 14%] Built target nav_hw_interfaces__rosidl_generator_c
[1.104s] [ 14%] Built target ament_cmake_python_symlink_nav_hw_interfaces
[1.106s] Consolidate compiler generated dependencies of target nav_hw_interfaces__rosidl_typesupport_c
[1.106s] Consolidate compiler generated dependencies of target nav_hw_interfaces__rosidl_typesupport_fastrtps_cpp
[1.107s] Consolidate compiler generated dependencies of target nav_hw_interfaces__rosidl_typesupport_introspection_cpp
[1.107s] Consolidate compiler generated dependencies of target nav_hw_interfaces__rosidl_typesupport_introspection_c
[1.108s] Consolidate compiler generated dependencies of target nav_hw_interfaces__rosidl_typesupport_cpp
[1.108s] Consolidate compiler generated dependencies of target nav_hw_interfaces__rosidl_typesupport_fastrtps_c
[1.113s] [ 25%] Built target nav_hw_interfaces__rosidl_typesupport_c
[1.114s] [ 35%] Built target nav_hw_interfaces__rosidl_typesupport_introspection_cpp
[1.114s] [ 45%] Built target nav_hw_interfaces__rosidl_typesupport_cpp
[1.115s] [ 56%] Built target nav_hw_interfaces__rosidl_typesupport_fastrtps_cpp
[1.115s] [ 66%] Built target nav_hw_interfaces__rosidl_typesupport_introspection_c
[1.116s] [ 77%] Built target nav_hw_interfaces__rosidl_typesupport_fastrtps_c
[1.128s] [ 77%] Built target nav_hw_interfaces
[1.141s] [ 79%] Built target nav_hw_interfaces__py
[1.148s] Consolidate compiler generated dependencies of target nav_hw_interfaces__rosidl_generator_py
[1.154s] [ 87%] Built target nav_hw_interfaces__rosidl_generator_py
[1.161s] Consolidate compiler generated dependencies of target nav_hw_interfaces__rosidl_typesupport_introspection_c__pyext
[1.162s] Consolidate compiler generated dependencies of target nav_hw_interfaces__rosidl_typesupport_c__pyext
[1.163s] Consolidate compiler generated dependencies of target nav_hw_interfaces__rosidl_typesupport_fastrtps_c__pyext
[1.168s] [ 91%] Built target nav_hw_interfaces__rosidl_typesupport_introspection_c__pyext
[1.168s] [ 95%] Built target nav_hw_interfaces__rosidl_typesupport_c__pyext
[1.169s] [100%] Built target nav_hw_interfaces__rosidl_typesupport_fastrtps_c__pyext
[1.235s] running egg_info
[1.236s] writing nav_hw_interfaces.egg-info/PKG-INFO
[1.236s] writing dependency_links to nav_hw_interfaces.egg-info/dependency_links.txt
[1.236s] writing top-level names to nav_hw_interfaces.egg-info/top_level.txt
[1.237s] reading manifest file 'nav_hw_interfaces.egg-info/SOURCES.txt'
[1.237s] writing manifest file 'nav_hw_interfaces.egg-info/SOURCES.txt'
[1.253s] [100%] Built target ament_cmake_python_build_nav_hw_interfaces_egg
[1.261s] Invoked command in '/home/abin/nav_lecture4_hw/build/nav_hw_interfaces' returned '0': CMAKE_PREFIX_PATH=/opt/ros/humble /usr/bin/cmake --build /home/abin/nav_lecture4_hw/build/nav_hw_interfaces -- -j24 -l24
[1.266s] Invoking command in '/home/abin/nav_lecture4_hw/build/nav_hw_interfaces': CMAKE_PREFIX_PATH=/opt/ros/humble /usr/bin/cmake --install /home/abin/nav_lecture4_hw/build/nav_hw_interfaces
[1.271s] -- Install configuration: ""
[1.271s] -- Execute custom install script
[1.271s] -- Up-to-date symlink: /home/abin/nav_lecture4_hw/install/nav_hw_interfaces/share/ament_index/resource_index/rosidl_interfaces/nav_hw_interfaces
[1.272s] -- Up-to-date symlink: /home/abin/nav_lecture4_hw/install/nav_hw_interfaces/include/nav_hw_interfaces/nav_hw_interfaces/msg/detail/robot_status__functions.h
[1.272s] -- Up-to-date symlink: /home/abin/nav_lecture4_hw/install/nav_hw_interfaces/include/nav_hw_interfaces/nav_hw_interfaces/msg/detail/robot_status__struct.h
[1.272s] -- Up-to-date symlink: /home/abin/nav_lecture4_hw/install/nav_hw_interfaces/include/nav_hw_interfaces/nav_hw_interfaces/msg/detail/robot_status__type_support.h
[1.272s] -- Up-to-date symlink: /home/abin/nav_lecture4_hw/install/nav_hw_interfaces/include/nav_hw_interfaces/nav_hw_interfaces/msg/detail/sensor_data__functions.h
[1.272s] -- Up-to-date symlink: /home/abin/nav_lecture4_hw/install/nav_hw_interfaces/include/nav_hw_interfaces/nav_hw_interfaces/msg/detail/sensor_data__struct.h
[1.272s] -- Up-to-date symlink: /home/abin/nav_lecture4_hw/install/nav_hw_interfaces/include/nav_hw_interfaces/nav_hw_interfaces/msg/detail/sensor_data__type_support.h
[1.273s] -- Up-to-date symlink: /home/abin/nav_lecture4_hw/install/nav_hw_interfaces/include/nav_hw_interfaces/nav_hw_interfaces/msg/detail/waypoint__functions.h
[1.273s] -- Up-to-date symlink: /home/abin/nav_lecture4_hw/install/nav_hw_interfaces/include/nav_hw_interfaces/nav_hw_interfaces/msg/detail/waypoint__struct.h
[1.273s] -- Up-to-date symlink: /home/abin/nav_lecture4_hw/install/nav_hw_interfaces/include/nav_hw_interfaces/nav_hw_interfaces/msg/detail/waypoint__type_support.h
[1.273s] -- Up-to-date symlink: /home/abin/nav_lecture4_hw/install/nav_hw_interfaces/include/nav_hw_interfaces/nav_hw_interfaces/msg/robot_status.h
[1.273s] -- Up-to-date symlink: /home/abin/nav_lecture4_hw/install/nav_hw_interfaces/include/nav_hw_interfaces/nav_hw_interfaces/msg/rosidl_generator_c__visibility_control.h
[1.273s] -- Up-to-date symlink: /home/abin/nav_lecture4_hw/install/nav_hw_interfaces/include/nav_hw_interfaces/nav_hw_interfaces/msg/sensor_data.h
[1.273s] -- Up-to-date symlink: /home/abin/nav_lecture4_hw/install/nav_hw_interfaces/include/nav_hw_interfaces/nav_hw_interfaces/msg/waypoint.h
[1.273s] -- Up-to-date symlink: /home/abin/nav_lecture4_hw/install/nav_hw_interfaces/share/nav_hw_interfaces/environment/library_path.sh
[1.273s] -- Up-to-date symlink: /home/abin/nav_lecture4_hw/install/nav_hw_interfaces/share/nav_hw_interfaces/environment/library_path.dsv
[1.273s] -- Up-to-date symlink: /home/abin/nav_lecture4_hw/install/nav_hw_interfaces/include/nav_hw_interfaces/nav_hw_interfaces/msg/detail/robot_status__rosidl_typesupport_fastrtps_c.h
[1.273s] -- Up-to-date symlink: /home/abin/nav_lecture4_hw/install/nav_hw_interfaces/include/nav_hw_interfaces/nav_hw_interfaces/msg/detail/sensor_data__rosidl_typesupport_fastrtps_c.h
[1.273s] -- Up-to-date symlink: /home/abin/nav_lecture4_hw/install/nav_hw_interfaces/include/nav_hw_interfaces/nav_hw_interfaces/msg/detail/waypoint__rosidl_typesupport_fastrtps_c.h
[1.274s] -- Up-to-date symlink: /home/abin/nav_lecture4_hw/install/nav_hw_interfaces/include/nav_hw_interfaces/nav_hw_interfaces/msg/rosidl_typesupport_fastrtps_c__visibility_control.h
[1.274s] -- Up-to-date symlink: /home/abin/nav_lecture4_hw/install/nav_hw_interfaces/include/nav_hw_interfaces/nav_hw_interfaces/msg/detail/robot_status__rosidl_typesupport_introspection_c.h
[1.274s] -- Up-to-date symlink: /home/abin/nav_lecture4_hw/install/nav_hw_interfaces/include/nav_hw_interfaces/nav_hw_interfaces/msg/detail/sensor_data__rosidl_typesupport_introspection_c.h
[1.274s] -- Up-to-date symlink: /home/abin/nav_lecture4_hw/install/nav_hw_interfaces/include/nav_hw_interfaces/nav_hw_interfaces/msg/detail/waypoint__rosidl_typesupport_introspection_c.h
[1.275s] -- Up-to-date symlink: /home/abin/nav_lecture4_hw/install/nav_hw_interfaces/include/nav_hw_interfaces/nav_hw_interfaces/msg/rosidl_typesupport_introspection_c__visibility_control.h
[1.275s] -- Up-to-date symlink: /home/abin/nav_lecture4_hw/install/nav_hw_interfaces/include/nav_hw_interfaces/nav_hw_interfaces/msg/detail/robot_status__builder.hpp
[1.275s] -- Up-to-date symlink: /home/abin/nav_lecture4_hw/install/nav_hw_interfaces/include/nav_hw_interfaces/nav_hw_interfaces/msg/detail/robot_status__struct.hpp
[1.275s] -- Up-to-date symlink: /home/abin/nav_lecture4_hw/install/nav_hw_interfaces/include/nav_hw_interfaces/nav_hw_interfaces/msg/detail/robot_status__traits.hpp
[1.275s] -- Up-to-date symlink: /home/abin/nav_lecture4_hw/install/nav_hw_interfaces/include/nav_hw_interfaces/nav_hw_interfaces/msg/detail/robot_status__type_support.hpp
[1.275s] -- Up-to-date symlink: /home/abin/nav_lecture4_hw/install/nav_hw_interfaces/include/nav_hw_interfaces/nav_hw_interfaces/msg/detail/sensor_data__builder.hpp
[1.276s] -- Up-to-date symlink: /home/abin/nav_lecture4_hw/install/nav_hw_interfaces/include/nav_hw_interfaces/nav_hw_interfaces/msg/detail/sensor_data__struct.hpp
[1.276s] -- Up-to-date symlink: /home/abin/nav_lecture4_hw/install/nav_hw_interfaces/include/nav_hw_interfaces/nav_hw_interfaces/msg/detail/sensor_data__traits.hpp
[1.276s] -- Up-to-date symlink: /home/abin/nav_lecture4_hw/install/nav_hw_interfaces/include/nav_hw_interfaces/nav_hw_interfaces/msg/detail/sensor_data__type_support.hpp
[1.276s] -- Up-to-date symlink: /home/abin/nav_lecture4_hw/install/nav_hw_interfaces/include/nav_hw_interfaces/nav_hw_interfaces/msg/detail/waypoint__builder.hpp
[1.276s] -- Up-to-date symlink: /home/abin/nav_lecture4_hw/install/nav_hw_interfaces/include/nav_hw_interfaces/nav_hw_interfaces/msg/detail/waypoint__struct.hpp
[1.276s] -- Up-to-date symlink: /home/abin/nav_lecture4_hw/install/nav_hw_interfaces/include/nav_hw_interfaces/nav_hw_interfaces/msg/detail/waypoint__traits.hpp
[1.276s] -- Up-to-date symlink: /home/abin/nav_lecture4_hw/install/nav_hw_interfaces/include/nav_hw_interfaces/nav_hw_interfaces/msg/detail/waypoint__type_support.hpp
[1.277s] -- Up-to-date symlink: /home/abin/nav_lecture4_hw/install/nav_hw_interfaces/include/nav_hw_interfaces/nav_hw_interfaces/msg/robot_status.hpp
[1.277s] -- Up-to-date symlink: /home/abin/nav_lecture4_hw/install/nav_hw_interfaces/include/nav_hw_interfaces/nav_hw_interfaces/msg/rosidl_generator_cpp__visibility_control.hpp
[1.277s] -- Up-to-date symlink: /home/abin/nav_lecture4_hw/install/nav_hw_interfaces/include/nav_hw_interfaces/nav_hw_interfaces/msg/sensor_data.hpp
[1.277s] -- Up-to-date symlink: /home/abin/nav_lecture4_hw/install/nav_hw_interfaces/include/nav_hw_interfaces/nav_hw_interfaces/msg/waypoint.hpp
[1.277s] -- Up-to-date symlink: /home/abin/nav_lecture4_hw/install/nav_hw_interfaces/include/nav_hw_interfaces/nav_hw_interfaces/msg/detail/robot_status__rosidl_typesupport_fastrtps_cpp.hpp
[1.278s] -- Up-to-date symlink: /home/abin/nav_lecture4_hw/install/nav_hw_interfaces/include/nav_hw_interfaces/nav_hw_interfaces/msg/detail/sensor_data__rosidl_typesupport_fastrtps_cpp.hpp
[1.278s] -- Up-to-date symlink: /home/abin/nav_lecture4_hw/install/nav_hw_interfaces/include/nav_hw_interfaces/nav_hw_interfaces/msg/detail/waypoint__rosidl_typesupport_fastrtps_cpp.hpp
[1.278s] -- Up-to-date symlink: /home/abin/nav_lecture4_hw/install/nav_hw_interfaces/include/nav_hw_interfaces/nav_hw_interfaces/msg/rosidl_typesupport_fastrtps_cpp__visibility_control.h
[1.278s] -- Up-to-date symlink: /home/abin/nav_lecture4_hw/install/nav_hw_interfaces/include/nav_hw_interfaces/nav_hw_interfaces/msg/detail/robot_status__rosidl_typesupport_introspection_cpp.hpp
[1.278s] -- Up-to-date symlink: /home/abin/nav_lecture4_hw/install/nav_hw_interfaces/include/nav_hw_interfaces/nav_hw_interfaces/msg/detail/sensor_data__rosidl_typesupport_introspection_cpp.hpp
[1.278s] -- Up-to-date symlink: /home/abin/nav_lecture4_hw/install/nav_hw_interfaces/include/nav_hw_interfaces/nav_hw_interfaces/msg/detail/waypoint__rosidl_typesupport_introspection_cpp.hpp
[1.278s] -- Up-to-date symlink: /home/abin/nav_lecture4_hw/install/nav_hw_interfaces/share/nav_hw_interfaces/environment/pythonpath.sh
[1.278s] -- Up-to-date symlink: /home/abin/nav_lecture4_hw/install/nav_hw_interfaces/share/nav_hw_interfaces/environment/pythonpath.dsv
[1.278s] -- Up-to-date symlink: /home/abin/nav_lecture4_hw/install/nav_hw_interfaces/local/lib/python3.10/dist-packages/nav_hw_interfaces-0.0.0-py3.10.egg-info/PKG-INFO
[1.279s] -- Up-to-date symlink: /home/abin/nav_lecture4_hw/install/nav_hw_interfaces/local/lib/python3.10/dist-packages/nav_hw_interfaces-0.0.0-py3.10.egg-info/SOURCES.txt
[1.279s] -- Up-to-date symlink: /home/abin/nav_lecture4_hw/install/nav_hw_interfaces/local/lib/python3.10/dist-packages/nav_hw_interfaces-0.0.0-py3.10.egg-info/dependency_links.txt
[1.279s] -- Up-to-date symlink: /home/abin/nav_lecture4_hw/install/nav_hw_interfaces/local/lib/python3.10/dist-packages/nav_hw_interfaces-0.0.0-py3.10.egg-info/top_level.txt
[1.279s] -- Up-to-date symlink: /home/abin/nav_lecture4_hw/install/nav_hw_interfaces/local/lib/python3.10/dist-packages/nav_hw_interfaces/__init__.py
[1.280s] -- Up-to-date symlink: /home/abin/nav_lecture4_hw/install/nav_hw_interfaces/local/lib/python3.10/dist-packages/nav_hw_interfaces/_nav_hw_interfaces_s.ep.rosidl_typesupport_c.c
[1.280s] -- Up-to-date symlink: /home/abin/nav_lecture4_hw/install/nav_hw_interfaces/local/lib/python3.10/dist-packages/nav_hw_interfaces/_nav_hw_interfaces_s.ep.rosidl_typesupport_fastrtps_c.c
[1.280s] -- Up-to-date symlink: /home/abin/nav_lecture4_hw/install/nav_hw_interfaces/local/lib/python3.10/dist-packages/nav_hw_interfaces/_nav_hw_interfaces_s.ep.rosidl_typesupport_introspection_c.c
[1.280s] -- Up-to-date symlink: /home/abin/nav_lecture4_hw/install/nav_hw_interfaces/local/lib/python3.10/dist-packages/nav_hw_interfaces/libnav_hw_interfaces__rosidl_generator_py.so
[1.280s] -- Up-to-date symlink: /home/abin/nav_lecture4_hw/install/nav_hw_interfaces/local/lib/python3.10/dist-packages/nav_hw_interfaces/msg/__init__.py
[1.280s] -- Up-to-date symlink: /home/abin/nav_lecture4_hw/install/nav_hw_interfaces/local/lib/python3.10/dist-packages/nav_hw_interfaces/msg/_robot_status.py
[1.280s] -- Up-to-date symlink: /home/abin/nav_lecture4_hw/install/nav_hw_interfaces/local/lib/python3.10/dist-packages/nav_hw_interfaces/msg/_robot_status_s.c
[1.280s] -- Up-to-date symlink: /home/abin/nav_lecture4_hw/install/nav_hw_interfaces/local/lib/python3.10/dist-packages/nav_hw_interfaces/msg/_sensor_data.py
[1.280s] -- Up-to-date symlink: /home/abin/nav_lecture4_hw/install/nav_hw_interfaces/local/lib/python3.10/dist-packages/nav_hw_interfaces/msg/_sensor_data_s.c
[1.280s] -- Up-to-date symlink: /home/abin/nav_lecture4_hw/install/nav_hw_interfaces/local/lib/python3.10/dist-packages/nav_hw_interfaces/msg/_waypoint.py
[1.280s] -- Up-to-date symlink: /home/abin/nav_lecture4_hw/install/nav_hw_interfaces/local/lib/python3.10/dist-packages/nav_hw_interfaces/msg/_waypoint_s.c
[1.280s] -- Up-to-date symlink: /home/abin/nav_lecture4_hw/install/nav_hw_interfaces/local/lib/python3.10/dist-packages/nav_hw_interfaces/nav_hw_interfaces_s__rosidl_typesupport_c.cpython-310-x86_64-linux-gnu.so
[1.280s] -- Up-to-date symlink: /home/abin/nav_lecture4_hw/install/nav_hw_interfaces/local/lib/python3.10/dist-packages/nav_hw_interfaces/nav_hw_interfaces_s__rosidl_typesupport_fastrtps_c.cpython-310-x86_64-linux-gnu.so
[1.280s] -- Up-to-date symlink: /home/abin/nav_lecture4_hw/install/nav_hw_interfaces/local/lib/python3.10/dist-packages/nav_hw_interfaces/nav_hw_interfaces_s__rosidl_typesupport_introspection_c.cpython-310-x86_64-linux-gnu.so
[1.280s] -- Up-to-date symlink: /home/abin/nav_lecture4_hw/install/nav_hw_interfaces/local/lib/python3.10/dist-packages/nav_hw_interfaces/nav_hw_interfaces_s__rosidl_typesupport_fastrtps_c.cpython-310-x86_64-linux-gnu.so
[1.280s] -- Up-to-date symlink: /home/abin/nav_lecture4_hw/install/nav_hw_interfaces/local/lib/python3.10/dist-packages/nav_hw_interfaces/nav_hw_interfaces_s__rosidl_typesupport_introspection_c.cpython-310-x86_64-linux-gnu.so
[1.280s] -- Up-to-date symlink: /home/abin/nav_lecture4_hw/install/nav_hw_interfaces/local/lib/python3.10/dist-packages/nav_hw_interfaces/nav_hw_interfaces_s__rosidl_typesupport_c.cpython-310-x86_64-linux-gnu.so
[1.280s] -- Up-to-date symlink: /home/abin/nav_lecture4_hw/install/nav_hw_interfaces/share/ament_index/resource_index/rust_packages/nav_hw_interfaces
[1.280s] -- Up-to-date symlink: /home/abin/nav_lecture4_hw/install/nav_hw_interfaces/share/nav_hw_interfaces/rust/Cargo.toml
[1.280s] -- Up-to-date symlink: /home/abin/nav_lecture4_hw/install/nav_hw_interfaces/share/nav_hw_interfaces/rust/build.rs
[1.280s] -- Up-to-date symlink: /home/abin/nav_lecture4_hw/install/nav_hw_interfaces/share/nav_hw_interfaces/rust/src/lib.rs
[1.280s] -- Up-to-date symlink: /home/abin/nav_lecture4_hw/install/nav_hw_interfaces/share/nav_hw_interfaces/rust/src/msg.rs
[1.280s] -- Up-to-date symlink: /home/abin/nav_lecture4_hw/install/nav_hw_interfaces/share/nav_hw_interfaces/rust/src/msg/rmw.rs
[1.280s] -- Up-to-date symlink: /home/abin/nav_lecture4_hw/install/nav_hw_interfaces/share/nav_hw_interfaces/msg/RobotStatus.idl
[1.281s] -- Up-to-date symlink: /home/abin/nav_lecture4_hw/install/nav_hw_interfaces/share/nav_hw_interfaces/msg/SensorData.idl
[1.281s] -- Up-to-date symlink: /home/abin/nav_lecture4_hw/install/nav_hw_interfaces/share/nav_hw_interfaces/msg/Waypoint.idl
[1.281s] -- Up-to-date symlink: /home/abin/nav_lecture4_hw/install/nav_hw_interfaces/share/nav_hw_interfaces/msg/RobotStatus.msg
[1.281s] -- Up-to-date symlink: /home/abin/nav_lecture4_hw/install/nav_hw_interfaces/share/nav_hw_interfaces/msg/SensorData.msg
[1.281s] -- Up-to-date symlink: /home/abin/nav_lecture4_hw/install/nav_hw_interfaces/share/nav_hw_interfaces/msg/Waypoint.msg
[1.281s] -- Up-to-date symlink: /home/abin/nav_lecture4_hw/install/nav_hw_interfaces/share/ament_index/resource_index/package_run_dependencies/nav_hw_interfaces
[1.281s] -- Up-to-date symlink: /home/abin/nav_lecture4_hw/install/nav_hw_interfaces/share/ament_index/resource_index/parent_prefix_path/nav_hw_interfaces
[1.281s] -- Up-to-date symlink: /home/abin/nav_lecture4_hw/install/nav_hw_interfaces/share/nav_hw_interfaces/environment/ament_prefix_path.sh
[1.281s] -- Up-to-date symlink: /home/abin/nav_lecture4_hw/install/nav_hw_interfaces/share/nav_hw_interfaces/environment/ament_prefix_path.dsv
[1.281s] -- Up-to-date symlink: /home/abin/nav_lecture4_hw/install/nav_hw_interfaces/share/nav_hw_interfaces/environment/path.sh
[1.281s] -- Up-to-date symlink: /home/abin/nav_lecture4_hw/install/nav_hw_interfaces/share/nav_hw_interfaces/environment/path.dsv
[1.281s] -- Up-to-date symlink: /home/abin/nav_lecture4_hw/install/nav_hw_interfaces/share/nav_hw_interfaces/local_setup.bash
[1.281s] -- Up-to-date symlink: /home/abin/nav_lecture4_hw/install/nav_hw_interfaces/share/nav_hw_interfaces/local_setup.sh
[1.281s] -- Up-to-date symlink: /home/abin/nav_lecture4_hw/install/nav_hw_interfaces/share/nav_hw_interfaces/local_setup.zsh
[1.281s] -- Up-to-date symlink: /home/abin/nav_lecture4_hw/install/nav_hw_interfaces/share/nav_hw_interfaces/local_setup.dsv
[1.281s] -- Symlinking: /home/abin/nav_lecture4_hw/install/nav_hw_interfaces/share/nav_hw_interfaces/package.dsv
[1.286s] -- Up-to-date symlink: /home/abin/nav_lecture4_hw/install/nav_hw_interfaces/share/ament_index/resource_index/packages/nav_hw_interfaces
[1.286s] -- Up-to-date symlink: /home/abin/nav_lecture4_hw/install/nav_hw_interfaces/share/nav_hw_interfaces/cmake/rosidl_cmake-extras.cmake
[1.286s] -- Up-to-date symlink: /home/abin/nav_lecture4_hw/install/nav_hw_interfaces/share/nav_hw_interfaces/cmake/ament_cmake_export_dependencies-extras.cmake
[1.286s] -- Up-to-date symlink: /home/abin/nav_lecture4_hw/install/nav_hw_interfaces/share/nav_hw_interfaces/cmake/ament_cmake_export_include_directories-extras.cmake
[1.286s] -- Up-to-date symlink: /home/abin/nav_lecture4_hw/install/nav_hw_interfaces/share/nav_hw_interfaces/cmake/ament_cmake_export_libraries-extras.cmake
[1.287s] -- Up-to-date symlink: /home/abin/nav_lecture4_hw/install/nav_hw_interfaces/share/nav_hw_interfaces/cmake/ament_cmake_export_targets-extras.cmake
[1.287s] -- Up-to-date symlink: /home/abin/nav_lecture4_hw/install/nav_hw_interfaces/share/nav_hw_interfaces/cmake/rosidl_cmake_export_typesupport_targets-extras.cmake
[1.287s] -- Up-to-date symlink: /home/abin/nav_lecture4_hw/install/nav_hw_interfaces/share/nav_hw_interfaces/cmake/rosidl_cmake_export_typesupport_libraries-extras.cmake
[1.287s] -- Up-to-date symlink: /home/abin/nav_lecture4_hw/install/nav_hw_interfaces/share/nav_hw_interfaces/cmake/rosidl_cmake_aggregate_target-extras.cmake
[1.287s] -- Up-to-date symlink: /home/abin/nav_lecture4_hw/install/nav_hw_interfaces/share/nav_hw_interfaces/cmake/nav_hw_interfacesConfig.cmake
[1.287s] -- Up-to-date symlink: /home/abin/nav_lecture4_hw/install/nav_hw_interfaces/share/nav_hw_interfaces/cmake/nav_hw_interfacesConfig-version.cmake
[1.287s] -- Up-to-date symlink: /home/abin/nav_lecture4_hw/install/nav_hw_interfaces/share/nav_hw_interfaces/package.xml
[1.287s] -- Up-to-date: /home/abin/nav_lecture4_hw/install/nav_hw_interfaces/lib/libnav_hw_interfaces__rosidl_generator_c.so
[1.287s] -- Up-to-date: /home/abin/nav_lecture4_hw/install/nav_hw_interfaces/lib/libnav_hw_interfaces__rosidl_typesupport_fastrtps_c.so
[1.287s] -- Up-to-date: /home/abin/nav_lecture4_hw/install/nav_hw_interfaces/lib/libnav_hw_interfaces__rosidl_typesupport_introspection_c.so
[1.287s] -- Up-to-date: /home/abin/nav_lecture4_hw/install/nav_hw_interfaces/lib/libnav_hw_interfaces__rosidl_typesupport_c.so
[1.288s] -- Up-to-date: /home/abin/nav_lecture4_hw/install/nav_hw_interfaces/lib/libnav_hw_interfaces__rosidl_typesupport_fastrtps_cpp.so
[1.288s] -- Up-to-date: /home/abin/nav_lecture4_hw/install/nav_hw_interfaces/lib/libnav_hw_interfaces__rosidl_typesupport_introspection_cpp.so
[1.288s] -- Up-to-date: /home/abin/nav_lecture4_hw/install/nav_hw_interfaces/lib/libnav_hw_interfaces__rosidl_typesupport_cpp.so
[1.308s] Listing '/home/abin/nav_lecture4_hw/install/nav_hw_interfaces/local/lib/python3.10/dist-packages/nav_hw_interfaces'...
[1.308s] Compiling '/home/abin/nav_lecture4_hw/install/nav_hw_interfaces/local/lib/python3.10/dist-packages/nav_hw_interfaces/__init__.py'...
[1.308s] Listing '/home/abin/nav_lecture4_hw/install/nav_hw_interfaces/local/lib/python3.10/dist-packages/nav_hw_interfaces/msg'...
[1.311s] -- Up-to-date: /home/abin/nav_lecture4_hw/install/nav_hw_interfaces/lib/libnav_hw_interfaces__rosidl_generator_py.so
[1.312s] -- Up-to-date: /home/abin/nav_lecture4_hw/install/nav_hw_interfaces/share/nav_hw_interfaces/cmake/export_nav_hw_interfaces__rosidl_generator_cExport.cmake
[1.312s] -- Up-to-date: /home/abin/nav_lecture4_hw/install/nav_hw_interfaces/share/nav_hw_interfaces/cmake/export_nav_hw_interfaces__rosidl_generator_cExport-noconfig.cmake
[1.312s] -- Up-to-date: /home/abin/nav_lecture4_hw/install/nav_hw_interfaces/share/nav_hw_interfaces/cmake/export_nav_hw_interfaces__rosidl_typesupport_fastrtps_cExport.cmake
[1.312s] -- Up-to-date: /home/abin/nav_lecture4_hw/install/nav_hw_interfaces/share/nav_hw_interfaces/cmake/export_nav_hw_interfaces__rosidl_typesupport_fastrtps_cExport-noconfig.cmake
[1.312s] -- Up-to-date: /home/abin/nav_lecture4_hw/install/nav_hw_interfaces/share/nav_hw_interfaces/cmake/nav_hw_interfaces__rosidl_typesupport_introspection_cExport.cmake
[1.312s] -- Up-to-date: /home/abin/nav_lecture4_hw/install/nav_hw_interfaces/share/nav_hw_interfaces/cmake/nav_hw_interfaces__rosidl_typesupport_introspection_cExport-noconfig.cmake
[1.312s] -- Up-to-date: /home/abin/nav_lecture4_hw/install/nav_hw_interfaces/share/nav_hw_interfaces/cmake/nav_hw_interfaces__rosidl_typesupport_cExport.cmake
[1.312s] -- Up-to-date: /home/abin/nav_lecture4_hw/install/nav_hw_interfaces/share/nav_hw_interfaces/cmake/nav_hw_interfaces__rosidl_typesupport_cExport-noconfig.cmake
[1.312s] -- Up-to-date: /home/abin/nav_lecture4_hw/install/nav_hw_interfaces/share/nav_hw_interfaces/cmake/export_nav_hw_interfaces__rosidl_generator_cppExport.cmake
[1.312s] -- Up-to-date: /home/abin/nav_lecture4_hw/install/nav_hw_interfaces/share/nav_hw_interfaces/cmake/export_nav_hw_interfaces__rosidl_typesupport_fastrtps_cppExport.cmake
[1.312s] -- Up-to-date: /home/abin/nav_lecture4_hw/install/nav_hw_interfaces/share/nav_hw_interfaces/cmake/export_nav_hw_interfaces__rosidl_typesupport_fastrtps_cppExport-noconfig.cmake
[1.312s] -- Up-to-date: /home/abin/nav_lecture4_hw/install/nav_hw_interfaces/share/nav_hw_interfaces/cmake/nav_hw_interfaces__rosidl_typesupport_introspection_cppExport.cmake
[1.312s] -- Up-to-date: /home/abin/nav_lecture4_hw/install/nav_hw_interfaces/share/nav_hw_interfaces/cmake/nav_hw_interfaces__rosidl_typesupport_introspection_cppExport-noconfig.cmake
[1.312s] -- Up-to-date: /home/abin/nav_lecture4_hw/install/nav_hw_interfaces/share/nav_hw_interfaces/cmake/nav_hw_interfaces__rosidl_typesupport_cppExport.cmake
[1.312s] -- Up-to-date: /home/abin/nav_lecture4_hw/install/nav_hw_interfaces/share/nav_hw_interfaces/cmake/nav_hw_interfaces__rosidl_typesupport_cppExport-noconfig.cmake
[1.312s] -- Up-to-date: /home/abin/nav_lecture4_hw/install/nav_hw_interfaces/share/nav_hw_interfaces/cmake/export_nav_hw_interfaces__rosidl_generator_pyExport.cmake
[1.312s] -- Up-to-date: /home/abin/nav_lecture4_hw/install/nav_hw_interfaces/share/nav_hw_interfaces/cmake/export_nav_hw_interfaces__rosidl_generator_pyExport-noconfig.cmake
[1.314s] Invoked command in '/home/abin/nav_lecture4_hw/build/nav_hw_interfaces' returned '0': CMAKE_PREFIX_PATH=/opt/ros/humble /usr/bin/cmake --install /home/abin/nav_lecture4_hw/build/nav_hw_interfaces
