[0.010s] Invoking command in '/home/abin/nav_lecture4_hw/build/nav_hw_interfaces': CMAKE_PREFIX_PATH=${CMAKE_PREFIX_PATH}:/opt/ros/humble /usr/bin/cmake --build /home/abin/nav_lecture4_hw/build/nav_hw_interfaces -- -j24 -l24
[0.067s] -- Found ament_cmake: 1.3.14 (/opt/ros/humble/share/ament_cmake/cmake)
[0.156s] -- Override CMake install command with custom implementation using symlinks instead of copying resources
[0.171s] -- Found rosidl_default_generators: 1.2.1 (/opt/ros/humble/share/rosidl_default_generators/cmake)
[0.173s] -- Using all available rosidl_typesupport_c: rosidl_typesupport_fastrtps_c;rosidl_typesupport_introspection_c
[0.176s] -- Found rosidl_adapter: 3.1.9 (/opt/ros/humble/share/rosidl_adapter/cmake)
[0.727s] -- Using all available rosidl_typesupport_cpp: rosidl_typesupport_fastrtps_cpp;rosidl_typesupport_introspection_cpp
[0.755s] -- Found std_msgs: 4.9.1 (/opt/ros/humble/share/std_msgs/cmake)
[0.780s] [31mCMake Error at /opt/ros/humble/share/rosidl_cmake/cmake/rosidl_generate_interfaces.cmake:93 (message):
[0.780s]   rosidl_generate_interfaces() the passed file 'msg/RobotStatus.msg' doesn't
[0.780s]   exist relative to the CMAKE_CURRENT_SOURCE_DIR
[0.780s]   '/home/abin/nav_lecture4_hw/src/nav_hw_interfaces'
[0.780s] Call Stack (most recent call first):
[0.780s]   CMakeLists.txt:13 (rosidl_generate_interfaces)
[0.780s] 
[0.780s] [0m
[0.780s] -- Configuring incomplete, errors occurred!
[0.780s] See also "/home/abin/nav_lecture4_hw/build/nav_hw_interfaces/CMakeFiles/CMakeOutput.log".
[0.787s] gmake: *** [Makefile:1193: cmake_check_build_system] Error 1
[0.788s] Invoked command in '/home/abin/nav_lecture4_hw/build/nav_hw_interfaces' returned '2': CMAKE_PREFIX_PATH=${CMAKE_PREFIX_PATH}:/opt/ros/humble /usr/bin/cmake --build /home/abin/nav_lecture4_hw/build/nav_hw_interfaces -- -j24 -l24
