[0.319s] Invoking command in '/home/abin/nav_lecture4_hw/build/qos_debugger': CMAKE_PREFIX_PATH=/home/abin/nav_lecture4_hw/install/nav_hw_interfaces:/home/abin/nav_lecture4_hw/install/qos_debugger:/opt/ros/humble /usr/bin/cmake --build /home/abin/nav_lecture4_hw/build/qos_debugger -- -j24 -l24
[0.354s] [ 25%] [32mBuilding CXX object CMakeFiles/qos_debugger_sub.dir/src/qos_debugger_sub.cpp.o[0m
[0.354s] [ 75%] Built target qos_debugger_pub
[6.244s] [100%] [32m[1mLinking CXX executable qos_debugger_sub[0m
[6.889s] [100%] Built target qos_debugger_sub
[6.898s] Invoked command in '/home/abin/nav_lecture4_hw/build/qos_debugger' returned '0': CMAKE_PREFIX_PATH=/home/abin/nav_lecture4_hw/install/nav_hw_interfaces:/home/abin/nav_lecture4_hw/install/qos_debugger:/opt/ros/humble /usr/bin/cmake --build /home/abin/nav_lecture4_hw/build/qos_debugger -- -j24 -l24
[6.900s] Invoking command in '/home/abin/nav_lecture4_hw/build/qos_debugger': CMAKE_PREFIX_PATH=/home/abin/nav_lecture4_hw/install/nav_hw_interfaces:/home/abin/nav_lecture4_hw/install/qos_debugger:/opt/ros/humble /usr/bin/cmake --install /home/abin/nav_lecture4_hw/build/qos_debugger
[6.904s] -- Install configuration: ""
[6.905s] -- Execute custom install script
[6.905s] -- Up-to-date symlink: /home/abin/nav_lecture4_hw/install/qos_debugger/lib/qos_debugger/qos_debugger_pub
[6.905s] -- Up-to-date symlink: /home/abin/nav_lecture4_hw/install/qos_debugger/lib/qos_debugger/qos_debugger_sub
[6.905s] -- Up-to-date symlink: /home/abin/nav_lecture4_hw/install/qos_debugger/share/ament_index/resource_index/package_run_dependencies/qos_debugger
[6.906s] -- Up-to-date symlink: /home/abin/nav_lecture4_hw/install/qos_debugger/share/ament_index/resource_index/parent_prefix_path/qos_debugger
[6.906s] -- Up-to-date symlink: /home/abin/nav_lecture4_hw/install/qos_debugger/share/qos_debugger/environment/ament_prefix_path.sh
[6.906s] -- Up-to-date symlink: /home/abin/nav_lecture4_hw/install/qos_debugger/share/qos_debugger/environment/ament_prefix_path.dsv
[6.906s] -- Up-to-date symlink: /home/abin/nav_lecture4_hw/install/qos_debugger/share/qos_debugger/environment/path.sh
[6.906s] -- Up-to-date symlink: /home/abin/nav_lecture4_hw/install/qos_debugger/share/qos_debugger/environment/path.dsv
[6.907s] -- Up-to-date symlink: /home/abin/nav_lecture4_hw/install/qos_debugger/share/qos_debugger/local_setup.bash
[6.907s] -- Up-to-date symlink: /home/abin/nav_lecture4_hw/install/qos_debugger/share/qos_debugger/local_setup.sh
[6.907s] -- Up-to-date symlink: /home/abin/nav_lecture4_hw/install/qos_debugger/share/qos_debugger/local_setup.zsh
[6.907s] -- Up-to-date symlink: /home/abin/nav_lecture4_hw/install/qos_debugger/share/qos_debugger/local_setup.dsv
[6.907s] -- Symlinking: /home/abin/nav_lecture4_hw/install/qos_debugger/share/qos_debugger/package.dsv
[6.913s] -- Up-to-date symlink: /home/abin/nav_lecture4_hw/install/qos_debugger/share/ament_index/resource_index/packages/qos_debugger
[6.914s] -- Up-to-date symlink: /home/abin/nav_lecture4_hw/install/qos_debugger/share/qos_debugger/cmake/qos_debuggerConfig.cmake
[6.914s] -- Up-to-date symlink: /home/abin/nav_lecture4_hw/install/qos_debugger/share/qos_debugger/cmake/qos_debuggerConfig-version.cmake
[6.914s] -- Up-to-date symlink: /home/abin/nav_lecture4_hw/install/qos_debugger/share/qos_debugger/package.xml
[6.916s] Invoked command in '/home/abin/nav_lecture4_hw/build/qos_debugger' returned '0': CMAKE_PREFIX_PATH=/home/abin/nav_lecture4_hw/install/nav_hw_interfaces:/home/abin/nav_lecture4_hw/install/qos_debugger:/opt/ros/humble /usr/bin/cmake --install /home/abin/nav_lecture4_hw/build/qos_debugger
