[0.359s] Invoking command in '/home/abin/nav_lecture4_hw/build/qos_debugger': CMAKE_PREFIX_PATH=/home/abin/nav_lecture4_hw/install/nav_hw_interfaces:/home/abin/nav_lecture4_hw/install/qos_debugger:/opt/ros/humble /usr/bin/cmake --build /home/abin/nav_lecture4_hw/build/qos_debugger -- -j24 -l24
[0.388s] [35m[1mConsolidate compiler generated dependencies of target qos_debugger_pub[0m
[0.388s] [35m[1mConsolidate compiler generated dependencies of target qos_debugger_sub[0m
[0.399s] [ 75%] Built target qos_debugger_sub
[0.399s] [100%] Built target qos_debugger_pub
[0.405s] Invoked command in '/home/abin/nav_lecture4_hw/build/qos_debugger' returned '0': CMAKE_PREFIX_PATH=/home/abin/nav_lecture4_hw/install/nav_hw_interfaces:/home/abin/nav_lecture4_hw/install/qos_debugger:/opt/ros/humble /usr/bin/cmake --build /home/abin/nav_lecture4_hw/build/qos_debugger -- -j24 -l24
[0.407s] Invoking command in '/home/abin/nav_lecture4_hw/build/qos_debugger': CMAKE_PREFIX_PATH=/home/abin/nav_lecture4_hw/install/nav_hw_interfaces:/home/abin/nav_lecture4_hw/install/qos_debugger:/opt/ros/humble /usr/bin/cmake --install /home/abin/nav_lecture4_hw/build/qos_debugger
[0.410s] -- Install configuration: ""
[0.411s] -- Execute custom install script
[0.411s] -- Up-to-date symlink: /home/abin/nav_lecture4_hw/install/qos_debugger/lib/qos_debugger/qos_debugger_pub
[0.412s] -- Up-to-date symlink: /home/abin/nav_lecture4_hw/install/qos_debugger/lib/qos_debugger/qos_debugger_sub
[0.412s] -- Up-to-date symlink: /home/abin/nav_lecture4_hw/install/qos_debugger/share/ament_index/resource_index/package_run_dependencies/qos_debugger
[0.412s] -- Up-to-date symlink: /home/abin/nav_lecture4_hw/install/qos_debugger/share/ament_index/resource_index/parent_prefix_path/qos_debugger
[0.412s] -- Up-to-date symlink: /home/abin/nav_lecture4_hw/install/qos_debugger/share/qos_debugger/environment/ament_prefix_path.sh
[0.412s] -- Up-to-date symlink: /home/abin/nav_lecture4_hw/install/qos_debugger/share/qos_debugger/environment/ament_prefix_path.dsv
[0.413s] -- Up-to-date symlink: /home/abin/nav_lecture4_hw/install/qos_debugger/share/qos_debugger/environment/path.sh
[0.413s] -- Up-to-date symlink: /home/abin/nav_lecture4_hw/install/qos_debugger/share/qos_debugger/environment/path.dsv
[0.413s] -- Up-to-date symlink: /home/abin/nav_lecture4_hw/install/qos_debugger/share/qos_debugger/local_setup.bash
[0.413s] -- Up-to-date symlink: /home/abin/nav_lecture4_hw/install/qos_debugger/share/qos_debugger/local_setup.sh
[0.414s] -- Up-to-date symlink: /home/abin/nav_lecture4_hw/install/qos_debugger/share/qos_debugger/local_setup.zsh
[0.414s] -- Up-to-date symlink: /home/abin/nav_lecture4_hw/install/qos_debugger/share/qos_debugger/local_setup.dsv
[0.414s] -- Symlinking: /home/abin/nav_lecture4_hw/install/qos_debugger/share/qos_debugger/package.dsv
[0.419s] -- Up-to-date symlink: /home/abin/nav_lecture4_hw/install/qos_debugger/share/ament_index/resource_index/packages/qos_debugger
[0.420s] -- Up-to-date symlink: /home/abin/nav_lecture4_hw/install/qos_debugger/share/qos_debugger/cmake/qos_debuggerConfig.cmake
[0.420s] -- Up-to-date symlink: /home/abin/nav_lecture4_hw/install/qos_debugger/share/qos_debugger/cmake/qos_debuggerConfig-version.cmake
[0.420s] -- Up-to-date symlink: /home/abin/nav_lecture4_hw/install/qos_debugger/share/qos_debugger/package.xml
[0.422s] Invoked command in '/home/abin/nav_lecture4_hw/build/qos_debugger' returned '0': CMAKE_PREFIX_PATH=/home/abin/nav_lecture4_hw/install/nav_hw_interfaces:/home/abin/nav_lecture4_hw/install/qos_debugger:/opt/ros/humble /usr/bin/cmake --install /home/abin/nav_lecture4_hw/build/qos_debugger
