[0.429s] Invoking command in '/home/abin/nav_lecture4_hw/build/qos_debugger': AMENT_PREFIX_PATH=/home/abin/nav_lecture4_hw/install/nav_hw_interfaces:${AMENT_PREFIX_PATH} CMAKE_PREFIX_PATH=/home/abin/nav_lecture4_hw/install/nav_hw_interfaces:/opt/ros/humble LD_LIBRARY_PATH=/home/abin/nav_lecture4_hw/install/nav_hw_interfaces/lib:${LD_LIBRARY_PATH} PYTHONPATH=/home/abin/nav_lecture4_hw/install/nav_hw_interfaces/local/lib/python3.10/dist-packages:${PYTHONPATH} /usr/bin/cmake --build /home/abin/nav_lecture4_hw/build/qos_debugger -- -j24 -l24
[0.456s] Consolidate compiler generated dependencies of target qos_debugger_sub
[0.461s] [ 25%] Building CXX object CMakeFiles/qos_debugger_pub.dir/src/qos_debugger_pub.cpp.o
[0.463s] [ 50%] Building CXX object CMakeFiles/qos_debugger_sub.dir/src/qos_debugger_sub.cpp.o
[3.252s] [ 75%] Linking CXX executable qos_debugger_pub
[4.040s] [ 75%] Built target qos_debugger_pub
[5.653s] [100%] Linking CXX executable qos_debugger_sub
[6.481s] [100%] Built target qos_debugger_sub
[6.495s] Invoked command in '/home/abin/nav_lecture4_hw/build/qos_debugger' returned '0': AMENT_PREFIX_PATH=/home/abin/nav_lecture4_hw/install/nav_hw_interfaces:${AMENT_PREFIX_PATH} CMAKE_PREFIX_PATH=/home/abin/nav_lecture4_hw/install/nav_hw_interfaces:/opt/ros/humble LD_LIBRARY_PATH=/home/abin/nav_lecture4_hw/install/nav_hw_interfaces/lib:${LD_LIBRARY_PATH} PYTHONPATH=/home/abin/nav_lecture4_hw/install/nav_hw_interfaces/local/lib/python3.10/dist-packages:${PYTHONPATH} /usr/bin/cmake --build /home/abin/nav_lecture4_hw/build/qos_debugger -- -j24 -l24
[6.496s] Invoking command in '/home/abin/nav_lecture4_hw/build/qos_debugger': AMENT_PREFIX_PATH=/home/abin/nav_lecture4_hw/install/nav_hw_interfaces:${AMENT_PREFIX_PATH} CMAKE_PREFIX_PATH=/home/abin/nav_lecture4_hw/install/nav_hw_interfaces:/opt/ros/humble LD_LIBRARY_PATH=/home/abin/nav_lecture4_hw/install/nav_hw_interfaces/lib:${LD_LIBRARY_PATH} PYTHONPATH=/home/abin/nav_lecture4_hw/install/nav_hw_interfaces/local/lib/python3.10/dist-packages:${PYTHONPATH} /usr/bin/cmake --install /home/abin/nav_lecture4_hw/build/qos_debugger
[6.500s] -- Install configuration: ""
[6.501s] -- Execute custom install script
[6.501s] -- Up-to-date symlink: /home/abin/nav_lecture4_hw/install/qos_debugger/lib/qos_debugger/qos_debugger_pub
[6.501s] -- Up-to-date symlink: /home/abin/nav_lecture4_hw/install/qos_debugger/lib/qos_debugger/qos_debugger_sub
[6.502s] -- Up-to-date symlink: /home/abin/nav_lecture4_hw/install/qos_debugger/share/ament_index/resource_index/package_run_dependencies/qos_debugger
[6.502s] -- Up-to-date symlink: /home/abin/nav_lecture4_hw/install/qos_debugger/share/ament_index/resource_index/parent_prefix_path/qos_debugger
[6.502s] -- Up-to-date symlink: /home/abin/nav_lecture4_hw/install/qos_debugger/share/qos_debugger/environment/ament_prefix_path.sh
[6.502s] -- Up-to-date symlink: /home/abin/nav_lecture4_hw/install/qos_debugger/share/qos_debugger/environment/ament_prefix_path.dsv
[6.502s] -- Up-to-date symlink: /home/abin/nav_lecture4_hw/install/qos_debugger/share/qos_debugger/environment/path.sh
[6.502s] -- Up-to-date symlink: /home/abin/nav_lecture4_hw/install/qos_debugger/share/qos_debugger/environment/path.dsv
[6.502s] -- Up-to-date symlink: /home/abin/nav_lecture4_hw/install/qos_debugger/share/qos_debugger/local_setup.bash
[6.502s] -- Up-to-date symlink: /home/abin/nav_lecture4_hw/install/qos_debugger/share/qos_debugger/local_setup.sh
[6.502s] -- Up-to-date symlink: /home/abin/nav_lecture4_hw/install/qos_debugger/share/qos_debugger/local_setup.zsh
[6.502s] -- Up-to-date symlink: /home/abin/nav_lecture4_hw/install/qos_debugger/share/qos_debugger/local_setup.dsv
[6.502s] -- Symlinking: /home/abin/nav_lecture4_hw/install/qos_debugger/share/qos_debugger/package.dsv
[6.508s] -- Up-to-date symlink: /home/abin/nav_lecture4_hw/install/qos_debugger/share/ament_index/resource_index/packages/qos_debugger
[6.508s] -- Up-to-date symlink: /home/abin/nav_lecture4_hw/install/qos_debugger/share/qos_debugger/cmake/qos_debuggerConfig.cmake
[6.508s] -- Up-to-date symlink: /home/abin/nav_lecture4_hw/install/qos_debugger/share/qos_debugger/cmake/qos_debuggerConfig-version.cmake
[6.508s] -- Up-to-date symlink: /home/abin/nav_lecture4_hw/install/qos_debugger/share/qos_debugger/package.xml
[6.509s] Invoked command in '/home/abin/nav_lecture4_hw/build/qos_debugger' returned '0': AMENT_PREFIX_PATH=/home/abin/nav_lecture4_hw/install/nav_hw_interfaces:${AMENT_PREFIX_PATH} CMAKE_PREFIX_PATH=/home/abin/nav_lecture4_hw/install/nav_hw_interfaces:/opt/ros/humble LD_LIBRARY_PATH=/home/abin/nav_lecture4_hw/install/nav_hw_interfaces/lib:${LD_LIBRARY_PATH} PYTHONPATH=/home/abin/nav_lecture4_hw/install/nav_hw_interfaces/local/lib/python3.10/dist-packages:${PYTHONPATH} /usr/bin/cmake --install /home/abin/nav_lecture4_hw/build/qos_debugger
