[0.561s] DEBUG:colcon:Command line arguments: ['/usr/bin/colcon', 'build']
[0.561s] DEBUG:colcon:Parsed command line arguments: Namespace(log_base=None, log_level=None, verb_name='build', build_base='build', install_base='install', merge_install=False, symlink_install=False, test_result_base=None, continue_on_error=False, executor='parallel', parallel_workers=24, event_handlers=None, ignore_user_meta=False, metas=['./colcon.meta'], base_paths=['.'], packages_ignore=None, packages_ignore_regex=None, paths=None, packages_up_to=None, packages_up_to_regex=None, packages_above=None, packages_above_and_dependencies=None, packages_above_depth=None, packages_select_by_dep=None, packages_skip_by_dep=None, packages_skip_up_to=None, packages_select_build_failed=False, packages_skip_build_finished=False, packages_select_test_failures=False, packages_skip_test_passed=False, packages_select=None, packages_skip=None, packages_select_regex=None, packages_skip_regex=None, packages_start=None, packages_end=None, allow_overriding=[], cmake_args=None, cmake_target=None, cmake_target_skip_unavailable=False, cmake_clean_cache=False, cmake_clean_first=False, cmake_force_configure=False, ament_cmake_args=None, catkin_cmake_args=None, catkin_skip_building_tests=False, verb_parser=<colcon_defaults.argument_parser.defaults.DefaultArgumentsDecorator object at 0x7b5442ceffd0>, verb_extension=<colcon_core.verb.build.BuildVerb object at 0x7b5442cefa90>, main=<bound method BuildVerb.main of <colcon_core.verb.build.BuildVerb object at 0x7b5442cefa90>>)
[0.662s] Level 1:colcon.colcon_core.package_discovery:discover_packages(colcon_meta) check parameters
[0.662s] Level 1:colcon.colcon_core.package_discovery:discover_packages(recursive) check parameters
[0.662s] Level 1:colcon.colcon_core.package_discovery:discover_packages(ignore) check parameters
[0.662s] Level 1:colcon.colcon_core.package_discovery:discover_packages(path) check parameters
[0.662s] Level 1:colcon.colcon_core.package_discovery:discover_packages(colcon_meta) discover
[0.662s] Level 1:colcon.colcon_core.package_discovery:discover_packages(recursive) discover
[0.662s] INFO:colcon.colcon_core.package_discovery:Crawling recursively for packages in '/home/abin/nav_lecture4_hw'
[0.662s] Level 1:colcon.colcon_core.package_identification:_identify(.) by extensions ['ignore', 'ignore_ament_install']
[0.663s] Level 1:colcon.colcon_core.package_identification:_identify(.) by extension 'ignore'
[0.663s] Level 1:colcon.colcon_core.package_identification:_identify(.) by extension 'ignore_ament_install'
[0.663s] Level 1:colcon.colcon_core.package_identification:_identify(.) by extensions ['colcon_pkg']
[0.663s] Level 1:colcon.colcon_core.package_identification:_identify(.) by extension 'colcon_pkg'
[0.663s] Level 1:colcon.colcon_core.package_identification:_identify(.) by extensions ['colcon_meta']
[0.663s] Level 1:colcon.colcon_core.package_identification:_identify(.) by extension 'colcon_meta'
[0.663s] Level 1:colcon.colcon_core.package_identification:_identify(.) by extensions ['ros']
[0.663s] Level 1:colcon.colcon_core.package_identification:_identify(.) by extension 'ros'
[0.670s] Level 1:colcon.colcon_core.package_identification:_identify(.) by extensions ['cmake', 'python']
[0.670s] Level 1:colcon.colcon_core.package_identification:_identify(.) by extension 'cmake'
[0.670s] Level 1:colcon.colcon_core.package_identification:_identify(.) by extension 'python'
[0.670s] Level 1:colcon.colcon_core.package_identification:_identify(.) by extensions ['python_setup_py']
[0.670s] Level 1:colcon.colcon_core.package_identification:_identify(.) by extension 'python_setup_py'
[0.670s] Level 1:colcon.colcon_core.package_identification:_identify(build) by extensions ['ignore', 'ignore_ament_install']
[0.671s] Level 1:colcon.colcon_core.package_identification:_identify(build) by extension 'ignore'
[0.671s] Level 1:colcon.colcon_core.package_identification:_identify(build) ignored
[0.671s] Level 1:colcon.colcon_core.package_identification:_identify(install) by extensions ['ignore', 'ignore_ament_install']
[0.671s] Level 1:colcon.colcon_core.package_identification:_identify(install) by extension 'ignore'
[0.671s] Level 1:colcon.colcon_core.package_identification:_identify(install) ignored
[0.671s] Level 1:colcon.colcon_core.package_identification:_identify(log) by extensions ['ignore', 'ignore_ament_install']
[0.671s] Level 1:colcon.colcon_core.package_identification:_identify(log) by extension 'ignore'
[0.671s] Level 1:colcon.colcon_core.package_identification:_identify(log) ignored
[0.671s] Level 1:colcon.colcon_core.package_identification:_identify(src) by extensions ['ignore', 'ignore_ament_install']
[0.671s] Level 1:colcon.colcon_core.package_identification:_identify(src) by extension 'ignore'
[0.671s] Level 1:colcon.colcon_core.package_identification:_identify(src) by extension 'ignore_ament_install'
[0.671s] Level 1:colcon.colcon_core.package_identification:_identify(src) by extensions ['colcon_pkg']
[0.672s] Level 1:colcon.colcon_core.package_identification:_identify(src) by extension 'colcon_pkg'
[0.672s] Level 1:colcon.colcon_core.package_identification:_identify(src) by extensions ['colcon_meta']
[0.672s] Level 1:colcon.colcon_core.package_identification:_identify(src) by extension 'colcon_meta'
[0.672s] Level 1:colcon.colcon_core.package_identification:_identify(src) by extensions ['ros']
[0.672s] Level 1:colcon.colcon_core.package_identification:_identify(src) by extension 'ros'
[0.672s] Level 1:colcon.colcon_core.package_identification:_identify(src) by extensions ['cmake', 'python']
[0.672s] Level 1:colcon.colcon_core.package_identification:_identify(src) by extension 'cmake'
[0.672s] Level 1:colcon.colcon_core.package_identification:_identify(src) by extension 'python'
[0.672s] Level 1:colcon.colcon_core.package_identification:_identify(src) by extensions ['python_setup_py']
[0.672s] Level 1:colcon.colcon_core.package_identification:_identify(src) by extension 'python_setup_py'
[0.672s] Level 1:colcon.colcon_core.package_identification:_identify(src/nav_hw_interfaces) by extensions ['ignore', 'ignore_ament_install']
[0.672s] Level 1:colcon.colcon_core.package_identification:_identify(src/nav_hw_interfaces) by extension 'ignore'
[0.672s] Level 1:colcon.colcon_core.package_identification:_identify(src/nav_hw_interfaces) by extension 'ignore_ament_install'
[0.672s] Level 1:colcon.colcon_core.package_identification:_identify(src/nav_hw_interfaces) by extensions ['colcon_pkg']
[0.672s] Level 1:colcon.colcon_core.package_identification:_identify(src/nav_hw_interfaces) by extension 'colcon_pkg'
[0.672s] Level 1:colcon.colcon_core.package_identification:_identify(src/nav_hw_interfaces) by extensions ['colcon_meta']
[0.672s] Level 1:colcon.colcon_core.package_identification:_identify(src/nav_hw_interfaces) by extension 'colcon_meta'
[0.672s] Level 1:colcon.colcon_core.package_identification:_identify(src/nav_hw_interfaces) by extensions ['ros']
[0.672s] Level 1:colcon.colcon_core.package_identification:_identify(src/nav_hw_interfaces) by extension 'ros'
[0.674s] DEBUG:colcon.colcon_core.package_identification:Package 'src/nav_hw_interfaces' with type 'ros.ament_cmake' and name 'nav_hw_interfaces'
[0.674s] Level 1:colcon.colcon_core.package_identification:_identify(src/qos_debugger) by extensions ['ignore', 'ignore_ament_install']
[0.675s] Level 1:colcon.colcon_core.package_identification:_identify(src/qos_debugger) by extension 'ignore'
[0.675s] Level 1:colcon.colcon_core.package_identification:_identify(src/qos_debugger) by extension 'ignore_ament_install'
[0.675s] Level 1:colcon.colcon_core.package_identification:_identify(src/qos_debugger) by extensions ['colcon_pkg']
[0.675s] Level 1:colcon.colcon_core.package_identification:_identify(src/qos_debugger) by extension 'colcon_pkg'
[0.675s] Level 1:colcon.colcon_core.package_identification:_identify(src/qos_debugger) by extensions ['colcon_meta']
[0.675s] Level 1:colcon.colcon_core.package_identification:_identify(src/qos_debugger) by extension 'colcon_meta'
[0.675s] Level 1:colcon.colcon_core.package_identification:_identify(src/qos_debugger) by extensions ['ros']
[0.675s] Level 1:colcon.colcon_core.package_identification:_identify(src/qos_debugger) by extension 'ros'
[0.675s] DEBUG:colcon.colcon_core.package_identification:Package 'src/qos_debugger' with type 'ros.ament_cmake' and name 'qos_debugger'
[0.675s] Level 1:colcon.colcon_core.package_discovery:discover_packages(recursive) using defaults
[0.675s] Level 1:colcon.colcon_core.package_discovery:discover_packages(ignore) discover
[0.675s] Level 1:colcon.colcon_core.package_discovery:discover_packages(ignore) using defaults
[0.675s] Level 1:colcon.colcon_core.package_discovery:discover_packages(path) discover
[0.675s] Level 1:colcon.colcon_core.package_discovery:discover_packages(path) using defaults
[0.696s] Level 1:colcon.colcon_core.package_discovery:discover_packages(prefix_path) check parameters
[0.696s] Level 1:colcon.colcon_core.package_discovery:discover_packages(prefix_path) discover
[0.697s] DEBUG:colcon.colcon_installed_package_information.package_discovery:Found 2 installed packages in /home/abin/nav_lecture4_hw/install
[0.698s] DEBUG:colcon.colcon_installed_package_information.package_discovery:Found 277 installed packages in /opt/ros/humble
[0.699s] Level 1:colcon.colcon_core.package_discovery:discover_packages(prefix_path) using defaults
[0.719s] Level 5:colcon.colcon_core.verb:set package 'nav_hw_interfaces' build argument 'cmake_args' from command line to 'None'
[0.719s] Level 5:colcon.colcon_core.verb:set package 'nav_hw_interfaces' build argument 'cmake_target' from command line to 'None'
[0.719s] Level 5:colcon.colcon_core.verb:set package 'nav_hw_interfaces' build argument 'cmake_target_skip_unavailable' from command line to 'False'
[0.719s] Level 5:colcon.colcon_core.verb:set package 'nav_hw_interfaces' build argument 'cmake_clean_cache' from command line to 'False'
[0.719s] Level 5:colcon.colcon_core.verb:set package 'nav_hw_interfaces' build argument 'cmake_clean_first' from command line to 'False'
[0.719s] Level 5:colcon.colcon_core.verb:set package 'nav_hw_interfaces' build argument 'cmake_force_configure' from command line to 'False'
[0.719s] Level 5:colcon.colcon_core.verb:set package 'nav_hw_interfaces' build argument 'ament_cmake_args' from command line to 'None'
[0.719s] Level 5:colcon.colcon_core.verb:set package 'nav_hw_interfaces' build argument 'catkin_cmake_args' from command line to 'None'
[0.719s] Level 5:colcon.colcon_core.verb:set package 'nav_hw_interfaces' build argument 'catkin_skip_building_tests' from command line to 'False'
[0.719s] DEBUG:colcon.colcon_core.verb:Building package 'nav_hw_interfaces' with the following arguments: {'ament_cmake_args': None, 'build_base': '/home/abin/nav_lecture4_hw/build/nav_hw_interfaces', 'catkin_cmake_args': None, 'catkin_skip_building_tests': False, 'cmake_args': None, 'cmake_clean_cache': False, 'cmake_clean_first': False, 'cmake_force_configure': False, 'cmake_target': None, 'cmake_target_skip_unavailable': False, 'install_base': '/home/abin/nav_lecture4_hw/install/nav_hw_interfaces', 'merge_install': False, 'path': '/home/abin/nav_lecture4_hw/src/nav_hw_interfaces', 'symlink_install': False, 'test_result_base': None}
[0.719s] Level 5:colcon.colcon_core.verb:set package 'qos_debugger' build argument 'cmake_args' from command line to 'None'
[0.719s] Level 5:colcon.colcon_core.verb:set package 'qos_debugger' build argument 'cmake_target' from command line to 'None'
[0.719s] Level 5:colcon.colcon_core.verb:set package 'qos_debugger' build argument 'cmake_target_skip_unavailable' from command line to 'False'
[0.719s] Level 5:colcon.colcon_core.verb:set package 'qos_debugger' build argument 'cmake_clean_cache' from command line to 'False'
[0.719s] Level 5:colcon.colcon_core.verb:set package 'qos_debugger' build argument 'cmake_clean_first' from command line to 'False'
[0.719s] Level 5:colcon.colcon_core.verb:set package 'qos_debugger' build argument 'cmake_force_configure' from command line to 'False'
[0.719s] Level 5:colcon.colcon_core.verb:set package 'qos_debugger' build argument 'ament_cmake_args' from command line to 'None'
[0.719s] Level 5:colcon.colcon_core.verb:set package 'qos_debugger' build argument 'catkin_cmake_args' from command line to 'None'
[0.719s] Level 5:colcon.colcon_core.verb:set package 'qos_debugger' build argument 'catkin_skip_building_tests' from command line to 'False'
[0.719s] DEBUG:colcon.colcon_core.verb:Building package 'qos_debugger' with the following arguments: {'ament_cmake_args': None, 'build_base': '/home/abin/nav_lecture4_hw/build/qos_debugger', 'catkin_cmake_args': None, 'catkin_skip_building_tests': False, 'cmake_args': None, 'cmake_clean_cache': False, 'cmake_clean_first': False, 'cmake_force_configure': False, 'cmake_target': None, 'cmake_target_skip_unavailable': False, 'install_base': '/home/abin/nav_lecture4_hw/install/qos_debugger', 'merge_install': False, 'path': '/home/abin/nav_lecture4_hw/src/qos_debugger', 'symlink_install': False, 'test_result_base': None}
[0.719s] INFO:colcon.colcon_core.executor:Executing jobs using 'parallel' executor
[0.720s] DEBUG:colcon.colcon_parallel_executor.executor.parallel:run_until_complete
[0.720s] INFO:colcon.colcon_ros.task.ament_cmake.build:Building ROS package in '/home/abin/nav_lecture4_hw/src/nav_hw_interfaces' with build type 'ament_cmake'
[0.720s] INFO:colcon.colcon_cmake.task.cmake.build:Building CMake package in '/home/abin/nav_lecture4_hw/src/nav_hw_interfaces'
[0.722s] INFO:colcon.colcon_core.plugin_system:Skipping extension 'colcon_core.shell.bat': Not used on non-Windows systems
[0.722s] INFO:colcon.colcon_core.shell:Skip shell extension 'powershell' for command environment: Not usable outside of PowerShell
[0.722s] DEBUG:colcon.colcon_core.shell:Skip shell extension 'dsv' for command environment
[0.728s] DEBUG:colcon.colcon_core.event_handler.log_command:Invoking command in '/home/abin/nav_lecture4_hw/build/nav_hw_interfaces': CMAKE_PREFIX_PATH=${CMAKE_PREFIX_PATH}:/opt/ros/humble /usr/bin/cmake /home/abin/nav_lecture4_hw/src/nav_hw_interfaces -DCMAKE_INSTALL_PREFIX=/home/abin/nav_lecture4_hw/install/nav_hw_interfaces
[2.032s] DEBUG:colcon.colcon_core.event_handler.log_command:Invoked command in '/home/abin/nav_lecture4_hw/build/nav_hw_interfaces' returned '0': CMAKE_PREFIX_PATH=${CMAKE_PREFIX_PATH}:/opt/ros/humble /usr/bin/cmake /home/abin/nav_lecture4_hw/src/nav_hw_interfaces -DCMAKE_INSTALL_PREFIX=/home/abin/nav_lecture4_hw/install/nav_hw_interfaces
[2.033s] DEBUG:colcon.colcon_core.event_handler.log_command:Invoking command in '/home/abin/nav_lecture4_hw/build/nav_hw_interfaces': CMAKE_PREFIX_PATH=${CMAKE_PREFIX_PATH}:/opt/ros/humble /usr/bin/cmake --build /home/abin/nav_lecture4_hw/build/nav_hw_interfaces -- -j24 -l24
[2.239s] DEBUG:colcon.colcon_core.event_handler.log_command:Invoked command in '/home/abin/nav_lecture4_hw/build/nav_hw_interfaces' returned '0': CMAKE_PREFIX_PATH=${CMAKE_PREFIX_PATH}:/opt/ros/humble /usr/bin/cmake --build /home/abin/nav_lecture4_hw/build/nav_hw_interfaces -- -j24 -l24
[2.246s] DEBUG:colcon.colcon_core.event_handler.log_command:Invoking command in '/home/abin/nav_lecture4_hw/build/nav_hw_interfaces': CMAKE_PREFIX_PATH=${CMAKE_PREFIX_PATH}:/opt/ros/humble /usr/bin/cmake --install /home/abin/nav_lecture4_hw/build/nav_hw_interfaces
[2.298s] Level 1:colcon.colcon_core.environment:create_environment_scripts_only(nav_hw_interfaces)
[2.298s] DEBUG:colcon.colcon_core.event_handler.log_command:Invoked command in '/home/abin/nav_lecture4_hw/build/nav_hw_interfaces' returned '0': CMAKE_PREFIX_PATH=${CMAKE_PREFIX_PATH}:/opt/ros/humble /usr/bin/cmake --install /home/abin/nav_lecture4_hw/build/nav_hw_interfaces
[2.300s] Level 1:colcon.colcon_core.environment:checking '/home/abin/nav_lecture4_hw/install/nav_hw_interfaces' for CMake module files
[2.300s] Level 1:colcon.colcon_core.environment:checking '/home/abin/nav_lecture4_hw/install/nav_hw_interfaces' for CMake config files
[2.301s] Level 1:colcon.colcon_core.shell:create_environment_hook('nav_hw_interfaces', 'cmake_prefix_path')
[2.301s] INFO:colcon.colcon_core.shell:Creating environment hook '/home/abin/nav_lecture4_hw/install/nav_hw_interfaces/share/nav_hw_interfaces/hook/cmake_prefix_path.ps1'
[2.301s] INFO:colcon.colcon_core.shell:Creating environment descriptor '/home/abin/nav_lecture4_hw/install/nav_hw_interfaces/share/nav_hw_interfaces/hook/cmake_prefix_path.dsv'
[2.302s] INFO:colcon.colcon_core.shell:Creating environment hook '/home/abin/nav_lecture4_hw/install/nav_hw_interfaces/share/nav_hw_interfaces/hook/cmake_prefix_path.sh'
[2.302s] Level 1:colcon.colcon_core.environment:checking '/home/abin/nav_lecture4_hw/install/nav_hw_interfaces/lib'
[2.302s] Level 1:colcon.colcon_core.shell:create_environment_hook('nav_hw_interfaces', 'ld_library_path_lib')
[2.303s] INFO:colcon.colcon_core.shell:Creating environment hook '/home/abin/nav_lecture4_hw/install/nav_hw_interfaces/share/nav_hw_interfaces/hook/ld_library_path_lib.ps1'
[2.303s] INFO:colcon.colcon_core.shell:Creating environment descriptor '/home/abin/nav_lecture4_hw/install/nav_hw_interfaces/share/nav_hw_interfaces/hook/ld_library_path_lib.dsv'
[2.303s] INFO:colcon.colcon_core.shell:Creating environment hook '/home/abin/nav_lecture4_hw/install/nav_hw_interfaces/share/nav_hw_interfaces/hook/ld_library_path_lib.sh'
[2.303s] Level 1:colcon.colcon_core.environment:checking '/home/abin/nav_lecture4_hw/install/nav_hw_interfaces/bin'
[2.303s] Level 1:colcon.colcon_core.environment:checking '/home/abin/nav_lecture4_hw/install/nav_hw_interfaces/lib/pkgconfig/nav_hw_interfaces.pc'
[2.303s] Level 1:colcon.colcon_core.environment:checking '/home/abin/nav_lecture4_hw/install/nav_hw_interfaces/lib/python3.10/site-packages'
[2.304s] Level 1:colcon.colcon_core.environment:checking '/home/abin/nav_lecture4_hw/install/nav_hw_interfaces/bin'
[2.304s] INFO:colcon.colcon_core.shell:Creating package script '/home/abin/nav_lecture4_hw/install/nav_hw_interfaces/share/nav_hw_interfaces/package.ps1'
[2.305s] INFO:colcon.colcon_core.shell:Creating package descriptor '/home/abin/nav_lecture4_hw/install/nav_hw_interfaces/share/nav_hw_interfaces/package.dsv'
[2.305s] INFO:colcon.colcon_core.shell:Creating package script '/home/abin/nav_lecture4_hw/install/nav_hw_interfaces/share/nav_hw_interfaces/package.sh'
[2.305s] INFO:colcon.colcon_core.shell:Creating package script '/home/abin/nav_lecture4_hw/install/nav_hw_interfaces/share/nav_hw_interfaces/package.bash'
[2.306s] INFO:colcon.colcon_core.shell:Creating package script '/home/abin/nav_lecture4_hw/install/nav_hw_interfaces/share/nav_hw_interfaces/package.zsh'
[2.306s] Level 1:colcon.colcon_core.environment:create_file_with_runtime_dependencies(/home/abin/nav_lecture4_hw/install/nav_hw_interfaces/share/colcon-core/packages/nav_hw_interfaces)
[2.307s] Level 1:colcon.colcon_core.environment:create_environment_scripts_only(nav_hw_interfaces)
[2.307s] Level 1:colcon.colcon_core.environment:checking '/home/abin/nav_lecture4_hw/install/nav_hw_interfaces' for CMake module files
[2.307s] Level 1:colcon.colcon_core.environment:checking '/home/abin/nav_lecture4_hw/install/nav_hw_interfaces' for CMake config files
[2.308s] Level 1:colcon.colcon_core.shell:create_environment_hook('nav_hw_interfaces', 'cmake_prefix_path')
[2.308s] INFO:colcon.colcon_core.shell:Creating environment hook '/home/abin/nav_lecture4_hw/install/nav_hw_interfaces/share/nav_hw_interfaces/hook/cmake_prefix_path.ps1'
[2.308s] INFO:colcon.colcon_core.shell:Creating environment descriptor '/home/abin/nav_lecture4_hw/install/nav_hw_interfaces/share/nav_hw_interfaces/hook/cmake_prefix_path.dsv'
[2.308s] INFO:colcon.colcon_core.shell:Creating environment hook '/home/abin/nav_lecture4_hw/install/nav_hw_interfaces/share/nav_hw_interfaces/hook/cmake_prefix_path.sh'
[2.309s] Level 1:colcon.colcon_core.environment:checking '/home/abin/nav_lecture4_hw/install/nav_hw_interfaces/lib'
[2.309s] Level 1:colcon.colcon_core.shell:create_environment_hook('nav_hw_interfaces', 'ld_library_path_lib')
[2.309s] INFO:colcon.colcon_core.shell:Creating environment hook '/home/abin/nav_lecture4_hw/install/nav_hw_interfaces/share/nav_hw_interfaces/hook/ld_library_path_lib.ps1'
[2.309s] INFO:colcon.colcon_core.shell:Creating environment descriptor '/home/abin/nav_lecture4_hw/install/nav_hw_interfaces/share/nav_hw_interfaces/hook/ld_library_path_lib.dsv'
[2.309s] INFO:colcon.colcon_core.shell:Creating environment hook '/home/abin/nav_lecture4_hw/install/nav_hw_interfaces/share/nav_hw_interfaces/hook/ld_library_path_lib.sh'
[2.310s] Level 1:colcon.colcon_core.environment:checking '/home/abin/nav_lecture4_hw/install/nav_hw_interfaces/bin'
[2.310s] Level 1:colcon.colcon_core.environment:checking '/home/abin/nav_lecture4_hw/install/nav_hw_interfaces/lib/pkgconfig/nav_hw_interfaces.pc'
[2.310s] Level 1:colcon.colcon_core.environment:checking '/home/abin/nav_lecture4_hw/install/nav_hw_interfaces/lib/python3.10/site-packages'
[2.310s] Level 1:colcon.colcon_core.environment:checking '/home/abin/nav_lecture4_hw/install/nav_hw_interfaces/bin'
[2.310s] INFO:colcon.colcon_core.shell:Creating package script '/home/abin/nav_lecture4_hw/install/nav_hw_interfaces/share/nav_hw_interfaces/package.ps1'
[2.311s] INFO:colcon.colcon_core.shell:Creating package descriptor '/home/abin/nav_lecture4_hw/install/nav_hw_interfaces/share/nav_hw_interfaces/package.dsv'
[2.311s] INFO:colcon.colcon_core.shell:Creating package script '/home/abin/nav_lecture4_hw/install/nav_hw_interfaces/share/nav_hw_interfaces/package.sh'
[2.311s] INFO:colcon.colcon_core.shell:Creating package script '/home/abin/nav_lecture4_hw/install/nav_hw_interfaces/share/nav_hw_interfaces/package.bash'
[2.311s] INFO:colcon.colcon_core.shell:Creating package script '/home/abin/nav_lecture4_hw/install/nav_hw_interfaces/share/nav_hw_interfaces/package.zsh'
[2.312s] Level 1:colcon.colcon_core.environment:create_file_with_runtime_dependencies(/home/abin/nav_lecture4_hw/install/nav_hw_interfaces/share/colcon-core/packages/nav_hw_interfaces)
[2.312s] INFO:colcon.colcon_ros.task.ament_cmake.build:Building ROS package in '/home/abin/nav_lecture4_hw/src/qos_debugger' with build type 'ament_cmake'
[2.312s] INFO:colcon.colcon_cmake.task.cmake.build:Building CMake package in '/home/abin/nav_lecture4_hw/src/qos_debugger'
[2.312s] INFO:colcon.colcon_core.shell:Skip shell extension 'powershell' for command environment: Not usable outside of PowerShell
[2.312s] DEBUG:colcon.colcon_core.shell:Skip shell extension 'dsv' for command environment
[2.846s] DEBUG:colcon.colcon_core.event_handler.log_command:Invoking command in '/home/abin/nav_lecture4_hw/build/qos_debugger': CMAKE_PREFIX_PATH=/home/abin/nav_lecture4_hw/install/nav_hw_interfaces:/home/abin/nav_lecture4_hw/install/qos_debugger:/opt/ros/humble /usr/bin/cmake /home/abin/nav_lecture4_hw/src/qos_debugger -DCMAKE_INSTALL_PREFIX=/home/abin/nav_lecture4_hw/install/qos_debugger
[18.919s] DEBUG:colcon.colcon_core.event_handler.log_command:Invoked command in '/home/abin/nav_lecture4_hw/build/qos_debugger' returned '0': CMAKE_PREFIX_PATH=/home/abin/nav_lecture4_hw/install/nav_hw_interfaces:/home/abin/nav_lecture4_hw/install/qos_debugger:/opt/ros/humble /usr/bin/cmake /home/abin/nav_lecture4_hw/src/qos_debugger -DCMAKE_INSTALL_PREFIX=/home/abin/nav_lecture4_hw/install/qos_debugger
[18.920s] DEBUG:colcon.colcon_core.event_handler.log_command:Invoking command in '/home/abin/nav_lecture4_hw/build/qos_debugger': CMAKE_PREFIX_PATH=/home/abin/nav_lecture4_hw/install/nav_hw_interfaces:/home/abin/nav_lecture4_hw/install/qos_debugger:/opt/ros/humble /usr/bin/cmake --build /home/abin/nav_lecture4_hw/build/qos_debugger -- -j24 -l24
[18.961s] DEBUG:colcon.colcon_core.event_handler.log_command:Invoked command in '/home/abin/nav_lecture4_hw/build/qos_debugger' returned '0': CMAKE_PREFIX_PATH=/home/abin/nav_lecture4_hw/install/nav_hw_interfaces:/home/abin/nav_lecture4_hw/install/qos_debugger:/opt/ros/humble /usr/bin/cmake --build /home/abin/nav_lecture4_hw/build/qos_debugger -- -j24 -l24
[18.963s] DEBUG:colcon.colcon_core.event_handler.log_command:Invoking command in '/home/abin/nav_lecture4_hw/build/qos_debugger': CMAKE_PREFIX_PATH=/home/abin/nav_lecture4_hw/install/nav_hw_interfaces:/home/abin/nav_lecture4_hw/install/qos_debugger:/opt/ros/humble /usr/bin/cmake --install /home/abin/nav_lecture4_hw/build/qos_debugger
[18.975s] Level 1:colcon.colcon_core.environment:create_environment_scripts_only(qos_debugger)
[18.975s] Level 1:colcon.colcon_core.environment:checking '/home/abin/nav_lecture4_hw/install/qos_debugger' for CMake module files
[18.975s] DEBUG:colcon.colcon_core.event_handler.log_command:Invoked command in '/home/abin/nav_lecture4_hw/build/qos_debugger' returned '0': CMAKE_PREFIX_PATH=/home/abin/nav_lecture4_hw/install/nav_hw_interfaces:/home/abin/nav_lecture4_hw/install/qos_debugger:/opt/ros/humble /usr/bin/cmake --install /home/abin/nav_lecture4_hw/build/qos_debugger
[18.976s] Level 1:colcon.colcon_core.environment:checking '/home/abin/nav_lecture4_hw/install/qos_debugger' for CMake config files
[18.976s] Level 1:colcon.colcon_core.shell:create_environment_hook('qos_debugger', 'cmake_prefix_path')
[18.976s] INFO:colcon.colcon_core.shell:Creating environment hook '/home/abin/nav_lecture4_hw/install/qos_debugger/share/qos_debugger/hook/cmake_prefix_path.ps1'
[18.976s] INFO:colcon.colcon_core.shell:Creating environment descriptor '/home/abin/nav_lecture4_hw/install/qos_debugger/share/qos_debugger/hook/cmake_prefix_path.dsv'
[18.977s] INFO:colcon.colcon_core.shell:Creating environment hook '/home/abin/nav_lecture4_hw/install/qos_debugger/share/qos_debugger/hook/cmake_prefix_path.sh'
[18.977s] Level 1:colcon.colcon_core.environment:checking '/home/abin/nav_lecture4_hw/install/qos_debugger/lib'
[18.977s] Level 1:colcon.colcon_core.environment:checking '/home/abin/nav_lecture4_hw/install/qos_debugger/bin'
[18.977s] Level 1:colcon.colcon_core.environment:checking '/home/abin/nav_lecture4_hw/install/qos_debugger/lib/pkgconfig/qos_debugger.pc'
[18.977s] Level 1:colcon.colcon_core.environment:checking '/home/abin/nav_lecture4_hw/install/qos_debugger/lib/python3.10/site-packages'
[18.977s] Level 1:colcon.colcon_core.environment:checking '/home/abin/nav_lecture4_hw/install/qos_debugger/bin'
[18.978s] INFO:colcon.colcon_core.shell:Creating package script '/home/abin/nav_lecture4_hw/install/qos_debugger/share/qos_debugger/package.ps1'
[18.978s] INFO:colcon.colcon_core.shell:Creating package descriptor '/home/abin/nav_lecture4_hw/install/qos_debugger/share/qos_debugger/package.dsv'
[18.978s] INFO:colcon.colcon_core.shell:Creating package script '/home/abin/nav_lecture4_hw/install/qos_debugger/share/qos_debugger/package.sh'
[18.979s] INFO:colcon.colcon_core.shell:Creating package script '/home/abin/nav_lecture4_hw/install/qos_debugger/share/qos_debugger/package.bash'
[18.979s] INFO:colcon.colcon_core.shell:Creating package script '/home/abin/nav_lecture4_hw/install/qos_debugger/share/qos_debugger/package.zsh'
[18.979s] Level 1:colcon.colcon_core.environment:create_file_with_runtime_dependencies(/home/abin/nav_lecture4_hw/install/qos_debugger/share/colcon-core/packages/qos_debugger)
[18.979s] Level 1:colcon.colcon_core.environment:create_environment_scripts_only(qos_debugger)
[18.979s] Level 1:colcon.colcon_core.environment:checking '/home/abin/nav_lecture4_hw/install/qos_debugger' for CMake module files
[18.980s] Level 1:colcon.colcon_core.environment:checking '/home/abin/nav_lecture4_hw/install/qos_debugger' for CMake config files
[18.980s] Level 1:colcon.colcon_core.shell:create_environment_hook('qos_debugger', 'cmake_prefix_path')
[18.980s] INFO:colcon.colcon_core.shell:Creating environment hook '/home/abin/nav_lecture4_hw/install/qos_debugger/share/qos_debugger/hook/cmake_prefix_path.ps1'
[18.980s] INFO:colcon.colcon_core.shell:Creating environment descriptor '/home/abin/nav_lecture4_hw/install/qos_debugger/share/qos_debugger/hook/cmake_prefix_path.dsv'
[18.980s] INFO:colcon.colcon_core.shell:Creating environment hook '/home/abin/nav_lecture4_hw/install/qos_debugger/share/qos_debugger/hook/cmake_prefix_path.sh'
[18.981s] Level 1:colcon.colcon_core.environment:checking '/home/abin/nav_lecture4_hw/install/qos_debugger/lib'
[18.981s] Level 1:colcon.colcon_core.environment:checking '/home/abin/nav_lecture4_hw/install/qos_debugger/bin'
[18.981s] Level 1:colcon.colcon_core.environment:checking '/home/abin/nav_lecture4_hw/install/qos_debugger/lib/pkgconfig/qos_debugger.pc'
[18.981s] Level 1:colcon.colcon_core.environment:checking '/home/abin/nav_lecture4_hw/install/qos_debugger/lib/python3.10/site-packages'
[18.981s] Level 1:colcon.colcon_core.environment:checking '/home/abin/nav_lecture4_hw/install/qos_debugger/bin'
[18.981s] INFO:colcon.colcon_core.shell:Creating package script '/home/abin/nav_lecture4_hw/install/qos_debugger/share/qos_debugger/package.ps1'
[18.982s] INFO:colcon.colcon_core.shell:Creating package descriptor '/home/abin/nav_lecture4_hw/install/qos_debugger/share/qos_debugger/package.dsv'
[18.982s] INFO:colcon.colcon_core.shell:Creating package script '/home/abin/nav_lecture4_hw/install/qos_debugger/share/qos_debugger/package.sh'
[18.982s] INFO:colcon.colcon_core.shell:Creating package script '/home/abin/nav_lecture4_hw/install/qos_debugger/share/qos_debugger/package.bash'
[18.983s] INFO:colcon.colcon_core.shell:Creating package script '/home/abin/nav_lecture4_hw/install/qos_debugger/share/qos_debugger/package.zsh'
[18.983s] Level 1:colcon.colcon_core.environment:create_file_with_runtime_dependencies(/home/abin/nav_lecture4_hw/install/qos_debugger/share/colcon-core/packages/qos_debugger)
[18.983s] DEBUG:colcon.colcon_parallel_executor.executor.parallel:closing loop
[18.983s] DEBUG:colcon.colcon_parallel_executor.executor.parallel:loop closed
[18.983s] DEBUG:colcon.colcon_parallel_executor.executor.parallel:run_until_complete finished with '0'
[18.984s] DEBUG:colcon.colcon_core.event_reactor:joining thread
[19.148s] INFO:colcon.colcon_core.plugin_system:Skipping extension 'colcon_notification.desktop_notification.notify_send': Could not find 'notify-send'
[19.148s] INFO:colcon.colcon_core.plugin_system:Skipping extension 'colcon_notification.desktop_notification.terminal_notifier': Not used on non-Darwin systems
[19.148s] INFO:colcon.colcon_core.plugin_system:Skipping extension 'colcon_notification.desktop_notification.win32': Not used on non-Windows systems
[19.148s] INFO:colcon.colcon_notification.desktop_notification:Sending desktop notification using 'notify2'
[19.149s] DEBUG:colcon.colcon_notification.desktop_notification.notify2:Failed to initialize notify2: org.freedesktop.DBus.Error.ServiceUnknown: The name org.freedesktop.Notifications was not provided by any .service files
[19.149s] DEBUG:colcon.colcon_core.event_reactor:joined thread
[19.149s] INFO:colcon.colcon_core.shell:Creating prefix script '/home/abin/nav_lecture4_hw/install/local_setup.ps1'
[19.150s] INFO:colcon.colcon_core.shell:Creating prefix util module '/home/abin/nav_lecture4_hw/install/_local_setup_util_ps1.py'
[19.151s] INFO:colcon.colcon_core.shell:Creating prefix chain script '/home/abin/nav_lecture4_hw/install/setup.ps1'
[19.151s] INFO:colcon.colcon_core.shell:Creating prefix script '/home/abin/nav_lecture4_hw/install/local_setup.sh'
[19.152s] INFO:colcon.colcon_core.shell:Creating prefix util module '/home/abin/nav_lecture4_hw/install/_local_setup_util_sh.py'
[19.152s] INFO:colcon.colcon_core.shell:Creating prefix chain script '/home/abin/nav_lecture4_hw/install/setup.sh'
[19.153s] INFO:colcon.colcon_core.shell:Creating prefix script '/home/abin/nav_lecture4_hw/install/local_setup.bash'
[19.153s] INFO:colcon.colcon_core.shell:Creating prefix chain script '/home/abin/nav_lecture4_hw/install/setup.bash'
[19.153s] INFO:colcon.colcon_core.shell:Creating prefix script '/home/abin/nav_lecture4_hw/install/local_setup.zsh'
[19.154s] INFO:colcon.colcon_core.shell:Creating prefix chain script '/home/abin/nav_lecture4_hw/install/setup.zsh'
