[0.533s] Invoking command in '/home/abin/nav_lecture4_hw/build/qos_debugger': CMAKE_PREFIX_PATH=/home/abin/nav_lecture4_hw/install/nav_hw_interfaces:/home/abin/nav_lecture4_hw/install/qos_debugger:/opt/ros/humble /usr/bin/cmake /home/abin/nav_lecture4_hw/src/qos_debugger -DCMAKE_INSTALL_PREFIX=/home/abin/nav_lecture4_hw/install/qos_debugger
[0.540s] -- Found ament_cmake: 1.3.14 (/opt/ros/humble/share/ament_cmake/cmake)
[0.616s] -- Override CMake install command with custom implementation using symlinks instead of copying resources
[0.620s] -- Found rclcpp: 16.0.19 (/opt/ros/humble/share/rclcpp/cmake)
[1.174s] -- Found rosidl_generator_c: 3.1.9 (/opt/ros/humble/share/rosidl_generator_c/cmake)
[1.175s] -- Found rosidl_adapter: 3.1.9 (/opt/ros/humble/share/rosidl_adapter/cmake)
[1.179s] -- Found rosidl_generator_cpp: 3.1.9 (/opt/ros/humble/share/rosidl_generator_cpp/cmake)
[1.186s] -- Using all available rosidl_typesupport_c: rosidl_typesupport_fastrtps_c;rosidl_typesupport_introspection_c
[1.194s] -- Using all available rosidl_typesupport_cpp: rosidl_typesupport_fastrtps_cpp;rosidl_typesupport_introspection_cpp
[1.213s] -- Found rmw_implementation_cmake: 6.1.2 (/opt/ros/humble/share/rmw_implementation_cmake/cmake)
[1.214s] -- Found rmw_fastrtps_cpp: 6.2.10 (/opt/ros/humble/share/rmw_fastrtps_cpp/cmake)
[19.317s] -- Using RMW implementation 'rmw_fastrtps_cpp' as default
[19.347s] -- Found nav_hw_interfaces: 0.0.0 (/home/abin/nav_lecture4_hw/install/nav_hw_interfaces/share/nav_hw_interfaces/cmake)
[19.357s] -- Found ament_lint_auto: 0.12.15 (/opt/ros/humble/share/ament_lint_auto/cmake)
[19.398s] -- Added test 'cppcheck' to perform static code analysis on C / C++ code
[19.398s] -- Configured cppcheck include dirs: 
[19.399s] -- Configured cppcheck exclude dirs and/or files: 
[19.399s] -- Added test 'lint_cmake' to check CMake code style
[19.399s] -- Added test 'uncrustify' to check C / C++ code style
[19.399s] -- Configured uncrustify additional arguments: 
[19.399s] -- Added test 'xmllint' to check XML markup files
[19.400s] -- Configuring done
[19.408s] -- Generating done
[19.412s] -- Build files have been written to: /home/abin/nav_lecture4_hw/build/qos_debugger
[19.418s] Invoked command in '/home/abin/nav_lecture4_hw/build/qos_debugger' returned '0': CMAKE_PREFIX_PATH=/home/abin/nav_lecture4_hw/install/nav_hw_interfaces:/home/abin/nav_lecture4_hw/install/qos_debugger:/opt/ros/humble /usr/bin/cmake /home/abin/nav_lecture4_hw/src/qos_debugger -DCMAKE_INSTALL_PREFIX=/home/abin/nav_lecture4_hw/install/qos_debugger
[19.419s] Invoking command in '/home/abin/nav_lecture4_hw/build/qos_debugger': CMAKE_PREFIX_PATH=/home/abin/nav_lecture4_hw/install/nav_hw_interfaces:/home/abin/nav_lecture4_hw/install/qos_debugger:/opt/ros/humble /usr/bin/cmake --build /home/abin/nav_lecture4_hw/build/qos_debugger -- -j24 -l24
[19.442s] [35m[1mConsolidate compiler generated dependencies of target qos_debugger_sub[0m
[19.442s] [35m[1mConsolidate compiler generated dependencies of target qos_debugger_pub[0m
[19.453s] [100%] Built target qos_debugger_sub
[19.453s] [100%] Built target qos_debugger_pub
[19.460s] Invoked command in '/home/abin/nav_lecture4_hw/build/qos_debugger' returned '0': CMAKE_PREFIX_PATH=/home/abin/nav_lecture4_hw/install/nav_hw_interfaces:/home/abin/nav_lecture4_hw/install/qos_debugger:/opt/ros/humble /usr/bin/cmake --build /home/abin/nav_lecture4_hw/build/qos_debugger -- -j24 -l24
[19.462s] Invoking command in '/home/abin/nav_lecture4_hw/build/qos_debugger': CMAKE_PREFIX_PATH=/home/abin/nav_lecture4_hw/install/nav_hw_interfaces:/home/abin/nav_lecture4_hw/install/qos_debugger:/opt/ros/humble /usr/bin/cmake --install /home/abin/nav_lecture4_hw/build/qos_debugger
[19.466s] -- Install configuration: ""
[19.466s] -- Execute custom install script
[19.466s] -- Up-to-date symlink: /home/abin/nav_lecture4_hw/install/qos_debugger/lib/qos_debugger/qos_debugger_pub
[19.466s] -- Up-to-date symlink: /home/abin/nav_lecture4_hw/install/qos_debugger/lib/qos_debugger/qos_debugger_sub
[19.466s] -- Up-to-date symlink: /home/abin/nav_lecture4_hw/install/qos_debugger/share/ament_index/resource_index/package_run_dependencies/qos_debugger
[19.466s] -- Up-to-date symlink: /home/abin/nav_lecture4_hw/install/qos_debugger/share/ament_index/resource_index/parent_prefix_path/qos_debugger
[19.466s] -- Up-to-date symlink: /home/abin/nav_lecture4_hw/install/qos_debugger/share/qos_debugger/environment/ament_prefix_path.sh
[19.467s] -- Up-to-date symlink: /home/abin/nav_lecture4_hw/install/qos_debugger/share/qos_debugger/environment/ament_prefix_path.dsv
[19.467s] -- Up-to-date symlink: /home/abin/nav_lecture4_hw/install/qos_debugger/share/qos_debugger/environment/path.sh
[19.467s] -- Up-to-date symlink: /home/abin/nav_lecture4_hw/install/qos_debugger/share/qos_debugger/environment/path.dsv
[19.467s] -- Up-to-date symlink: /home/abin/nav_lecture4_hw/install/qos_debugger/share/qos_debugger/local_setup.bash
[19.467s] -- Up-to-date symlink: /home/abin/nav_lecture4_hw/install/qos_debugger/share/qos_debugger/local_setup.sh
[19.467s] -- Up-to-date symlink: /home/abin/nav_lecture4_hw/install/qos_debugger/share/qos_debugger/local_setup.zsh
[19.467s] -- Up-to-date symlink: /home/abin/nav_lecture4_hw/install/qos_debugger/share/qos_debugger/local_setup.dsv
[19.467s] -- Symlinking: /home/abin/nav_lecture4_hw/install/qos_debugger/share/qos_debugger/package.dsv
[19.472s] -- Up-to-date symlink: /home/abin/nav_lecture4_hw/install/qos_debugger/share/ament_index/resource_index/packages/qos_debugger
[19.473s] -- Up-to-date symlink: /home/abin/nav_lecture4_hw/install/qos_debugger/share/qos_debugger/cmake/qos_debuggerConfig.cmake
[19.473s] -- Up-to-date symlink: /home/abin/nav_lecture4_hw/install/qos_debugger/share/qos_debugger/cmake/qos_debuggerConfig-version.cmake
[19.473s] -- Up-to-date symlink: /home/abin/nav_lecture4_hw/install/qos_debugger/share/qos_debugger/package.xml
[19.474s] Invoked command in '/home/abin/nav_lecture4_hw/build/qos_debugger' returned '0': CMAKE_PREFIX_PATH=/home/abin/nav_lecture4_hw/install/nav_hw_interfaces:/home/abin/nav_lecture4_hw/install/qos_debugger:/opt/ros/humble /usr/bin/cmake --install /home/abin/nav_lecture4_hw/build/qos_debugger
