[ 75%] Building CXX object CMakeFiles/qos_debugger_sub.dir/src/qos_debugger_sub.cpp.o
[ 75%] Built target qos_debugger_pub
/home/abin/nav_lecture4_hw/src/qos_debugger/src/qos_debugger_sub.cpp: In constructor ‘SensorSubscriber::SensorSubscriber()’:
/home/abin/nav_lecture4_hw/src/qos_debugger/src/qos_debugger_sub.cpp:69:11: warning: ignoring return value of ‘rclcpp::node_interfaces::OnSetParametersCallbackHandle::SharedPtr rclcpp::Node::add_on_set_parameters_callback(rclcpp::Node::OnParametersSetCallbackType)’, declared with attribute ‘warn_unused_result’ [-Wunused-result]
   69 |         });
      |           ^
In file included from /opt/ros/humble/include/rclcpp/rclcpp/executors/single_threaded_executor.hpp:28,
                 from /opt/ros/humble/include/rclcpp/rclcpp/executors.hpp:22,
                 from /opt/ros/humble/include/rclcpp/rclcpp/rclcpp.hpp:155,
                 from /home/abin/nav_lecture4_hw/src/qos_debugger/src/qos_debugger_sub.cpp:18:
/opt/ros/humble/include/rclcpp/rclcpp/node.hpp:934:3: note: declared here
  934 |   add_on_set_parameters_callback(OnParametersSetCallbackType callback);
      |   ^~~~~~~~~~~~~~~~~~~~~~~~~~~~~~
[100%] Linking CXX executable qos_debugger_sub
[100%] Built target qos_debugger_sub
-- Install configuration: ""
-- Execute custom install script
-- Up-to-date symlink: /home/abin/nav_lecture4_hw/install/qos_debugger/lib/qos_debugger/qos_debugger_pub
-- Up-to-date symlink: /home/abin/nav_lecture4_hw/install/qos_debugger/lib/qos_debugger/qos_debugger_sub
-- Up-to-date symlink: /home/abin/nav_lecture4_hw/install/qos_debugger/share/ament_index/resource_index/package_run_dependencies/qos_debugger
-- Up-to-date symlink: /home/abin/nav_lecture4_hw/install/qos_debugger/share/ament_index/resource_index/parent_prefix_path/qos_debugger
-- Up-to-date symlink: /home/abin/nav_lecture4_hw/install/qos_debugger/share/qos_debugger/environment/ament_prefix_path.sh
-- Up-to-date symlink: /home/abin/nav_lecture4_hw/install/qos_debugger/share/qos_debugger/environment/ament_prefix_path.dsv
-- Up-to-date symlink: /home/abin/nav_lecture4_hw/install/qos_debugger/share/qos_debugger/environment/path.sh
-- Up-to-date symlink: /home/abin/nav_lecture4_hw/install/qos_debugger/share/qos_debugger/environment/path.dsv
-- Up-to-date symlink: /home/abin/nav_lecture4_hw/install/qos_debugger/share/qos_debugger/local_setup.bash
-- Up-to-date symlink: /home/abin/nav_lecture4_hw/install/qos_debugger/share/qos_debugger/local_setup.sh
-- Up-to-date symlink: /home/abin/nav_lecture4_hw/install/qos_debugger/share/qos_debugger/local_setup.zsh
-- Up-to-date symlink: /home/abin/nav_lecture4_hw/install/qos_debugger/share/qos_debugger/local_setup.dsv
-- Symlinking: /home/abin/nav_lecture4_hw/install/qos_debugger/share/qos_debugger/package.dsv
-- Up-to-date symlink: /home/abin/nav_lecture4_hw/install/qos_debugger/share/ament_index/resource_index/packages/qos_debugger
-- Up-to-date symlink: /home/abin/nav_lecture4_hw/install/qos_debugger/share/qos_debugger/cmake/qos_debuggerConfig.cmake
-- Up-to-date symlink: /home/abin/nav_lecture4_hw/install/qos_debugger/share/qos_debugger/cmake/qos_debuggerConfig-version.cmake
-- Up-to-date symlink: /home/abin/nav_lecture4_hw/install/qos_debugger/share/qos_debugger/package.xml
