/home/abin/nav_lecture4_hw/src/qos_debugger/src/qos_debugger_sub.cpp:8:1: warning: multi-line comment [-Wcomment]
    8 | //   ros2 run qos_debugger qos_debugger_sub \
      | ^
/home/abin/nav_lecture4_hw/src/qos_debugger/src/qos_debugger_pub.cpp:4:1: warning: multi-line comment [-Wcomment]
    4 | //   ros2 run qos_debugger qos_debugger_pub \
      | ^
/home/abin/nav_lecture4_hw/src/qos_debugger/src/qos_debugger_pub.cpp: In constructor ‘SensorPublisher::SensorPublisher()’:
/home/abin/nav_lecture4_hw/src/qos_debugger/src/qos_debugger_pub.cpp:35:20: warning: parentheses were disambiguated as a function declaration [-Wvexing-parse]
   35 |     rclcpp::QoS qos(rclcpp::KeepLast(depth));
      |                    ^~~~~~~~~~~~~~~~~~~~~~~~~
/home/abin/nav_lecture4_hw/src/qos_debugger/src/qos_debugger_pub.cpp:35:20: note: replace parentheses with braces to declare a variable
   35 |     rclcpp::QoS qos(rclcpp::KeepLast(depth));
      |                    ^~~~~~~~~~~~~~~~~~~~~~~~~
      |                    -
      |                    {                       -
      |                                            }
/home/abin/nav_lecture4_hw/src/qos_debugger/src/qos_debugger_pub.cpp:37:11: error: request for member ‘reliability’ in ‘qos’, which is of non-class type ‘rclcpp::QoS(rclcpp::KeepLast)’
   37 |       qos.reliability(rclcpp::ReliabilityPolicy::BestEffort);
      |           ^~~~~~~~~~~
/home/abin/nav_lecture4_hw/src/qos_debugger/src/qos_debugger_pub.cpp:39:11: error: request for member ‘reliability’ in ‘qos’, which is of non-class type ‘rclcpp::QoS(rclcpp::KeepLast)’
   39 |       qos.reliability(rclcpp::ReliabilityPolicy::Reliable);
      |           ^~~~~~~~~~~
/home/abin/nav_lecture4_hw/src/qos_debugger/src/qos_debugger_pub.cpp:42:76: error: no matching function for call to ‘SensorPublisher::create_publisher<nav_hw_interfaces::msg::SensorData>(const char [12], rclcpp::QoS (&)(rclcpp::KeepLast))’
   42 |     publisher_ = this->create_publisher<nav_hw_interfaces::msg::SensorData>("sensor_data", qos);
      |                  ~~~~~~~~~~~~~~~~~~~~~~~~~~~~~~~~~~~~~~~~~~~~~~~~~~~~~~~~~~^~~~~~~~~~~~~~~~~~~~
In file included from /opt/ros/humble/include/rclcpp/rclcpp/executors/single_threaded_executor.hpp:28,
                 from /opt/ros/humble/include/rclcpp/rclcpp/executors.hpp:22,
                 from /opt/ros/humble/include/rclcpp/rclcpp/rclcpp.hpp:155,
                 from /home/abin/nav_lecture4_hw/src/qos_debugger/src/qos_debugger_pub.cpp:15:
/opt/ros/humble/include/rclcpp/rclcpp/node.hpp:195:3: note: candidate: ‘template<class MessageT, class AllocatorT, class PublisherT> std::shared_ptr<PublisherT> rclcpp::Node::create_publisher(const string&, const rclcpp::QoS&, const rclcpp::PublisherOptionsWithAllocator<AllocatorT>&)’
  195 |   create_publisher(
      |   ^~~~~~~~~~~~~~~~
/opt/ros/humble/include/rclcpp/rclcpp/node.hpp:195:3: note:   template argument deduction/substitution failed:
/home/abin/nav_lecture4_hw/src/qos_debugger/src/qos_debugger_pub.cpp:42:92: note:   cannot convert ‘qos’ (type ‘rclcpp::QoS(rclcpp::KeepLast)’) to type ‘const rclcpp::QoS&’
   42 |     publisher_ = this->create_publisher<nav_hw_interfaces::msg::SensorData>("sensor_data", qos);
      |                                                                                            ^~~
/home/abin/nav_lecture4_hw/src/qos_debugger/src/qos_debugger_sub.cpp: In constructor ‘SensorSubscriber::SensorSubscriber()’:
/home/abin/nav_lecture4_hw/src/qos_debugger/src/qos_debugger_sub.cpp:37:20: warning: parentheses were disambiguated as a function declaration [-Wvexing-parse]
   37 |     rclcpp::QoS qos(rclcpp::KeepLast(depth));
      |                    ^~~~~~~~~~~~~~~~~~~~~~~~~
/home/abin/nav_lecture4_hw/src/qos_debugger/src/qos_debugger_sub.cpp:37:20: note: replace parentheses with braces to declare a variable
   37 |     rclcpp::QoS qos(rclcpp::KeepLast(depth));
      |                    ^~~~~~~~~~~~~~~~~~~~~~~~~
      |                    -
      |                    {                       -
      |                                            }
/home/abin/nav_lecture4_hw/src/qos_debugger/src/qos_debugger_sub.cpp:39:11: error: request for member ‘reliability’ in ‘qos’, which is of non-class type ‘rclcpp::QoS(rclcpp::KeepLast)’
   39 |       qos.reliability(rclcpp::ReliabilityPolicy::BestEffort);
      |           ^~~~~~~~~~~
/home/abin/nav_lecture4_hw/src/qos_debugger/src/qos_debugger_sub.cpp:41:11: error: request for member ‘reliability’ in ‘qos’, which is of non-class type ‘rclcpp::QoS(rclcpp::KeepLast)’
   41 |       qos.reliability(rclcpp::ReliabilityPolicy::Reliable);
      |           ^~~~~~~~~~~
/home/abin/nav_lecture4_hw/src/qos_debugger/src/qos_debugger_sub.cpp:44:82: error: no matching function for call to ‘SensorSubscriber::create_subscription<nav_hw_interfaces::msg::SensorData>(const char [12], rclcpp::QoS (&)(rclcpp::KeepLast), std::_Bind_helper<false, void (SensorSubscriber::*)(std::shared_ptr<nav_hw_interfaces::msg::SensorData_<std::allocator<void> > >), SensorSubscriber*, const std::_Placeholder<1>&>::type)’
   44 |     subscription_ = this->create_subscription<nav_hw_interfaces::msg::SensorData>(
      |                     ~~~~~~~~~~~~~~~~~~~~~~~~~~~~~~~~~~~~~~~~~~~~~~~~~~~~~~~~~~~~~^
   45 |       "sensor_data", qos,
      |       ~~~~~~~~~~~~~~~~~~~                                                         
   46 |       std::bind(&SensorSubscriber::topic_callback, this, std::placeholders::_1));
      |       ~~~~~~~~~~~~~~~~~~~~~~~~~~~~~~~~~~~~~~~~~~~~~~~~~~~~~~~~~~~~~~~~~~~~~~~~~~  
In file included from /opt/ros/humble/include/rclcpp/rclcpp/executors/single_threaded_executor.hpp:28,
                 from /opt/ros/humble/include/rclcpp/rclcpp/executors.hpp:22,
                 from /opt/ros/humble/include/rclcpp/rclcpp/rclcpp.hpp:155,
                 from /home/abin/nav_lecture4_hw/src/qos_debugger/src/qos_debugger_sub.cpp:18:
/opt/ros/humble/include/rclcpp/rclcpp/node.hpp:219:3: note: candidate: ‘template<class MessageT, class CallbackT, class AllocatorT, class SubscriptionT, class MessageMemoryStrategyT> std::shared_ptr<ROSMessageT> rclcpp::Node::create_subscription(const string&, const rclcpp::QoS&, CallbackT&&, const rclcpp::SubscriptionOptionsWithAllocator<AllocatorT>&, typename MessageMemoryStrategyT::SharedPtr)’
  219 |   create_subscription(
      |   ^~~~~~~~~~~~~~~~~~~
/opt/ros/humble/include/rclcpp/rclcpp/node.hpp:219:3: note:   template argument deduction/substitution failed:
/home/abin/nav_lecture4_hw/src/qos_debugger/src/qos_debugger_sub.cpp:45:22: note:   cannot convert ‘qos’ (type ‘rclcpp::QoS(rclcpp::KeepLast)’) to type ‘const rclcpp::QoS&’
   45 |       "sensor_data", qos,
      |                      ^~~
gmake[2]: *** [CMakeFiles/qos_debugger_sub.dir/build.make:76: CMakeFiles/qos_debugger_sub.dir/src/qos_debugger_sub.cpp.o] Error 1
gmake[1]: *** [CMakeFiles/Makefile2:165: CMakeFiles/qos_debugger_sub.dir/all] Error 2
gmake[1]: *** Waiting for unfinished jobs....
gmake[2]: *** [CMakeFiles/qos_debugger_pub.dir/build.make:76: CMakeFiles/qos_debugger_pub.dir/src/qos_debugger_pub.cpp.o] Error 1
gmake[1]: *** [CMakeFiles/Makefile2:139: CMakeFiles/qos_debugger_pub.dir/all] Error 2
gmake: *** [Makefile:146: all] Error 2
