[0.719s] Invoking command in '/home/abin/nav_lecture4_hw/build/qos_debugger': AMENT_PREFIX_PATH=/home/abin/nav_lecture4_hw/install/nav_hw_interfaces:${AMENT_PREFIX_PATH} CMAKE_PREFIX_PATH=/home/abin/nav_lecture4_hw/install/nav_hw_interfaces:/opt/ros/humble LD_LIBRARY_PATH=/home/abin/nav_lecture4_hw/install/nav_hw_interfaces/lib:${LD_LIBRARY_PATH} PYTHONPATH=/home/abin/nav_lecture4_hw/install/nav_hw_interfaces/local/lib/python3.10/dist-packages:${PYTHONPATH} /usr/bin/cmake /home/abin/nav_lecture4_hw/src/qos_debugger -DAMENT_CMAKE_SYMLINK_INSTALL=1 -DCMAKE_INSTALL_PREFIX=/home/abin/nav_lecture4_hw/install/qos_debugger
[1.498s] -- The C compiler identification is GNU 11.4.0
[3.122s] -- The CXX compiler identification is GNU 11.4.0
[4.331s] -- Detecting C compiler ABI info
[4.732s] -- Detecting C compiler ABI info - done
[4.736s] -- Check for working C compiler: /usr/bin/cc - skipped
[4.736s] -- Detecting C compile features
[4.736s] -- Detecting C compile features - done
[4.738s] -- Detecting CXX compiler ABI info
[5.149s] -- Detecting CXX compiler ABI info - done
[5.153s] -- Check for working CXX compiler: /usr/bin/c++ - skipped
[5.153s] -- Detecting CXX compile features
[5.153s] -- Detecting CXX compile features - done
[5.155s] -- Found ament_cmake: 1.3.14 (/opt/ros/humble/share/ament_cmake/cmake)
[5.248s] -- Found Python3: /usr/bin/python3 (found version "3.10.12") found components: Interpreter 
[5.292s] -- Override CMake install command with custom implementation using symlinks instead of copying resources
[5.318s] -- Found rclcpp: 16.0.19 (/opt/ros/humble/share/rclcpp/cmake)
[5.744s] -- Found rosidl_generator_c: 3.1.9 (/opt/ros/humble/share/rosidl_generator_c/cmake)
[5.747s] -- Found rosidl_adapter: 3.1.9 (/opt/ros/humble/share/rosidl_adapter/cmake)
[5.751s] -- Found rosidl_generator_cpp: 3.1.9 (/opt/ros/humble/share/rosidl_generator_cpp/cmake)
[5.758s] -- Using all available rosidl_typesupport_c: rosidl_typesupport_fastrtps_c;rosidl_typesupport_introspection_c
[5.767s] -- Using all available rosidl_typesupport_cpp: rosidl_typesupport_fastrtps_cpp;rosidl_typesupport_introspection_cpp
[5.808s] -- Found rmw_implementation_cmake: 6.1.2 (/opt/ros/humble/share/rmw_implementation_cmake/cmake)
[5.810s] -- Found rmw_fastrtps_cpp: 6.2.10 (/opt/ros/humble/share/rmw_fastrtps_cpp/cmake)
[10.484s] -- Found OpenSSL: /usr/lib/x86_64-linux-gnu/libcrypto.so (found version "3.0.2")  
[15.798s] -- Found FastRTPS: /opt/ros/humble/include  
[23.691s] -- Using RMW implementation 'rmw_fastrtps_cpp' as default
[23.706s] -- Looking for pthread.h
[24.278s] -- Looking for pthread.h - found
[24.278s] -- Performing Test CMAKE_HAVE_LIBC_PTHREAD
[24.742s] -- Performing Test CMAKE_HAVE_LIBC_PTHREAD - Success
[24.743s] -- Found Threads: TRUE  
[24.804s] -- Found nav_hw_interfaces: 0.0.0 (/home/abin/nav_lecture4_hw/install/nav_hw_interfaces/share/nav_hw_interfaces/cmake)
[24.818s] -- Found ament_lint_auto: 0.12.15 (/opt/ros/humble/share/ament_lint_auto/cmake)
[24.884s] -- Added test 'cppcheck' to perform static code analysis on C / C++ code
[24.884s] -- Configured cppcheck include dirs: 
[24.884s] -- Configured cppcheck exclude dirs and/or files: 
[24.886s] -- Added test 'lint_cmake' to check CMake code style
[24.887s] -- Added test 'uncrustify' to check C / C++ code style
[24.887s] -- Configured uncrustify additional arguments: 
[24.888s] -- Added test 'xmllint' to check XML markup files
[24.889s] -- Configuring done
[24.900s] -- Generating done
[24.906s] -- Build files have been written to: /home/abin/nav_lecture4_hw/build/qos_debugger
[24.913s] Invoked command in '/home/abin/nav_lecture4_hw/build/qos_debugger' returned '0': AMENT_PREFIX_PATH=/home/abin/nav_lecture4_hw/install/nav_hw_interfaces:${AMENT_PREFIX_PATH} CMAKE_PREFIX_PATH=/home/abin/nav_lecture4_hw/install/nav_hw_interfaces:/opt/ros/humble LD_LIBRARY_PATH=/home/abin/nav_lecture4_hw/install/nav_hw_interfaces/lib:${LD_LIBRARY_PATH} PYTHONPATH=/home/abin/nav_lecture4_hw/install/nav_hw_interfaces/local/lib/python3.10/dist-packages:${PYTHONPATH} /usr/bin/cmake /home/abin/nav_lecture4_hw/src/qos_debugger -DAMENT_CMAKE_SYMLINK_INSTALL=1 -DCMAKE_INSTALL_PREFIX=/home/abin/nav_lecture4_hw/install/qos_debugger
[24.915s] Invoking command in '/home/abin/nav_lecture4_hw/build/qos_debugger': AMENT_PREFIX_PATH=/home/abin/nav_lecture4_hw/install/nav_hw_interfaces:${AMENT_PREFIX_PATH} CMAKE_PREFIX_PATH=/home/abin/nav_lecture4_hw/install/nav_hw_interfaces:/opt/ros/humble LD_LIBRARY_PATH=/home/abin/nav_lecture4_hw/install/nav_hw_interfaces/lib:${LD_LIBRARY_PATH} PYTHONPATH=/home/abin/nav_lecture4_hw/install/nav_hw_interfaces/local/lib/python3.10/dist-packages:${PYTHONPATH} /usr/bin/cmake --build /home/abin/nav_lecture4_hw/build/qos_debugger -- -j24 -l24
[24.946s] [ 50%] Building CXX object CMakeFiles/qos_debugger_sub.dir/src/qos_debugger_sub.cpp.o
[24.946s] [ 50%] Building CXX object CMakeFiles/qos_debugger_pub.dir/src/qos_debugger_pub.cpp.o
[24.955s] /home/abin/nav_lecture4_hw/src/qos_debugger/src/qos_debugger_sub.cpp:8:1: warning: multi-line comment [-Wcomment]
[24.955s]     8 | //   ros2 run qos_debugger qos_debugger_sub \
[24.955s]       | ^
[24.955s] /home/abin/nav_lecture4_hw/src/qos_debugger/src/qos_debugger_pub.cpp:4:1: warning: multi-line comment [-Wcomment]
[24.955s]     4 | //   ros2 run qos_debugger qos_debugger_pub \
[24.955s]       | ^
[26.730s] /home/abin/nav_lecture4_hw/src/qos_debugger/src/qos_debugger_pub.cpp: In constructor ‘SensorPublisher::SensorPublisher()’:
[26.730s] /home/abin/nav_lecture4_hw/src/qos_debugger/src/qos_debugger_pub.cpp:35:20: warning: parentheses were disambiguated as a function declaration [-Wvexing-parse]
[26.730s]    35 |     rclcpp::QoS qos(rclcpp::KeepLast(depth));
[26.730s]       |                    ^~~~~~~~~~~~~~~~~~~~~~~~~
[26.730s] /home/abin/nav_lecture4_hw/src/qos_debugger/src/qos_debugger_pub.cpp:35:20: note: replace parentheses with braces to declare a variable
[26.730s]    35 |     rclcpp::QoS qos(rclcpp::KeepLast(depth));
[26.730s]       |                    ^~~~~~~~~~~~~~~~~~~~~~~~~
[26.731s]       |                    -
[26.731s]       |                    {                       -
[26.731s]       |                                            }
[26.731s] /home/abin/nav_lecture4_hw/src/qos_debugger/src/qos_debugger_pub.cpp:37:11: error: request for member ‘reliability’ in ‘qos’, which is of non-class type ‘rclcpp::QoS(rclcpp::KeepLast)’
[26.731s]    37 |       qos.reliability(rclcpp::ReliabilityPolicy::BestEffort);
[26.731s]       |           ^~~~~~~~~~~
[26.731s] /home/abin/nav_lecture4_hw/src/qos_debugger/src/qos_debugger_pub.cpp:39:11: error: request for member ‘reliability’ in ‘qos’, which is of non-class type ‘rclcpp::QoS(rclcpp::KeepLast)’
[26.731s]    39 |       qos.reliability(rclcpp::ReliabilityPolicy::Reliable);
[26.731s]       |           ^~~~~~~~~~~
[26.731s] /home/abin/nav_lecture4_hw/src/qos_debugger/src/qos_debugger_pub.cpp:42:76: error: no matching function for call to ‘SensorPublisher::create_publisher<nav_hw_interfaces::msg::SensorData>(const char [12], rclcpp::QoS (&)(rclcpp::KeepLast))’
[26.731s]    42 |     publisher_ = this->create_publisher<nav_hw_interfaces::msg::SensorData>("sensor_data", qos);
[26.731s]       |                  ~~~~~~~~~~~~~~~~~~~~~~~~~~~~~~~~~~~~~~~~~~~~~~~~~~~~~~~~~~^~~~~~~~~~~~~~~~~~~~
[26.731s] In file included from /opt/ros/humble/include/rclcpp/rclcpp/executors/single_threaded_executor.hpp:28,
[26.731s]                  from /opt/ros/humble/include/rclcpp/rclcpp/executors.hpp:22,
[26.731s]                  from /opt/ros/humble/include/rclcpp/rclcpp/rclcpp.hpp:155,
[26.731s]                  from /home/abin/nav_lecture4_hw/src/qos_debugger/src/qos_debugger_pub.cpp:15:
[26.731s] /opt/ros/humble/include/rclcpp/rclcpp/node.hpp:195:3: note: candidate: ‘template<class MessageT, class AllocatorT, class PublisherT> std::shared_ptr<PublisherT> rclcpp::Node::create_publisher(const string&, const rclcpp::QoS&, const rclcpp::PublisherOptionsWithAllocator<AllocatorT>&)’
[26.731s]   195 |   create_publisher(
[26.731s]       |   ^~~~~~~~~~~~~~~~
[26.731s] /opt/ros/humble/include/rclcpp/rclcpp/node.hpp:195:3: note:   template argument deduction/substitution failed:
[26.731s] /home/abin/nav_lecture4_hw/src/qos_debugger/src/qos_debugger_pub.cpp:42:92: note:   cannot convert ‘qos’ (type ‘rclcpp::QoS(rclcpp::KeepLast)’) to type ‘const rclcpp::QoS&’
[26.731s]    42 |     publisher_ = this->create_publisher<nav_hw_interfaces::msg::SensorData>("sensor_data", qos);
[26.731s]       |                                                                                            ^~~
[26.747s] /home/abin/nav_lecture4_hw/src/qos_debugger/src/qos_debugger_sub.cpp: In constructor ‘SensorSubscriber::SensorSubscriber()’:
[26.747s] /home/abin/nav_lecture4_hw/src/qos_debugger/src/qos_debugger_sub.cpp:37:20: warning: parentheses were disambiguated as a function declaration [-Wvexing-parse]
[26.747s]    37 |     rclcpp::QoS qos(rclcpp::KeepLast(depth));
[26.747s]       |                    ^~~~~~~~~~~~~~~~~~~~~~~~~
[26.747s] /home/abin/nav_lecture4_hw/src/qos_debugger/src/qos_debugger_sub.cpp:37:20: note: replace parentheses with braces to declare a variable
[26.747s]    37 |     rclcpp::QoS qos(rclcpp::KeepLast(depth));
[26.748s]       |                    ^~~~~~~~~~~~~~~~~~~~~~~~~
[26.748s]       |                    -
[26.748s]       |                    {                       -
[26.748s]       |                                            }
[26.748s] /home/abin/nav_lecture4_hw/src/qos_debugger/src/qos_debugger_sub.cpp:39:11: error: request for member ‘reliability’ in ‘qos’, which is of non-class type ‘rclcpp::QoS(rclcpp::KeepLast)’
[26.748s]    39 |       qos.reliability(rclcpp::ReliabilityPolicy::BestEffort);
[26.748s]       |           ^~~~~~~~~~~
[26.748s] /home/abin/nav_lecture4_hw/src/qos_debugger/src/qos_debugger_sub.cpp:41:11: error: request for member ‘reliability’ in ‘qos’, which is of non-class type ‘rclcpp::QoS(rclcpp::KeepLast)’
[26.748s]    41 |       qos.reliability(rclcpp::ReliabilityPolicy::Reliable);
[26.748s]       |           ^~~~~~~~~~~
[26.751s] /home/abin/nav_lecture4_hw/src/qos_debugger/src/qos_debugger_sub.cpp:44:82: error: no matching function for call to ‘SensorSubscriber::create_subscription<nav_hw_interfaces::msg::SensorData>(const char [12], rclcpp::QoS (&)(rclcpp::KeepLast), std::_Bind_helper<false, void (SensorSubscriber::*)(std::shared_ptr<nav_hw_interfaces::msg::SensorData_<std::allocator<void> > >), SensorSubscriber*, const std::_Placeholder<1>&>::type)’
[26.751s]    44 |     subscription_ = this->create_subscription<nav_hw_interfaces::msg::SensorData>(
[26.751s]       |                     ~~~~~~~~~~~~~~~~~~~~~~~~~~~~~~~~~~~~~~~~~~~~~~~~~~~~~~~~~~~~~^
[26.751s]    45 |       "sensor_data", qos,
[26.751s]       |       ~~~~~~~~~~~~~~~~~~~                                                         
[26.751s]    46 |       std::bind(&SensorSubscriber::topic_callback, this, std::placeholders::_1));
[26.751s]       |       ~~~~~~~~~~~~~~~~~~~~~~~~~~~~~~~~~~~~~~~~~~~~~~~~~~~~~~~~~~~~~~~~~~~~~~~~~~  
[26.751s] In file included from /opt/ros/humble/include/rclcpp/rclcpp/executors/single_threaded_executor.hpp:28,
[26.751s]                  from /opt/ros/humble/include/rclcpp/rclcpp/executors.hpp:22,
[26.751s]                  from /opt/ros/humble/include/rclcpp/rclcpp/rclcpp.hpp:155,
[26.751s]                  from /home/abin/nav_lecture4_hw/src/qos_debugger/src/qos_debugger_sub.cpp:18:
[26.751s] /opt/ros/humble/include/rclcpp/rclcpp/node.hpp:219:3: note: candidate: ‘template<class MessageT, class CallbackT, class AllocatorT, class SubscriptionT, class MessageMemoryStrategyT> std::shared_ptr<ROSMessageT> rclcpp::Node::create_subscription(const string&, const rclcpp::QoS&, CallbackT&&, const rclcpp::SubscriptionOptionsWithAllocator<AllocatorT>&, typename MessageMemoryStrategyT::SharedPtr)’
[26.751s]   219 |   create_subscription(
[26.751s]       |   ^~~~~~~~~~~~~~~~~~~
[26.751s] /opt/ros/humble/include/rclcpp/rclcpp/node.hpp:219:3: note:   template argument deduction/substitution failed:
[26.751s] /home/abin/nav_lecture4_hw/src/qos_debugger/src/qos_debugger_sub.cpp:45:22: note:   cannot convert ‘qos’ (type ‘rclcpp::QoS(rclcpp::KeepLast)’) to type ‘const rclcpp::QoS&’
[26.751s]    45 |       "sensor_data", qos,
[26.751s]       |                      ^~~
[27.081s] gmake[2]: *** [CMakeFiles/qos_debugger_sub.dir/build.make:76: CMakeFiles/qos_debugger_sub.dir/src/qos_debugger_sub.cpp.o] Error 1
[27.081s] gmake[1]: *** [CMakeFiles/Makefile2:165: CMakeFiles/qos_debugger_sub.dir/all] Error 2
[27.081s] gmake[1]: *** Waiting for unfinished jobs....
[27.125s] gmake[2]: *** [CMakeFiles/qos_debugger_pub.dir/build.make:76: CMakeFiles/qos_debugger_pub.dir/src/qos_debugger_pub.cpp.o] Error 1
[27.125s] gmake[1]: *** [CMakeFiles/Makefile2:139: CMakeFiles/qos_debugger_pub.dir/all] Error 2
[27.125s] gmake: *** [Makefile:146: all] Error 2
[27.126s] Invoked command in '/home/abin/nav_lecture4_hw/build/qos_debugger' returned '2': AMENT_PREFIX_PATH=/home/abin/nav_lecture4_hw/install/nav_hw_interfaces:${AMENT_PREFIX_PATH} CMAKE_PREFIX_PATH=/home/abin/nav_lecture4_hw/install/nav_hw_interfaces:/opt/ros/humble LD_LIBRARY_PATH=/home/abin/nav_lecture4_hw/install/nav_hw_interfaces/lib:${LD_LIBRARY_PATH} PYTHONPATH=/home/abin/nav_lecture4_hw/install/nav_hw_interfaces/local/lib/python3.10/dist-packages:${PYTHONPATH} /usr/bin/cmake --build /home/abin/nav_lecture4_hw/build/qos_debugger -- -j24 -l24
