[0.376s] Invoking command in '/home/abin/nav_lecture4_hw/build/qos_debugger': AMENT_PREFIX_PATH=/home/abin/nav_lecture4_hw/install/nav_hw_interfaces:${AMENT_PREFIX_PATH} CMAKE_PREFIX_PATH=/home/abin/nav_lecture4_hw/install/nav_hw_interfaces:/opt/ros/humble LD_LIBRARY_PATH=/home/abin/nav_lecture4_hw/install/nav_hw_interfaces/lib:${LD_LIBRARY_PATH} PYTHONPATH=/home/abin/nav_lecture4_hw/install/nav_hw_interfaces/local/lib/python3.10/dist-packages:${PYTHONPATH} /usr/bin/cmake /home/abin/nav_lecture4_hw/src/qos_debugger -DAMENT_CMAKE_SYMLINK_INSTALL=1 -DCMAKE_INSTALL_PREFIX=/home/abin/nav_lecture4_hw/install/qos_debugger
[0.383s] -- Found ament_cmake: 1.3.14 (/opt/ros/humble/share/ament_cmake/cmake)
[0.455s] -- Override CMake install command with custom implementation using symlinks instead of copying resources
[0.460s] -- Found rclcpp: 16.0.19 (/opt/ros/humble/share/rclcpp/cmake)
[0.838s] -- Found rosidl_generator_c: 3.1.9 (/opt/ros/humble/share/rosidl_generator_c/cmake)
[0.839s] -- Found rosidl_adapter: 3.1.9 (/opt/ros/humble/share/rosidl_adapter/cmake)
[0.843s] -- Found rosidl_generator_cpp: 3.1.9 (/opt/ros/humble/share/rosidl_generator_cpp/cmake)
[0.849s] -- Using all available rosidl_typesupport_c: rosidl_typesupport_fastrtps_c;rosidl_typesupport_introspection_c
[0.857s] -- Using all available rosidl_typesupport_cpp: rosidl_typesupport_fastrtps_cpp;rosidl_typesupport_introspection_cpp
[0.877s] -- Found rmw_implementation_cmake: 6.1.2 (/opt/ros/humble/share/rmw_implementation_cmake/cmake)
[0.877s] -- Found rmw_fastrtps_cpp: 6.2.10 (/opt/ros/humble/share/rmw_fastrtps_cpp/cmake)
[17.389s] -- Using RMW implementation 'rmw_fastrtps_cpp' as default
[17.419s] -- Found nav_hw_interfaces: 0.0.0 (/home/abin/nav_lecture4_hw/install/nav_hw_interfaces/share/nav_hw_interfaces/cmake)
[17.427s] -- Found ament_lint_auto: 0.12.15 (/opt/ros/humble/share/ament_lint_auto/cmake)
[17.467s] -- Added test 'cppcheck' to perform static code analysis on C / C++ code
[17.467s] -- Configured cppcheck include dirs: 
[17.467s] -- Configured cppcheck exclude dirs and/or files: 
[17.467s] -- Added test 'lint_cmake' to check CMake code style
[17.468s] -- Added test 'uncrustify' to check C / C++ code style
[17.468s] -- Configured uncrustify additional arguments: 
[17.468s] -- Added test 'xmllint' to check XML markup files
[17.468s] -- Configuring done
[17.476s] -- Generating done
[17.480s] -- Build files have been written to: /home/abin/nav_lecture4_hw/build/qos_debugger
[17.485s] Invoked command in '/home/abin/nav_lecture4_hw/build/qos_debugger' returned '0': AMENT_PREFIX_PATH=/home/abin/nav_lecture4_hw/install/nav_hw_interfaces:${AMENT_PREFIX_PATH} CMAKE_PREFIX_PATH=/home/abin/nav_lecture4_hw/install/nav_hw_interfaces:/opt/ros/humble LD_LIBRARY_PATH=/home/abin/nav_lecture4_hw/install/nav_hw_interfaces/lib:${LD_LIBRARY_PATH} PYTHONPATH=/home/abin/nav_lecture4_hw/install/nav_hw_interfaces/local/lib/python3.10/dist-packages:${PYTHONPATH} /usr/bin/cmake /home/abin/nav_lecture4_hw/src/qos_debugger -DAMENT_CMAKE_SYMLINK_INSTALL=1 -DCMAKE_INSTALL_PREFIX=/home/abin/nav_lecture4_hw/install/qos_debugger
[17.488s] Invoking command in '/home/abin/nav_lecture4_hw/build/qos_debugger': AMENT_PREFIX_PATH=/home/abin/nav_lecture4_hw/install/nav_hw_interfaces:${AMENT_PREFIX_PATH} CMAKE_PREFIX_PATH=/home/abin/nav_lecture4_hw/install/nav_hw_interfaces:/opt/ros/humble LD_LIBRARY_PATH=/home/abin/nav_lecture4_hw/install/nav_hw_interfaces/lib:${LD_LIBRARY_PATH} PYTHONPATH=/home/abin/nav_lecture4_hw/install/nav_hw_interfaces/local/lib/python3.10/dist-packages:${PYTHONPATH} /usr/bin/cmake --build /home/abin/nav_lecture4_hw/build/qos_debugger -- -j24 -l24
[17.513s] Consolidate compiler generated dependencies of target qos_debugger_pub
[17.513s] Consolidate compiler generated dependencies of target qos_debugger_sub
[17.521s] [ 50%] Built target qos_debugger_pub
[17.521s] [ 75%] Building CXX object CMakeFiles/qos_debugger_sub.dir/src/qos_debugger_sub.cpp.o
[22.640s] [100%] Linking CXX executable qos_debugger_sub
[23.223s] [100%] Built target qos_debugger_sub
[23.235s] Invoked command in '/home/abin/nav_lecture4_hw/build/qos_debugger' returned '0': AMENT_PREFIX_PATH=/home/abin/nav_lecture4_hw/install/nav_hw_interfaces:${AMENT_PREFIX_PATH} CMAKE_PREFIX_PATH=/home/abin/nav_lecture4_hw/install/nav_hw_interfaces:/opt/ros/humble LD_LIBRARY_PATH=/home/abin/nav_lecture4_hw/install/nav_hw_interfaces/lib:${LD_LIBRARY_PATH} PYTHONPATH=/home/abin/nav_lecture4_hw/install/nav_hw_interfaces/local/lib/python3.10/dist-packages:${PYTHONPATH} /usr/bin/cmake --build /home/abin/nav_lecture4_hw/build/qos_debugger -- -j24 -l24
[23.236s] Invoking command in '/home/abin/nav_lecture4_hw/build/qos_debugger': AMENT_PREFIX_PATH=/home/abin/nav_lecture4_hw/install/nav_hw_interfaces:${AMENT_PREFIX_PATH} CMAKE_PREFIX_PATH=/home/abin/nav_lecture4_hw/install/nav_hw_interfaces:/opt/ros/humble LD_LIBRARY_PATH=/home/abin/nav_lecture4_hw/install/nav_hw_interfaces/lib:${LD_LIBRARY_PATH} PYTHONPATH=/home/abin/nav_lecture4_hw/install/nav_hw_interfaces/local/lib/python3.10/dist-packages:${PYTHONPATH} /usr/bin/cmake --install /home/abin/nav_lecture4_hw/build/qos_debugger
[23.242s] -- Install configuration: ""
[23.242s] -- Execute custom install script
[23.242s] -- Up-to-date symlink: /home/abin/nav_lecture4_hw/install/qos_debugger/lib/qos_debugger/qos_debugger_pub
[23.242s] -- Up-to-date symlink: /home/abin/nav_lecture4_hw/install/qos_debugger/lib/qos_debugger/qos_debugger_sub
[23.243s] -- Up-to-date symlink: /home/abin/nav_lecture4_hw/install/qos_debugger/share/ament_index/resource_index/package_run_dependencies/qos_debugger
[23.243s] -- Up-to-date symlink: /home/abin/nav_lecture4_hw/install/qos_debugger/share/ament_index/resource_index/parent_prefix_path/qos_debugger
[23.243s] -- Up-to-date symlink: /home/abin/nav_lecture4_hw/install/qos_debugger/share/qos_debugger/environment/ament_prefix_path.sh
[23.243s] -- Up-to-date symlink: /home/abin/nav_lecture4_hw/install/qos_debugger/share/qos_debugger/environment/ament_prefix_path.dsv
[23.243s] -- Up-to-date symlink: /home/abin/nav_lecture4_hw/install/qos_debugger/share/qos_debugger/environment/path.sh
[23.243s] -- Up-to-date symlink: /home/abin/nav_lecture4_hw/install/qos_debugger/share/qos_debugger/environment/path.dsv
[23.243s] -- Up-to-date symlink: /home/abin/nav_lecture4_hw/install/qos_debugger/share/qos_debugger/local_setup.bash
[23.243s] -- Up-to-date symlink: /home/abin/nav_lecture4_hw/install/qos_debugger/share/qos_debugger/local_setup.sh
[23.243s] -- Up-to-date symlink: /home/abin/nav_lecture4_hw/install/qos_debugger/share/qos_debugger/local_setup.zsh
[23.243s] -- Up-to-date symlink: /home/abin/nav_lecture4_hw/install/qos_debugger/share/qos_debugger/local_setup.dsv
[23.243s] -- Symlinking: /home/abin/nav_lecture4_hw/install/qos_debugger/share/qos_debugger/package.dsv
[23.250s] -- Up-to-date symlink: /home/abin/nav_lecture4_hw/install/qos_debugger/share/ament_index/resource_index/packages/qos_debugger
[23.250s] -- Up-to-date symlink: /home/abin/nav_lecture4_hw/install/qos_debugger/share/qos_debugger/cmake/qos_debuggerConfig.cmake
[23.250s] -- Up-to-date symlink: /home/abin/nav_lecture4_hw/install/qos_debugger/share/qos_debugger/cmake/qos_debuggerConfig-version.cmake
[23.250s] -- Up-to-date symlink: /home/abin/nav_lecture4_hw/install/qos_debugger/share/qos_debugger/package.xml
[23.252s] Invoked command in '/home/abin/nav_lecture4_hw/build/qos_debugger' returned '0': AMENT_PREFIX_PATH=/home/abin/nav_lecture4_hw/install/nav_hw_interfaces:${AMENT_PREFIX_PATH} CMAKE_PREFIX_PATH=/home/abin/nav_lecture4_hw/install/nav_hw_interfaces:/opt/ros/humble LD_LIBRARY_PATH=/home/abin/nav_lecture4_hw/install/nav_hw_interfaces/lib:${LD_LIBRARY_PATH} PYTHONPATH=/home/abin/nav_lecture4_hw/install/nav_hw_interfaces/local/lib/python3.10/dist-packages:${PYTHONPATH} /usr/bin/cmake --install /home/abin/nav_lecture4_hw/build/qos_debugger
