[0.659s] Invoking command in '/home/abin/nav_lecture4_hw/build/qos_debugger': CMAKE_PREFIX_PATH=/home/abin/nav_lecture4_hw/install/nav_hw_interfaces:/home/abin/nav_lecture4_hw/install/qos_debugger:/opt/ros/humble /usr/bin/cmake --build /home/abin/nav_lecture4_hw/build/qos_debugger -- -j24 -l24
[0.685s] [35m[1mConsolidate compiler generated dependencies of target qos_debugger_sub[0m
[0.693s] [ 25%] [32mBuilding CXX object CMakeFiles/qos_debugger_pub.dir/src/qos_debugger_pub.cpp.o[0m
[0.695s] [ 75%] Built target qos_debugger_sub
[3.455s] [100%] [32m[1mLinking CXX executable qos_debugger_pub[0m
[3.975s] [100%] Built target qos_debugger_pub
[3.982s] Invoked command in '/home/abin/nav_lecture4_hw/build/qos_debugger' returned '0': CMAKE_PREFIX_PATH=/home/abin/nav_lecture4_hw/install/nav_hw_interfaces:/home/abin/nav_lecture4_hw/install/qos_debugger:/opt/ros/humble /usr/bin/cmake --build /home/abin/nav_lecture4_hw/build/qos_debugger -- -j24 -l24
[3.983s] Invoking command in '/home/abin/nav_lecture4_hw/build/qos_debugger': CMAKE_PREFIX_PATH=/home/abin/nav_lecture4_hw/install/nav_hw_interfaces:/home/abin/nav_lecture4_hw/install/qos_debugger:/opt/ros/humble /usr/bin/cmake --install /home/abin/nav_lecture4_hw/build/qos_debugger
[3.986s] -- Install configuration: ""
[3.986s] -- Execute custom install script
[3.986s] -- Up-to-date symlink: /home/abin/nav_lecture4_hw/install/qos_debugger/lib/qos_debugger/qos_debugger_pub
[3.987s] -- Up-to-date symlink: /home/abin/nav_lecture4_hw/install/qos_debugger/lib/qos_debugger/qos_debugger_sub
[3.987s] -- Up-to-date symlink: /home/abin/nav_lecture4_hw/install/qos_debugger/share/ament_index/resource_index/package_run_dependencies/qos_debugger
[3.987s] -- Up-to-date symlink: /home/abin/nav_lecture4_hw/install/qos_debugger/share/ament_index/resource_index/parent_prefix_path/qos_debugger
[3.987s] -- Up-to-date symlink: /home/abin/nav_lecture4_hw/install/qos_debugger/share/qos_debugger/environment/ament_prefix_path.sh
[3.987s] -- Up-to-date symlink: /home/abin/nav_lecture4_hw/install/qos_debugger/share/qos_debugger/environment/ament_prefix_path.dsv
[3.987s] -- Up-to-date symlink: /home/abin/nav_lecture4_hw/install/qos_debugger/share/qos_debugger/environment/path.sh
[3.987s] -- Up-to-date symlink: /home/abin/nav_lecture4_hw/install/qos_debugger/share/qos_debugger/environment/path.dsv
[3.987s] -- Up-to-date symlink: /home/abin/nav_lecture4_hw/install/qos_debugger/share/qos_debugger/local_setup.bash
[3.987s] -- Up-to-date symlink: /home/abin/nav_lecture4_hw/install/qos_debugger/share/qos_debugger/local_setup.sh
[3.988s] -- Up-to-date symlink: /home/abin/nav_lecture4_hw/install/qos_debugger/share/qos_debugger/local_setup.zsh
[3.988s] -- Up-to-date symlink: /home/abin/nav_lecture4_hw/install/qos_debugger/share/qos_debugger/local_setup.dsv
[3.988s] -- Symlinking: /home/abin/nav_lecture4_hw/install/qos_debugger/share/qos_debugger/package.dsv
[3.993s] -- Up-to-date symlink: /home/abin/nav_lecture4_hw/install/qos_debugger/share/ament_index/resource_index/packages/qos_debugger
[3.993s] -- Up-to-date symlink: /home/abin/nav_lecture4_hw/install/qos_debugger/share/qos_debugger/cmake/qos_debuggerConfig.cmake
[3.993s] -- Up-to-date symlink: /home/abin/nav_lecture4_hw/install/qos_debugger/share/qos_debugger/cmake/qos_debuggerConfig-version.cmake
[3.993s] -- Up-to-date symlink: /home/abin/nav_lecture4_hw/install/qos_debugger/share/qos_debugger/package.xml
[3.994s] Invoked command in '/home/abin/nav_lecture4_hw/build/qos_debugger' returned '0': CMAKE_PREFIX_PATH=/home/abin/nav_lecture4_hw/install/nav_hw_interfaces:/home/abin/nav_lecture4_hw/install/qos_debugger:/opt/ros/humble /usr/bin/cmake --install /home/abin/nav_lecture4_hw/build/qos_debugger
