[0.279s] Invoking command in '/home/abin/nav_lecture4_hw/build/qos_debugger': AMENT_PREFIX_PATH=/home/abin/nav_lecture4_hw/install/nav_hw_interfaces:${AMENT_PREFIX_PATH} CMAKE_PREFIX_PATH=/home/abin/nav_lecture4_hw/install/nav_hw_interfaces:/opt/ros/humble LD_LIBRARY_PATH=/home/abin/nav_lecture4_hw/install/nav_hw_interfaces/lib:${LD_LIBRARY_PATH} PYTHONPATH=/home/abin/nav_lecture4_hw/install/nav_hw_interfaces/local/lib/python3.10/dist-packages:${PYTHONPATH} /usr/bin/cmake /home/abin/nav_lecture4_hw/src/qos_debugger -DAMENT_CMAKE_SYMLINK_INSTALL=1 -DCMAKE_INSTALL_PREFIX=/home/abin/nav_lecture4_hw/install/qos_debugger
[0.287s] -- Found ament_cmake: 1.3.14 (/opt/ros/humble/share/ament_cmake/cmake)
[0.358s] -- Override CMake install command with custom implementation using symlinks instead of copying resources
[0.364s] -- Found rclcpp: 16.0.19 (/opt/ros/humble/share/rclcpp/cmake)
[0.721s] -- Found rosidl_generator_c: 3.1.9 (/opt/ros/humble/share/rosidl_generator_c/cmake)
[0.722s] -- Found rosidl_adapter: 3.1.9 (/opt/ros/humble/share/rosidl_adapter/cmake)
[0.726s] -- Found rosidl_generator_cpp: 3.1.9 (/opt/ros/humble/share/rosidl_generator_cpp/cmake)
[0.732s] -- Using all available rosidl_typesupport_c: rosidl_typesupport_fastrtps_c;rosidl_typesupport_introspection_c
[0.739s] -- Using all available rosidl_typesupport_cpp: rosidl_typesupport_fastrtps_cpp;rosidl_typesupport_introspection_cpp
[0.783s] -- Found rmw_implementation_cmake: 6.1.2 (/opt/ros/humble/share/rmw_implementation_cmake/cmake)
[0.787s] -- Found rmw_fastrtps_cpp: 6.2.10 (/opt/ros/humble/share/rmw_fastrtps_cpp/cmake)
[17.263s] -- Using RMW implementation 'rmw_fastrtps_cpp' as default
[17.319s] -- Found nav_hw_interfaces: 0.0.0 (/home/abin/nav_lecture4_hw/install/nav_hw_interfaces/share/nav_hw_interfaces/cmake)
[17.329s] -- Found ament_lint_auto: 0.12.15 (/opt/ros/humble/share/ament_lint_auto/cmake)
[17.380s] -- Added test 'cppcheck' to perform static code analysis on C / C++ code
[17.380s] -- Configured cppcheck include dirs: 
[17.380s] -- Configured cppcheck exclude dirs and/or files: 
[17.381s] -- Added test 'lint_cmake' to check CMake code style
[17.383s] -- Added test 'uncrustify' to check C / C++ code style
[17.383s] -- Configured uncrustify additional arguments: 
[17.384s] -- Added test 'xmllint' to check XML markup files
[17.386s] -- Configuring done
[17.400s] -- Generating done
[17.405s] -- Build files have been written to: /home/abin/nav_lecture4_hw/build/qos_debugger
[17.410s] Invoked command in '/home/abin/nav_lecture4_hw/build/qos_debugger' returned '0': AMENT_PREFIX_PATH=/home/abin/nav_lecture4_hw/install/nav_hw_interfaces:${AMENT_PREFIX_PATH} CMAKE_PREFIX_PATH=/home/abin/nav_lecture4_hw/install/nav_hw_interfaces:/opt/ros/humble LD_LIBRARY_PATH=/home/abin/nav_lecture4_hw/install/nav_hw_interfaces/lib:${LD_LIBRARY_PATH} PYTHONPATH=/home/abin/nav_lecture4_hw/install/nav_hw_interfaces/local/lib/python3.10/dist-packages:${PYTHONPATH} /usr/bin/cmake /home/abin/nav_lecture4_hw/src/qos_debugger -DAMENT_CMAKE_SYMLINK_INSTALL=1 -DCMAKE_INSTALL_PREFIX=/home/abin/nav_lecture4_hw/install/qos_debugger
[17.411s] Invoking command in '/home/abin/nav_lecture4_hw/build/qos_debugger': AMENT_PREFIX_PATH=/home/abin/nav_lecture4_hw/install/nav_hw_interfaces:${AMENT_PREFIX_PATH} CMAKE_PREFIX_PATH=/home/abin/nav_lecture4_hw/install/nav_hw_interfaces:/opt/ros/humble LD_LIBRARY_PATH=/home/abin/nav_lecture4_hw/install/nav_hw_interfaces/lib:${LD_LIBRARY_PATH} PYTHONPATH=/home/abin/nav_lecture4_hw/install/nav_hw_interfaces/local/lib/python3.10/dist-packages:${PYTHONPATH} /usr/bin/cmake --build /home/abin/nav_lecture4_hw/build/qos_debugger -- -j24 -l24
[17.439s] Consolidate compiler generated dependencies of target qos_debugger_sub
[17.439s] Consolidate compiler generated dependencies of target qos_debugger_pub
[17.447s] [ 50%] Building CXX object CMakeFiles/qos_debugger_sub.dir/src/qos_debugger_sub.cpp.o
[17.447s] [ 75%] Built target qos_debugger_pub
[19.063s] /home/abin/nav_lecture4_hw/src/qos_debugger/src/qos_debugger_sub.cpp: In constructor ‘SensorSubscriber::SensorSubscriber()’:
[19.063s] /home/abin/nav_lecture4_hw/src/qos_debugger/src/qos_debugger_sub.cpp:69:11: warning: ignoring return value of ‘rclcpp::node_interfaces::OnSetParametersCallbackHandle::SharedPtr rclcpp::Node::add_on_set_parameters_callback(rclcpp::Node::OnParametersSetCallbackType)’, declared with attribute ‘warn_unused_result’ [-Wunused-result]
[19.063s]    69 |         });
[19.063s]       |           ^
[19.063s] In file included from /opt/ros/humble/include/rclcpp/rclcpp/executors/single_threaded_executor.hpp:28,
[19.063s]                  from /opt/ros/humble/include/rclcpp/rclcpp/executors.hpp:22,
[19.063s]                  from /opt/ros/humble/include/rclcpp/rclcpp/rclcpp.hpp:155,
[19.063s]                  from /home/abin/nav_lecture4_hw/src/qos_debugger/src/qos_debugger_sub.cpp:18:
[19.063s] /opt/ros/humble/include/rclcpp/rclcpp/node.hpp:934:3: note: declared here
[19.063s]   934 |   add_on_set_parameters_callback(OnParametersSetCallbackType callback);
[19.063s]       |   ^~~~~~~~~~~~~~~~~~~~~~~~~~~~~~
[22.755s] [100%] Linking CXX executable qos_debugger_sub
[23.269s] [100%] Built target qos_debugger_sub
[23.276s] Invoked command in '/home/abin/nav_lecture4_hw/build/qos_debugger' returned '0': AMENT_PREFIX_PATH=/home/abin/nav_lecture4_hw/install/nav_hw_interfaces:${AMENT_PREFIX_PATH} CMAKE_PREFIX_PATH=/home/abin/nav_lecture4_hw/install/nav_hw_interfaces:/opt/ros/humble LD_LIBRARY_PATH=/home/abin/nav_lecture4_hw/install/nav_hw_interfaces/lib:${LD_LIBRARY_PATH} PYTHONPATH=/home/abin/nav_lecture4_hw/install/nav_hw_interfaces/local/lib/python3.10/dist-packages:${PYTHONPATH} /usr/bin/cmake --build /home/abin/nav_lecture4_hw/build/qos_debugger -- -j24 -l24
[23.278s] Invoking command in '/home/abin/nav_lecture4_hw/build/qos_debugger': AMENT_PREFIX_PATH=/home/abin/nav_lecture4_hw/install/nav_hw_interfaces:${AMENT_PREFIX_PATH} CMAKE_PREFIX_PATH=/home/abin/nav_lecture4_hw/install/nav_hw_interfaces:/opt/ros/humble LD_LIBRARY_PATH=/home/abin/nav_lecture4_hw/install/nav_hw_interfaces/lib:${LD_LIBRARY_PATH} PYTHONPATH=/home/abin/nav_lecture4_hw/install/nav_hw_interfaces/local/lib/python3.10/dist-packages:${PYTHONPATH} /usr/bin/cmake --install /home/abin/nav_lecture4_hw/build/qos_debugger
[23.282s] -- Install configuration: ""
[23.282s] -- Execute custom install script
[23.283s] -- Up-to-date symlink: /home/abin/nav_lecture4_hw/install/qos_debugger/lib/qos_debugger/qos_debugger_pub
[23.283s] -- Up-to-date symlink: /home/abin/nav_lecture4_hw/install/qos_debugger/lib/qos_debugger/qos_debugger_sub
[23.284s] -- Up-to-date symlink: /home/abin/nav_lecture4_hw/install/qos_debugger/share/ament_index/resource_index/package_run_dependencies/qos_debugger
[23.284s] -- Up-to-date symlink: /home/abin/nav_lecture4_hw/install/qos_debugger/share/ament_index/resource_index/parent_prefix_path/qos_debugger
[23.285s] -- Up-to-date symlink: /home/abin/nav_lecture4_hw/install/qos_debugger/share/qos_debugger/environment/ament_prefix_path.sh
[23.285s] -- Up-to-date symlink: /home/abin/nav_lecture4_hw/install/qos_debugger/share/qos_debugger/environment/ament_prefix_path.dsv
[23.286s] -- Up-to-date symlink: /home/abin/nav_lecture4_hw/install/qos_debugger/share/qos_debugger/environment/path.sh
[23.286s] -- Up-to-date symlink: /home/abin/nav_lecture4_hw/install/qos_debugger/share/qos_debugger/environment/path.dsv
[23.287s] -- Up-to-date symlink: /home/abin/nav_lecture4_hw/install/qos_debugger/share/qos_debugger/local_setup.bash
[23.287s] -- Up-to-date symlink: /home/abin/nav_lecture4_hw/install/qos_debugger/share/qos_debugger/local_setup.sh
[23.287s] -- Up-to-date symlink: /home/abin/nav_lecture4_hw/install/qos_debugger/share/qos_debugger/local_setup.zsh
[23.288s] -- Up-to-date symlink: /home/abin/nav_lecture4_hw/install/qos_debugger/share/qos_debugger/local_setup.dsv
[23.288s] -- Symlinking: /home/abin/nav_lecture4_hw/install/qos_debugger/share/qos_debugger/package.dsv
[23.295s] -- Up-to-date symlink: /home/abin/nav_lecture4_hw/install/qos_debugger/share/ament_index/resource_index/packages/qos_debugger
[23.295s] -- Up-to-date symlink: /home/abin/nav_lecture4_hw/install/qos_debugger/share/qos_debugger/cmake/qos_debuggerConfig.cmake
[23.295s] -- Up-to-date symlink: /home/abin/nav_lecture4_hw/install/qos_debugger/share/qos_debugger/cmake/qos_debuggerConfig-version.cmake
[23.296s] -- Up-to-date symlink: /home/abin/nav_lecture4_hw/install/qos_debugger/share/qos_debugger/package.xml
[23.297s] Invoked command in '/home/abin/nav_lecture4_hw/build/qos_debugger' returned '0': AMENT_PREFIX_PATH=/home/abin/nav_lecture4_hw/install/nav_hw_interfaces:${AMENT_PREFIX_PATH} CMAKE_PREFIX_PATH=/home/abin/nav_lecture4_hw/install/nav_hw_interfaces:/opt/ros/humble LD_LIBRARY_PATH=/home/abin/nav_lecture4_hw/install/nav_hw_interfaces/lib:${LD_LIBRARY_PATH} PYTHONPATH=/home/abin/nav_lecture4_hw/install/nav_hw_interfaces/local/lib/python3.10/dist-packages:${PYTHONPATH} /usr/bin/cmake --install /home/abin/nav_lecture4_hw/build/qos_debugger
