[0.550s] DEBUG:colcon:Command line arguments: ['/usr/bin/colcon', 'build']
[0.550s] DEBUG:colcon:Parsed command line arguments: Namespace(log_base=None, log_level=None, verb_name='build', build_base='build', install_base='install', merge_install=False, symlink_install=False, test_result_base=None, continue_on_error=False, executor='parallel', parallel_workers=24, event_handlers=None, ignore_user_meta=False, metas=['./colcon.meta'], base_paths=['.'], packages_ignore=None, packages_ignore_regex=None, paths=None, packages_up_to=None, packages_up_to_regex=None, packages_above=None, packages_above_and_dependencies=None, packages_above_depth=None, packages_select_by_dep=None, packages_skip_by_dep=None, packages_skip_up_to=None, packages_select_build_failed=False, packages_skip_build_finished=False, packages_select_test_failures=False, packages_skip_test_passed=False, packages_select=None, packages_skip=None, packages_select_regex=None, packages_skip_regex=None, packages_start=None, packages_end=None, allow_overriding=[], cmake_args=None, cmake_target=None, cmake_target_skip_unavailable=False, cmake_clean_cache=False, cmake_clean_first=False, cmake_force_configure=False, ament_cmake_args=None, catkin_cmake_args=None, catkin_skip_building_tests=False, verb_parser=<colcon_defaults.argument_parser.defaults.DefaultArgumentsDecorator object at 0x7cacfb937fd0>, verb_extension=<colcon_core.verb.build.BuildVerb object at 0x7cacfb937a90>, main=<bound method BuildVerb.main of <colcon_core.verb.build.BuildVerb object at 0x7cacfb937a90>>)
[0.771s] Level 1:colcon.colcon_core.package_discovery:discover_packages(colcon_meta) check parameters
[0.771s] Level 1:colcon.colcon_core.package_discovery:discover_packages(recursive) check parameters
[0.771s] Level 1:colcon.colcon_core.package_discovery:discover_packages(ignore) check parameters
[0.771s] Level 1:colcon.colcon_core.package_discovery:discover_packages(path) check parameters
[0.771s] Level 1:colcon.colcon_core.package_discovery:discover_packages(colcon_meta) discover
[0.771s] Level 1:colcon.colcon_core.package_discovery:discover_packages(recursive) discover
[0.771s] INFO:colcon.colcon_core.package_discovery:Crawling recursively for packages in '/home/abin/nav_lecture4_hw'
[0.771s] Level 1:colcon.colcon_core.package_identification:_identify(.) by extensions ['ignore', 'ignore_ament_install']
[0.772s] Level 1:colcon.colcon_core.package_identification:_identify(.) by extension 'ignore'
[0.772s] Level 1:colcon.colcon_core.package_identification:_identify(.) by extension 'ignore_ament_install'
[0.772s] Level 1:colcon.colcon_core.package_identification:_identify(.) by extensions ['colcon_pkg']
[0.772s] Level 1:colcon.colcon_core.package_identification:_identify(.) by extension 'colcon_pkg'
[0.772s] Level 1:colcon.colcon_core.package_identification:_identify(.) by extensions ['colcon_meta']
[0.772s] Level 1:colcon.colcon_core.package_identification:_identify(.) by extension 'colcon_meta'
[0.772s] Level 1:colcon.colcon_core.package_identification:_identify(.) by extensions ['ros']
[0.772s] Level 1:colcon.colcon_core.package_identification:_identify(.) by extension 'ros'
[0.782s] Level 1:colcon.colcon_core.package_identification:_identify(.) by extensions ['cmake', 'python']
[0.782s] Level 1:colcon.colcon_core.package_identification:_identify(.) by extension 'cmake'
[0.782s] Level 1:colcon.colcon_core.package_identification:_identify(.) by extension 'python'
[0.782s] Level 1:colcon.colcon_core.package_identification:_identify(.) by extensions ['python_setup_py']
[0.782s] Level 1:colcon.colcon_core.package_identification:_identify(.) by extension 'python_setup_py'
[0.782s] Level 1:colcon.colcon_core.package_identification:_identify(build) by extensions ['ignore', 'ignore_ament_install']
[0.782s] Level 1:colcon.colcon_core.package_identification:_identify(build) by extension 'ignore'
[0.782s] Level 1:colcon.colcon_core.package_identification:_identify(build) ignored
[0.783s] Level 1:colcon.colcon_core.package_identification:_identify(install) by extensions ['ignore', 'ignore_ament_install']
[0.783s] Level 1:colcon.colcon_core.package_identification:_identify(install) by extension 'ignore'
[0.783s] Level 1:colcon.colcon_core.package_identification:_identify(install) ignored
[0.783s] Level 1:colcon.colcon_core.package_identification:_identify(log) by extensions ['ignore', 'ignore_ament_install']
[0.783s] Level 1:colcon.colcon_core.package_identification:_identify(log) by extension 'ignore'
[0.783s] Level 1:colcon.colcon_core.package_identification:_identify(log) ignored
[0.783s] Level 1:colcon.colcon_core.package_identification:_identify(src) by extensions ['ignore', 'ignore_ament_install']
[0.783s] Level 1:colcon.colcon_core.package_identification:_identify(src) by extension 'ignore'
[0.783s] Level 1:colcon.colcon_core.package_identification:_identify(src) by extension 'ignore_ament_install'
[0.783s] Level 1:colcon.colcon_core.package_identification:_identify(src) by extensions ['colcon_pkg']
[0.783s] Level 1:colcon.colcon_core.package_identification:_identify(src) by extension 'colcon_pkg'
[0.783s] Level 1:colcon.colcon_core.package_identification:_identify(src) by extensions ['colcon_meta']
[0.783s] Level 1:colcon.colcon_core.package_identification:_identify(src) by extension 'colcon_meta'
[0.783s] Level 1:colcon.colcon_core.package_identification:_identify(src) by extensions ['ros']
[0.783s] Level 1:colcon.colcon_core.package_identification:_identify(src) by extension 'ros'
[0.784s] Level 1:colcon.colcon_core.package_identification:_identify(src) by extensions ['cmake', 'python']
[0.784s] Level 1:colcon.colcon_core.package_identification:_identify(src) by extension 'cmake'
[0.784s] Level 1:colcon.colcon_core.package_identification:_identify(src) by extension 'python'
[0.784s] Level 1:colcon.colcon_core.package_identification:_identify(src) by extensions ['python_setup_py']
[0.784s] Level 1:colcon.colcon_core.package_identification:_identify(src) by extension 'python_setup_py'
[0.784s] Level 1:colcon.colcon_core.package_identification:_identify(src/nav_hw_interfaces) by extensions ['ignore', 'ignore_ament_install']
[0.784s] Level 1:colcon.colcon_core.package_identification:_identify(src/nav_hw_interfaces) by extension 'ignore'
[0.784s] Level 1:colcon.colcon_core.package_identification:_identify(src/nav_hw_interfaces) by extension 'ignore_ament_install'
[0.784s] Level 1:colcon.colcon_core.package_identification:_identify(src/nav_hw_interfaces) by extensions ['colcon_pkg']
[0.784s] Level 1:colcon.colcon_core.package_identification:_identify(src/nav_hw_interfaces) by extension 'colcon_pkg'
[0.784s] Level 1:colcon.colcon_core.package_identification:_identify(src/nav_hw_interfaces) by extensions ['colcon_meta']
[0.784s] Level 1:colcon.colcon_core.package_identification:_identify(src/nav_hw_interfaces) by extension 'colcon_meta'
[0.784s] Level 1:colcon.colcon_core.package_identification:_identify(src/nav_hw_interfaces) by extensions ['ros']
[0.784s] Level 1:colcon.colcon_core.package_identification:_identify(src/nav_hw_interfaces) by extension 'ros'
[0.787s] DEBUG:colcon.colcon_core.package_identification:Package 'src/nav_hw_interfaces' with type 'ros.ament_cmake' and name 'nav_hw_interfaces'
[0.787s] Level 1:colcon.colcon_core.package_identification:_identify(src/qos_debugger) by extensions ['ignore', 'ignore_ament_install']
[0.787s] Level 1:colcon.colcon_core.package_identification:_identify(src/qos_debugger) by extension 'ignore'
[0.787s] Level 1:colcon.colcon_core.package_identification:_identify(src/qos_debugger) by extension 'ignore_ament_install'
[0.787s] Level 1:colcon.colcon_core.package_identification:_identify(src/qos_debugger) by extensions ['colcon_pkg']
[0.787s] Level 1:colcon.colcon_core.package_identification:_identify(src/qos_debugger) by extension 'colcon_pkg'
[0.787s] Level 1:colcon.colcon_core.package_identification:_identify(src/qos_debugger) by extensions ['colcon_meta']
[0.787s] Level 1:colcon.colcon_core.package_identification:_identify(src/qos_debugger) by extension 'colcon_meta'
[0.787s] Level 1:colcon.colcon_core.package_identification:_identify(src/qos_debugger) by extensions ['ros']
[0.787s] Level 1:colcon.colcon_core.package_identification:_identify(src/qos_debugger) by extension 'ros'
[0.788s] DEBUG:colcon.colcon_core.package_identification:Package 'src/qos_debugger' with type 'ros.ament_cmake' and name 'qos_debugger'
[0.788s] Level 1:colcon.colcon_core.package_discovery:discover_packages(recursive) using defaults
[0.788s] Level 1:colcon.colcon_core.package_discovery:discover_packages(ignore) discover
[0.788s] Level 1:colcon.colcon_core.package_discovery:discover_packages(ignore) using defaults
[0.788s] Level 1:colcon.colcon_core.package_discovery:discover_packages(path) discover
[0.788s] Level 1:colcon.colcon_core.package_discovery:discover_packages(path) using defaults
[0.813s] Level 1:colcon.colcon_core.package_discovery:discover_packages(prefix_path) check parameters
[0.813s] Level 1:colcon.colcon_core.package_discovery:discover_packages(prefix_path) discover
[0.816s] DEBUG:colcon.colcon_installed_package_information.package_discovery:Found 2 installed packages in /home/abin/nav_lecture4_hw/install
[0.817s] DEBUG:colcon.colcon_installed_package_information.package_discovery:Found 277 installed packages in /opt/ros/humble
[0.818s] Level 1:colcon.colcon_core.package_discovery:discover_packages(prefix_path) using defaults
[0.875s] Level 5:colcon.colcon_core.verb:set package 'nav_hw_interfaces' build argument 'cmake_args' from command line to 'None'
[0.875s] Level 5:colcon.colcon_core.verb:set package 'nav_hw_interfaces' build argument 'cmake_target' from command line to 'None'
[0.875s] Level 5:colcon.colcon_core.verb:set package 'nav_hw_interfaces' build argument 'cmake_target_skip_unavailable' from command line to 'False'
[0.875s] Level 5:colcon.colcon_core.verb:set package 'nav_hw_interfaces' build argument 'cmake_clean_cache' from command line to 'False'
[0.875s] Level 5:colcon.colcon_core.verb:set package 'nav_hw_interfaces' build argument 'cmake_clean_first' from command line to 'False'
[0.875s] Level 5:colcon.colcon_core.verb:set package 'nav_hw_interfaces' build argument 'cmake_force_configure' from command line to 'False'
[0.875s] Level 5:colcon.colcon_core.verb:set package 'nav_hw_interfaces' build argument 'ament_cmake_args' from command line to 'None'
[0.875s] Level 5:colcon.colcon_core.verb:set package 'nav_hw_interfaces' build argument 'catkin_cmake_args' from command line to 'None'
[0.875s] Level 5:colcon.colcon_core.verb:set package 'nav_hw_interfaces' build argument 'catkin_skip_building_tests' from command line to 'False'
[0.875s] DEBUG:colcon.colcon_core.verb:Building package 'nav_hw_interfaces' with the following arguments: {'ament_cmake_args': None, 'build_base': '/home/abin/nav_lecture4_hw/build/nav_hw_interfaces', 'catkin_cmake_args': None, 'catkin_skip_building_tests': False, 'cmake_args': None, 'cmake_clean_cache': False, 'cmake_clean_first': False, 'cmake_force_configure': False, 'cmake_target': None, 'cmake_target_skip_unavailable': False, 'install_base': '/home/abin/nav_lecture4_hw/install/nav_hw_interfaces', 'merge_install': False, 'path': '/home/abin/nav_lecture4_hw/src/nav_hw_interfaces', 'symlink_install': False, 'test_result_base': None}
[0.876s] Level 5:colcon.colcon_core.verb:set package 'qos_debugger' build argument 'cmake_args' from command line to 'None'
[0.876s] Level 5:colcon.colcon_core.verb:set package 'qos_debugger' build argument 'cmake_target' from command line to 'None'
[0.876s] Level 5:colcon.colcon_core.verb:set package 'qos_debugger' build argument 'cmake_target_skip_unavailable' from command line to 'False'
[0.876s] Level 5:colcon.colcon_core.verb:set package 'qos_debugger' build argument 'cmake_clean_cache' from command line to 'False'
[0.876s] Level 5:colcon.colcon_core.verb:set package 'qos_debugger' build argument 'cmake_clean_first' from command line to 'False'
[0.876s] Level 5:colcon.colcon_core.verb:set package 'qos_debugger' build argument 'cmake_force_configure' from command line to 'False'
[0.876s] Level 5:colcon.colcon_core.verb:set package 'qos_debugger' build argument 'ament_cmake_args' from command line to 'None'
[0.876s] Level 5:colcon.colcon_core.verb:set package 'qos_debugger' build argument 'catkin_cmake_args' from command line to 'None'
[0.876s] Level 5:colcon.colcon_core.verb:set package 'qos_debugger' build argument 'catkin_skip_building_tests' from command line to 'False'
[0.876s] DEBUG:colcon.colcon_core.verb:Building package 'qos_debugger' with the following arguments: {'ament_cmake_args': None, 'build_base': '/home/abin/nav_lecture4_hw/build/qos_debugger', 'catkin_cmake_args': None, 'catkin_skip_building_tests': False, 'cmake_args': None, 'cmake_clean_cache': False, 'cmake_clean_first': False, 'cmake_force_configure': False, 'cmake_target': None, 'cmake_target_skip_unavailable': False, 'install_base': '/home/abin/nav_lecture4_hw/install/qos_debugger', 'merge_install': False, 'path': '/home/abin/nav_lecture4_hw/src/qos_debugger', 'symlink_install': False, 'test_result_base': None}
[0.876s] INFO:colcon.colcon_core.executor:Executing jobs using 'parallel' executor
[0.877s] DEBUG:colcon.colcon_parallel_executor.executor.parallel:run_until_complete
[0.877s] INFO:colcon.colcon_ros.task.ament_cmake.build:Building ROS package in '/home/abin/nav_lecture4_hw/src/nav_hw_interfaces' with build type 'ament_cmake'
[0.877s] INFO:colcon.colcon_cmake.task.cmake.build:Building CMake package in '/home/abin/nav_lecture4_hw/src/nav_hw_interfaces'
[0.880s] INFO:colcon.colcon_core.plugin_system:Skipping extension 'colcon_core.shell.bat': Not used on non-Windows systems
[0.881s] INFO:colcon.colcon_core.shell:Skip shell extension 'powershell' for command environment: Not usable outside of PowerShell
[0.881s] DEBUG:colcon.colcon_core.shell:Skip shell extension 'dsv' for command environment
[0.888s] DEBUG:colcon.colcon_core.event_handler.log_command:Invoking command in '/home/abin/nav_lecture4_hw/build/nav_hw_interfaces': CMAKE_PREFIX_PATH=${CMAKE_PREFIX_PATH}:/opt/ros/humble /usr/bin/cmake /home/abin/nav_lecture4_hw/src/nav_hw_interfaces -DCMAKE_INSTALL_PREFIX=/home/abin/nav_lecture4_hw/install/nav_hw_interfaces
[2.250s] DEBUG:colcon.colcon_core.event_handler.log_command:Invoked command in '/home/abin/nav_lecture4_hw/build/nav_hw_interfaces' returned '0': CMAKE_PREFIX_PATH=${CMAKE_PREFIX_PATH}:/opt/ros/humble /usr/bin/cmake /home/abin/nav_lecture4_hw/src/nav_hw_interfaces -DCMAKE_INSTALL_PREFIX=/home/abin/nav_lecture4_hw/install/nav_hw_interfaces
[2.251s] DEBUG:colcon.colcon_core.event_handler.log_command:Invoking command in '/home/abin/nav_lecture4_hw/build/nav_hw_interfaces': CMAKE_PREFIX_PATH=${CMAKE_PREFIX_PATH}:/opt/ros/humble /usr/bin/cmake --build /home/abin/nav_lecture4_hw/build/nav_hw_interfaces -- -j24 -l24
[2.454s] DEBUG:colcon.colcon_core.event_handler.log_command:Invoked command in '/home/abin/nav_lecture4_hw/build/nav_hw_interfaces' returned '0': CMAKE_PREFIX_PATH=${CMAKE_PREFIX_PATH}:/opt/ros/humble /usr/bin/cmake --build /home/abin/nav_lecture4_hw/build/nav_hw_interfaces -- -j24 -l24
[2.461s] DEBUG:colcon.colcon_core.event_handler.log_command:Invoking command in '/home/abin/nav_lecture4_hw/build/nav_hw_interfaces': CMAKE_PREFIX_PATH=${CMAKE_PREFIX_PATH}:/opt/ros/humble /usr/bin/cmake --install /home/abin/nav_lecture4_hw/build/nav_hw_interfaces
[2.525s] Level 1:colcon.colcon_core.environment:create_environment_scripts_only(nav_hw_interfaces)
[2.526s] DEBUG:colcon.colcon_core.event_handler.log_command:Invoked command in '/home/abin/nav_lecture4_hw/build/nav_hw_interfaces' returned '0': CMAKE_PREFIX_PATH=${CMAKE_PREFIX_PATH}:/opt/ros/humble /usr/bin/cmake --install /home/abin/nav_lecture4_hw/build/nav_hw_interfaces
[2.529s] Level 1:colcon.colcon_core.environment:checking '/home/abin/nav_lecture4_hw/install/nav_hw_interfaces' for CMake module files
[2.530s] Level 1:colcon.colcon_core.environment:checking '/home/abin/nav_lecture4_hw/install/nav_hw_interfaces' for CMake config files
[2.531s] Level 1:colcon.colcon_core.shell:create_environment_hook('nav_hw_interfaces', 'cmake_prefix_path')
[2.531s] INFO:colcon.colcon_core.shell:Creating environment hook '/home/abin/nav_lecture4_hw/install/nav_hw_interfaces/share/nav_hw_interfaces/hook/cmake_prefix_path.ps1'
[2.531s] INFO:colcon.colcon_core.shell:Creating environment descriptor '/home/abin/nav_lecture4_hw/install/nav_hw_interfaces/share/nav_hw_interfaces/hook/cmake_prefix_path.dsv'
[2.532s] INFO:colcon.colcon_core.shell:Creating environment hook '/home/abin/nav_lecture4_hw/install/nav_hw_interfaces/share/nav_hw_interfaces/hook/cmake_prefix_path.sh'
[2.533s] Level 1:colcon.colcon_core.environment:checking '/home/abin/nav_lecture4_hw/install/nav_hw_interfaces/lib'
[2.533s] Level 1:colcon.colcon_core.shell:create_environment_hook('nav_hw_interfaces', 'ld_library_path_lib')
[2.533s] INFO:colcon.colcon_core.shell:Creating environment hook '/home/abin/nav_lecture4_hw/install/nav_hw_interfaces/share/nav_hw_interfaces/hook/ld_library_path_lib.ps1'
[2.534s] INFO:colcon.colcon_core.shell:Creating environment descriptor '/home/abin/nav_lecture4_hw/install/nav_hw_interfaces/share/nav_hw_interfaces/hook/ld_library_path_lib.dsv'
[2.534s] INFO:colcon.colcon_core.shell:Creating environment hook '/home/abin/nav_lecture4_hw/install/nav_hw_interfaces/share/nav_hw_interfaces/hook/ld_library_path_lib.sh'
[2.534s] Level 1:colcon.colcon_core.environment:checking '/home/abin/nav_lecture4_hw/install/nav_hw_interfaces/bin'
[2.534s] Level 1:colcon.colcon_core.environment:checking '/home/abin/nav_lecture4_hw/install/nav_hw_interfaces/lib/pkgconfig/nav_hw_interfaces.pc'
[2.534s] Level 1:colcon.colcon_core.environment:checking '/home/abin/nav_lecture4_hw/install/nav_hw_interfaces/lib/python3.10/site-packages'
[2.535s] Level 1:colcon.colcon_core.environment:checking '/home/abin/nav_lecture4_hw/install/nav_hw_interfaces/bin'
[2.535s] INFO:colcon.colcon_core.shell:Creating package script '/home/abin/nav_lecture4_hw/install/nav_hw_interfaces/share/nav_hw_interfaces/package.ps1'
[2.535s] INFO:colcon.colcon_core.shell:Creating package descriptor '/home/abin/nav_lecture4_hw/install/nav_hw_interfaces/share/nav_hw_interfaces/package.dsv'
[2.536s] INFO:colcon.colcon_core.shell:Creating package script '/home/abin/nav_lecture4_hw/install/nav_hw_interfaces/share/nav_hw_interfaces/package.sh'
[2.537s] INFO:colcon.colcon_core.shell:Creating package script '/home/abin/nav_lecture4_hw/install/nav_hw_interfaces/share/nav_hw_interfaces/package.bash'
[2.537s] INFO:colcon.colcon_core.shell:Creating package script '/home/abin/nav_lecture4_hw/install/nav_hw_interfaces/share/nav_hw_interfaces/package.zsh'
[2.538s] Level 1:colcon.colcon_core.environment:create_file_with_runtime_dependencies(/home/abin/nav_lecture4_hw/install/nav_hw_interfaces/share/colcon-core/packages/nav_hw_interfaces)
[2.538s] Level 1:colcon.colcon_core.environment:create_environment_scripts_only(nav_hw_interfaces)
[2.538s] Level 1:colcon.colcon_core.environment:checking '/home/abin/nav_lecture4_hw/install/nav_hw_interfaces' for CMake module files
[2.539s] Level 1:colcon.colcon_core.environment:checking '/home/abin/nav_lecture4_hw/install/nav_hw_interfaces' for CMake config files
[2.539s] Level 1:colcon.colcon_core.shell:create_environment_hook('nav_hw_interfaces', 'cmake_prefix_path')
[2.540s] INFO:colcon.colcon_core.shell:Creating environment hook '/home/abin/nav_lecture4_hw/install/nav_hw_interfaces/share/nav_hw_interfaces/hook/cmake_prefix_path.ps1'
[2.540s] INFO:colcon.colcon_core.shell:Creating environment descriptor '/home/abin/nav_lecture4_hw/install/nav_hw_interfaces/share/nav_hw_interfaces/hook/cmake_prefix_path.dsv'
[2.540s] INFO:colcon.colcon_core.shell:Creating environment hook '/home/abin/nav_lecture4_hw/install/nav_hw_interfaces/share/nav_hw_interfaces/hook/cmake_prefix_path.sh'
[2.540s] Level 1:colcon.colcon_core.environment:checking '/home/abin/nav_lecture4_hw/install/nav_hw_interfaces/lib'
[2.540s] Level 1:colcon.colcon_core.shell:create_environment_hook('nav_hw_interfaces', 'ld_library_path_lib')
[2.541s] INFO:colcon.colcon_core.shell:Creating environment hook '/home/abin/nav_lecture4_hw/install/nav_hw_interfaces/share/nav_hw_interfaces/hook/ld_library_path_lib.ps1'
[2.541s] INFO:colcon.colcon_core.shell:Creating environment descriptor '/home/abin/nav_lecture4_hw/install/nav_hw_interfaces/share/nav_hw_interfaces/hook/ld_library_path_lib.dsv'
[2.541s] INFO:colcon.colcon_core.shell:Creating environment hook '/home/abin/nav_lecture4_hw/install/nav_hw_interfaces/share/nav_hw_interfaces/hook/ld_library_path_lib.sh'
[2.541s] Level 1:colcon.colcon_core.environment:checking '/home/abin/nav_lecture4_hw/install/nav_hw_interfaces/bin'
[2.541s] Level 1:colcon.colcon_core.environment:checking '/home/abin/nav_lecture4_hw/install/nav_hw_interfaces/lib/pkgconfig/nav_hw_interfaces.pc'
[2.542s] Level 1:colcon.colcon_core.environment:checking '/home/abin/nav_lecture4_hw/install/nav_hw_interfaces/lib/python3.10/site-packages'
[2.542s] Level 1:colcon.colcon_core.environment:checking '/home/abin/nav_lecture4_hw/install/nav_hw_interfaces/bin'
[2.542s] INFO:colcon.colcon_core.shell:Creating package script '/home/abin/nav_lecture4_hw/install/nav_hw_interfaces/share/nav_hw_interfaces/package.ps1'
[2.542s] INFO:colcon.colcon_core.shell:Creating package descriptor '/home/abin/nav_lecture4_hw/install/nav_hw_interfaces/share/nav_hw_interfaces/package.dsv'
[2.543s] INFO:colcon.colcon_core.shell:Creating package script '/home/abin/nav_lecture4_hw/install/nav_hw_interfaces/share/nav_hw_interfaces/package.sh'
[2.543s] INFO:colcon.colcon_core.shell:Creating package script '/home/abin/nav_lecture4_hw/install/nav_hw_interfaces/share/nav_hw_interfaces/package.bash'
[2.543s] INFO:colcon.colcon_core.shell:Creating package script '/home/abin/nav_lecture4_hw/install/nav_hw_interfaces/share/nav_hw_interfaces/package.zsh'
[2.544s] Level 1:colcon.colcon_core.environment:create_file_with_runtime_dependencies(/home/abin/nav_lecture4_hw/install/nav_hw_interfaces/share/colcon-core/packages/nav_hw_interfaces)
[2.544s] INFO:colcon.colcon_ros.task.ament_cmake.build:Building ROS package in '/home/abin/nav_lecture4_hw/src/qos_debugger' with build type 'ament_cmake'
[2.544s] INFO:colcon.colcon_cmake.task.cmake.build:Building CMake package in '/home/abin/nav_lecture4_hw/src/qos_debugger'
[2.544s] INFO:colcon.colcon_core.shell:Skip shell extension 'powershell' for command environment: Not usable outside of PowerShell
[2.544s] DEBUG:colcon.colcon_core.shell:Skip shell extension 'dsv' for command environment
[3.112s] DEBUG:colcon.colcon_core.event_handler.log_command:Invoking command in '/home/abin/nav_lecture4_hw/build/qos_debugger': CMAKE_PREFIX_PATH=/home/abin/nav_lecture4_hw/install/nav_hw_interfaces:/home/abin/nav_lecture4_hw/install/qos_debugger:/opt/ros/humble /usr/bin/cmake /home/abin/nav_lecture4_hw/src/qos_debugger -DCMAKE_INSTALL_PREFIX=/home/abin/nav_lecture4_hw/install/qos_debugger
[18.124s] DEBUG:colcon.colcon_core.event_handler.log_command:Invoked command in '/home/abin/nav_lecture4_hw/build/qos_debugger' returned '0': CMAKE_PREFIX_PATH=/home/abin/nav_lecture4_hw/install/nav_hw_interfaces:/home/abin/nav_lecture4_hw/install/qos_debugger:/opt/ros/humble /usr/bin/cmake /home/abin/nav_lecture4_hw/src/qos_debugger -DCMAKE_INSTALL_PREFIX=/home/abin/nav_lecture4_hw/install/qos_debugger
[18.125s] DEBUG:colcon.colcon_core.event_handler.log_command:Invoking command in '/home/abin/nav_lecture4_hw/build/qos_debugger': CMAKE_PREFIX_PATH=/home/abin/nav_lecture4_hw/install/nav_hw_interfaces:/home/abin/nav_lecture4_hw/install/qos_debugger:/opt/ros/humble /usr/bin/cmake --build /home/abin/nav_lecture4_hw/build/qos_debugger -- -j24 -l24
[24.195s] DEBUG:colcon.colcon_core.event_handler.log_command:Invoked command in '/home/abin/nav_lecture4_hw/build/qos_debugger' returned '0': CMAKE_PREFIX_PATH=/home/abin/nav_lecture4_hw/install/nav_hw_interfaces:/home/abin/nav_lecture4_hw/install/qos_debugger:/opt/ros/humble /usr/bin/cmake --build /home/abin/nav_lecture4_hw/build/qos_debugger -- -j24 -l24
[24.197s] DEBUG:colcon.colcon_core.event_handler.log_command:Invoking command in '/home/abin/nav_lecture4_hw/build/qos_debugger': CMAKE_PREFIX_PATH=/home/abin/nav_lecture4_hw/install/nav_hw_interfaces:/home/abin/nav_lecture4_hw/install/qos_debugger:/opt/ros/humble /usr/bin/cmake --install /home/abin/nav_lecture4_hw/build/qos_debugger
[24.209s] Level 1:colcon.colcon_core.environment:create_environment_scripts_only(qos_debugger)
[24.209s] Level 1:colcon.colcon_core.environment:checking '/home/abin/nav_lecture4_hw/install/qos_debugger' for CMake module files
[24.209s] DEBUG:colcon.colcon_core.event_handler.log_command:Invoked command in '/home/abin/nav_lecture4_hw/build/qos_debugger' returned '0': CMAKE_PREFIX_PATH=/home/abin/nav_lecture4_hw/install/nav_hw_interfaces:/home/abin/nav_lecture4_hw/install/qos_debugger:/opt/ros/humble /usr/bin/cmake --install /home/abin/nav_lecture4_hw/build/qos_debugger
[24.210s] Level 1:colcon.colcon_core.environment:checking '/home/abin/nav_lecture4_hw/install/qos_debugger' for CMake config files
[24.210s] Level 1:colcon.colcon_core.shell:create_environment_hook('qos_debugger', 'cmake_prefix_path')
[24.210s] INFO:colcon.colcon_core.shell:Creating environment hook '/home/abin/nav_lecture4_hw/install/qos_debugger/share/qos_debugger/hook/cmake_prefix_path.ps1'
[24.211s] INFO:colcon.colcon_core.shell:Creating environment descriptor '/home/abin/nav_lecture4_hw/install/qos_debugger/share/qos_debugger/hook/cmake_prefix_path.dsv'
[24.211s] INFO:colcon.colcon_core.shell:Creating environment hook '/home/abin/nav_lecture4_hw/install/qos_debugger/share/qos_debugger/hook/cmake_prefix_path.sh'
[24.211s] Level 1:colcon.colcon_core.environment:checking '/home/abin/nav_lecture4_hw/install/qos_debugger/lib'
[24.211s] Level 1:colcon.colcon_core.environment:checking '/home/abin/nav_lecture4_hw/install/qos_debugger/bin'
[24.211s] Level 1:colcon.colcon_core.environment:checking '/home/abin/nav_lecture4_hw/install/qos_debugger/lib/pkgconfig/qos_debugger.pc'
[24.211s] Level 1:colcon.colcon_core.environment:checking '/home/abin/nav_lecture4_hw/install/qos_debugger/lib/python3.10/site-packages'
[24.212s] Level 1:colcon.colcon_core.environment:checking '/home/abin/nav_lecture4_hw/install/qos_debugger/bin'
[24.212s] INFO:colcon.colcon_core.shell:Creating package script '/home/abin/nav_lecture4_hw/install/qos_debugger/share/qos_debugger/package.ps1'
[24.212s] INFO:colcon.colcon_core.shell:Creating package descriptor '/home/abin/nav_lecture4_hw/install/qos_debugger/share/qos_debugger/package.dsv'
[24.212s] INFO:colcon.colcon_core.shell:Creating package script '/home/abin/nav_lecture4_hw/install/qos_debugger/share/qos_debugger/package.sh'
[24.213s] INFO:colcon.colcon_core.shell:Creating package script '/home/abin/nav_lecture4_hw/install/qos_debugger/share/qos_debugger/package.bash'
[24.213s] INFO:colcon.colcon_core.shell:Creating package script '/home/abin/nav_lecture4_hw/install/qos_debugger/share/qos_debugger/package.zsh'
[24.213s] Level 1:colcon.colcon_core.environment:create_file_with_runtime_dependencies(/home/abin/nav_lecture4_hw/install/qos_debugger/share/colcon-core/packages/qos_debugger)
[24.213s] Level 1:colcon.colcon_core.environment:create_environment_scripts_only(qos_debugger)
[24.214s] Level 1:colcon.colcon_core.environment:checking '/home/abin/nav_lecture4_hw/install/qos_debugger' for CMake module files
[24.214s] Level 1:colcon.colcon_core.environment:checking '/home/abin/nav_lecture4_hw/install/qos_debugger' for CMake config files
[24.214s] Level 1:colcon.colcon_core.shell:create_environment_hook('qos_debugger', 'cmake_prefix_path')
[24.214s] INFO:colcon.colcon_core.shell:Creating environment hook '/home/abin/nav_lecture4_hw/install/qos_debugger/share/qos_debugger/hook/cmake_prefix_path.ps1'
[24.214s] INFO:colcon.colcon_core.shell:Creating environment descriptor '/home/abin/nav_lecture4_hw/install/qos_debugger/share/qos_debugger/hook/cmake_prefix_path.dsv'
[24.214s] INFO:colcon.colcon_core.shell:Creating environment hook '/home/abin/nav_lecture4_hw/install/qos_debugger/share/qos_debugger/hook/cmake_prefix_path.sh'
[24.215s] Level 1:colcon.colcon_core.environment:checking '/home/abin/nav_lecture4_hw/install/qos_debugger/lib'
[24.215s] Level 1:colcon.colcon_core.environment:checking '/home/abin/nav_lecture4_hw/install/qos_debugger/bin'
[24.215s] Level 1:colcon.colcon_core.environment:checking '/home/abin/nav_lecture4_hw/install/qos_debugger/lib/pkgconfig/qos_debugger.pc'
[24.215s] Level 1:colcon.colcon_core.environment:checking '/home/abin/nav_lecture4_hw/install/qos_debugger/lib/python3.10/site-packages'
[24.215s] Level 1:colcon.colcon_core.environment:checking '/home/abin/nav_lecture4_hw/install/qos_debugger/bin'
[24.215s] INFO:colcon.colcon_core.shell:Creating package script '/home/abin/nav_lecture4_hw/install/qos_debugger/share/qos_debugger/package.ps1'
[24.216s] INFO:colcon.colcon_core.shell:Creating package descriptor '/home/abin/nav_lecture4_hw/install/qos_debugger/share/qos_debugger/package.dsv'
[24.216s] INFO:colcon.colcon_core.shell:Creating package script '/home/abin/nav_lecture4_hw/install/qos_debugger/share/qos_debugger/package.sh'
[24.216s] INFO:colcon.colcon_core.shell:Creating package script '/home/abin/nav_lecture4_hw/install/qos_debugger/share/qos_debugger/package.bash'
[24.216s] INFO:colcon.colcon_core.shell:Creating package script '/home/abin/nav_lecture4_hw/install/qos_debugger/share/qos_debugger/package.zsh'
[24.217s] Level 1:colcon.colcon_core.environment:create_file_with_runtime_dependencies(/home/abin/nav_lecture4_hw/install/qos_debugger/share/colcon-core/packages/qos_debugger)
[24.217s] DEBUG:colcon.colcon_parallel_executor.executor.parallel:closing loop
[24.217s] DEBUG:colcon.colcon_parallel_executor.executor.parallel:loop closed
[24.218s] DEBUG:colcon.colcon_parallel_executor.executor.parallel:run_until_complete finished with '0'
[24.218s] DEBUG:colcon.colcon_core.event_reactor:joining thread
[24.351s] INFO:colcon.colcon_core.plugin_system:Skipping extension 'colcon_notification.desktop_notification.notify_send': Could not find 'notify-send'
[24.351s] INFO:colcon.colcon_core.plugin_system:Skipping extension 'colcon_notification.desktop_notification.terminal_notifier': Not used on non-Darwin systems
[24.351s] INFO:colcon.colcon_core.plugin_system:Skipping extension 'colcon_notification.desktop_notification.win32': Not used on non-Windows systems
[24.351s] INFO:colcon.colcon_notification.desktop_notification:Sending desktop notification using 'notify2'
[24.354s] DEBUG:colcon.colcon_notification.desktop_notification.notify2:Failed to initialize notify2: org.freedesktop.DBus.Error.ServiceUnknown: The name org.freedesktop.Notifications was not provided by any .service files
[24.354s] DEBUG:colcon.colcon_core.event_reactor:joined thread
[24.355s] INFO:colcon.colcon_core.shell:Creating prefix script '/home/abin/nav_lecture4_hw/install/local_setup.ps1'
[24.356s] INFO:colcon.colcon_core.shell:Creating prefix util module '/home/abin/nav_lecture4_hw/install/_local_setup_util_ps1.py'
[24.357s] INFO:colcon.colcon_core.shell:Creating prefix chain script '/home/abin/nav_lecture4_hw/install/setup.ps1'
[24.358s] INFO:colcon.colcon_core.shell:Creating prefix script '/home/abin/nav_lecture4_hw/install/local_setup.sh'
[24.358s] INFO:colcon.colcon_core.shell:Creating prefix util module '/home/abin/nav_lecture4_hw/install/_local_setup_util_sh.py'
[24.359s] INFO:colcon.colcon_core.shell:Creating prefix chain script '/home/abin/nav_lecture4_hw/install/setup.sh'
[24.360s] INFO:colcon.colcon_core.shell:Creating prefix script '/home/abin/nav_lecture4_hw/install/local_setup.bash'
[24.360s] INFO:colcon.colcon_core.shell:Creating prefix chain script '/home/abin/nav_lecture4_hw/install/setup.bash'
[24.361s] INFO:colcon.colcon_core.shell:Creating prefix script '/home/abin/nav_lecture4_hw/install/local_setup.zsh'
[24.362s] INFO:colcon.colcon_core.shell:Creating prefix chain script '/home/abin/nav_lecture4_hw/install/setup.zsh'
