[0.306s] DEBUG:colcon:Command line arguments: ['/usr/bin/colcon', 'build', '--symlink-install', '--packages-select', 'qos_debugger']
[0.306s] DEBUG:colcon:Parsed command line arguments: Namespace(log_base=None, log_level=None, verb_name='build', build_base='build', install_base='install', merge_install=False, symlink_install=True, test_result_base=None, continue_on_error=False, executor='parallel', parallel_workers=24, event_handlers=None, ignore_user_meta=False, metas=['./colcon.meta'], base_paths=['.'], packages_ignore=None, packages_ignore_regex=None, paths=None, packages_up_to=None, packages_up_to_regex=None, packages_above=None, packages_above_and_dependencies=None, packages_above_depth=None, packages_select_by_dep=None, packages_skip_by_dep=None, packages_skip_up_to=None, packages_select_build_failed=False, packages_skip_build_finished=False, packages_select_test_failures=False, packages_skip_test_passed=False, packages_select=['qos_debugger'], packages_skip=None, packages_select_regex=None, packages_skip_regex=None, packages_start=None, packages_end=None, allow_overriding=[], cmake_args=None, cmake_target=None, cmake_target_skip_unavailable=False, cmake_clean_cache=False, cmake_clean_first=False, cmake_force_configure=False, ament_cmake_args=None, catkin_cmake_args=None, catkin_skip_building_tests=False, verb_parser=<colcon_defaults.argument_parser.defaults.DefaultArgumentsDecorator object at 0x77b3858241c0>, verb_extension=<colcon_core.verb.build.BuildVerb object at 0x77b3857f3c40>, main=<bound method BuildVerb.main of <colcon_core.verb.build.BuildVerb object at 0x77b3857f3c40>>)
[0.395s] Level 1:colcon.colcon_core.package_discovery:discover_packages(colcon_meta) check parameters
[0.395s] Level 1:colcon.colcon_core.package_discovery:discover_packages(recursive) check parameters
[0.395s] Level 1:colcon.colcon_core.package_discovery:discover_packages(ignore) check parameters
[0.395s] Level 1:colcon.colcon_core.package_discovery:discover_packages(path) check parameters
[0.395s] Level 1:colcon.colcon_core.package_discovery:discover_packages(colcon_meta) discover
[0.395s] Level 1:colcon.colcon_core.package_discovery:discover_packages(recursive) discover
[0.396s] INFO:colcon.colcon_core.package_discovery:Crawling recursively for packages in '/home/abin/nav_lecture4_hw'
[0.396s] Level 1:colcon.colcon_core.package_identification:_identify(.) by extensions ['ignore', 'ignore_ament_install']
[0.396s] Level 1:colcon.colcon_core.package_identification:_identify(.) by extension 'ignore'
[0.396s] Level 1:colcon.colcon_core.package_identification:_identify(.) by extension 'ignore_ament_install'
[0.396s] Level 1:colcon.colcon_core.package_identification:_identify(.) by extensions ['colcon_pkg']
[0.396s] Level 1:colcon.colcon_core.package_identification:_identify(.) by extension 'colcon_pkg'
[0.396s] Level 1:colcon.colcon_core.package_identification:_identify(.) by extensions ['colcon_meta']
[0.396s] Level 1:colcon.colcon_core.package_identification:_identify(.) by extension 'colcon_meta'
[0.396s] Level 1:colcon.colcon_core.package_identification:_identify(.) by extensions ['ros']
[0.396s] Level 1:colcon.colcon_core.package_identification:_identify(.) by extension 'ros'
[0.402s] Level 1:colcon.colcon_core.package_identification:_identify(.) by extensions ['cmake', 'python']
[0.402s] Level 1:colcon.colcon_core.package_identification:_identify(.) by extension 'cmake'
[0.402s] Level 1:colcon.colcon_core.package_identification:_identify(.) by extension 'python'
[0.402s] Level 1:colcon.colcon_core.package_identification:_identify(.) by extensions ['python_setup_py']
[0.403s] Level 1:colcon.colcon_core.package_identification:_identify(.) by extension 'python_setup_py'
[0.403s] Level 1:colcon.colcon_core.package_identification:_identify(build) by extensions ['ignore', 'ignore_ament_install']
[0.403s] Level 1:colcon.colcon_core.package_identification:_identify(build) by extension 'ignore'
[0.403s] Level 1:colcon.colcon_core.package_identification:_identify(build) ignored
[0.403s] Level 1:colcon.colcon_core.package_identification:_identify(install) by extensions ['ignore', 'ignore_ament_install']
[0.403s] Level 1:colcon.colcon_core.package_identification:_identify(install) by extension 'ignore'
[0.403s] Level 1:colcon.colcon_core.package_identification:_identify(install) ignored
[0.403s] Level 1:colcon.colcon_core.package_identification:_identify(log) by extensions ['ignore', 'ignore_ament_install']
[0.403s] Level 1:colcon.colcon_core.package_identification:_identify(log) by extension 'ignore'
[0.403s] Level 1:colcon.colcon_core.package_identification:_identify(log) ignored
[0.403s] Level 1:colcon.colcon_core.package_identification:_identify(src) by extensions ['ignore', 'ignore_ament_install']
[0.403s] Level 1:colcon.colcon_core.package_identification:_identify(src) by extension 'ignore'
[0.403s] Level 1:colcon.colcon_core.package_identification:_identify(src) by extension 'ignore_ament_install'
[0.403s] Level 1:colcon.colcon_core.package_identification:_identify(src) by extensions ['colcon_pkg']
[0.403s] Level 1:colcon.colcon_core.package_identification:_identify(src) by extension 'colcon_pkg'
[0.403s] Level 1:colcon.colcon_core.package_identification:_identify(src) by extensions ['colcon_meta']
[0.403s] Level 1:colcon.colcon_core.package_identification:_identify(src) by extension 'colcon_meta'
[0.403s] Level 1:colcon.colcon_core.package_identification:_identify(src) by extensions ['ros']
[0.403s] Level 1:colcon.colcon_core.package_identification:_identify(src) by extension 'ros'
[0.404s] Level 1:colcon.colcon_core.package_identification:_identify(src) by extensions ['cmake', 'python']
[0.404s] Level 1:colcon.colcon_core.package_identification:_identify(src) by extension 'cmake'
[0.404s] Level 1:colcon.colcon_core.package_identification:_identify(src) by extension 'python'
[0.404s] Level 1:colcon.colcon_core.package_identification:_identify(src) by extensions ['python_setup_py']
[0.404s] Level 1:colcon.colcon_core.package_identification:_identify(src) by extension 'python_setup_py'
[0.404s] Level 1:colcon.colcon_core.package_identification:_identify(src/nav_hw_interfaces) by extensions ['ignore', 'ignore_ament_install']
[0.404s] Level 1:colcon.colcon_core.package_identification:_identify(src/nav_hw_interfaces) by extension 'ignore'
[0.404s] Level 1:colcon.colcon_core.package_identification:_identify(src/nav_hw_interfaces) by extension 'ignore_ament_install'
[0.404s] Level 1:colcon.colcon_core.package_identification:_identify(src/nav_hw_interfaces) by extensions ['colcon_pkg']
[0.404s] Level 1:colcon.colcon_core.package_identification:_identify(src/nav_hw_interfaces) by extension 'colcon_pkg'
[0.404s] Level 1:colcon.colcon_core.package_identification:_identify(src/nav_hw_interfaces) by extensions ['colcon_meta']
[0.404s] Level 1:colcon.colcon_core.package_identification:_identify(src/nav_hw_interfaces) by extension 'colcon_meta'
[0.404s] Level 1:colcon.colcon_core.package_identification:_identify(src/nav_hw_interfaces) by extensions ['ros']
[0.404s] Level 1:colcon.colcon_core.package_identification:_identify(src/nav_hw_interfaces) by extension 'ros'
[0.406s] DEBUG:colcon.colcon_core.package_identification:Package 'src/nav_hw_interfaces' with type 'ros.ament_cmake' and name 'nav_hw_interfaces'
[0.406s] Level 1:colcon.colcon_core.package_identification:_identify(src/qos_debugger) by extensions ['ignore', 'ignore_ament_install']
[0.406s] Level 1:colcon.colcon_core.package_identification:_identify(src/qos_debugger) by extension 'ignore'
[0.406s] Level 1:colcon.colcon_core.package_identification:_identify(src/qos_debugger) by extension 'ignore_ament_install'
[0.406s] Level 1:colcon.colcon_core.package_identification:_identify(src/qos_debugger) by extensions ['colcon_pkg']
[0.406s] Level 1:colcon.colcon_core.package_identification:_identify(src/qos_debugger) by extension 'colcon_pkg'
[0.406s] Level 1:colcon.colcon_core.package_identification:_identify(src/qos_debugger) by extensions ['colcon_meta']
[0.406s] Level 1:colcon.colcon_core.package_identification:_identify(src/qos_debugger) by extension 'colcon_meta'
[0.406s] Level 1:colcon.colcon_core.package_identification:_identify(src/qos_debugger) by extensions ['ros']
[0.406s] Level 1:colcon.colcon_core.package_identification:_identify(src/qos_debugger) by extension 'ros'
[0.406s] DEBUG:colcon.colcon_core.package_identification:Package 'src/qos_debugger' with type 'ros.ament_cmake' and name 'qos_debugger'
[0.406s] Level 1:colcon.colcon_core.package_discovery:discover_packages(recursive) using defaults
[0.406s] Level 1:colcon.colcon_core.package_discovery:discover_packages(ignore) discover
[0.406s] Level 1:colcon.colcon_core.package_discovery:discover_packages(ignore) using defaults
[0.406s] Level 1:colcon.colcon_core.package_discovery:discover_packages(path) discover
[0.406s] Level 1:colcon.colcon_core.package_discovery:discover_packages(path) using defaults
[0.420s] INFO:colcon.colcon_core.package_selection:Skipping not selected package 'nav_hw_interfaces' in 'src/nav_hw_interfaces'
[0.421s] Level 1:colcon.colcon_core.package_discovery:discover_packages(prefix_path) check parameters
[0.421s] Level 1:colcon.colcon_core.package_discovery:discover_packages(prefix_path) discover
[0.422s] DEBUG:colcon.colcon_installed_package_information.package_discovery:Found 277 installed packages in /opt/ros/humble
[0.428s] Level 1:colcon.colcon_core.package_discovery:discover_packages(prefix_path) using defaults
[0.448s] Level 5:colcon.colcon_core.verb:set package 'qos_debugger' build argument 'cmake_args' from command line to 'None'
[0.448s] Level 5:colcon.colcon_core.verb:set package 'qos_debugger' build argument 'cmake_target' from command line to 'None'
[0.448s] Level 5:colcon.colcon_core.verb:set package 'qos_debugger' build argument 'cmake_target_skip_unavailable' from command line to 'False'
[0.448s] Level 5:colcon.colcon_core.verb:set package 'qos_debugger' build argument 'cmake_clean_cache' from command line to 'False'
[0.448s] Level 5:colcon.colcon_core.verb:set package 'qos_debugger' build argument 'cmake_clean_first' from command line to 'False'
[0.448s] Level 5:colcon.colcon_core.verb:set package 'qos_debugger' build argument 'cmake_force_configure' from command line to 'False'
[0.448s] Level 5:colcon.colcon_core.verb:set package 'qos_debugger' build argument 'ament_cmake_args' from command line to 'None'
[0.448s] Level 5:colcon.colcon_core.verb:set package 'qos_debugger' build argument 'catkin_cmake_args' from command line to 'None'
[0.448s] Level 5:colcon.colcon_core.verb:set package 'qos_debugger' build argument 'catkin_skip_building_tests' from command line to 'False'
[0.448s] DEBUG:colcon.colcon_core.verb:Building package 'qos_debugger' with the following arguments: {'ament_cmake_args': None, 'build_base': '/home/abin/nav_lecture4_hw/build/qos_debugger', 'catkin_cmake_args': None, 'catkin_skip_building_tests': False, 'cmake_args': None, 'cmake_clean_cache': False, 'cmake_clean_first': False, 'cmake_force_configure': False, 'cmake_target': None, 'cmake_target_skip_unavailable': False, 'install_base': '/home/abin/nav_lecture4_hw/install/qos_debugger', 'merge_install': False, 'path': '/home/abin/nav_lecture4_hw/src/qos_debugger', 'symlink_install': True, 'test_result_base': None}
[0.448s] INFO:colcon.colcon_core.executor:Executing jobs using 'parallel' executor
[0.449s] DEBUG:colcon.colcon_parallel_executor.executor.parallel:run_until_complete
[0.449s] INFO:colcon.colcon_ros.task.ament_cmake.build:Building ROS package in '/home/abin/nav_lecture4_hw/src/qos_debugger' with build type 'ament_cmake'
[0.449s] INFO:colcon.colcon_cmake.task.cmake.build:Building CMake package in '/home/abin/nav_lecture4_hw/src/qos_debugger'
[0.451s] INFO:colcon.colcon_core.plugin_system:Skipping extension 'colcon_core.shell.bat': Not used on non-Windows systems
[0.451s] INFO:colcon.colcon_core.shell:Skip shell extension 'powershell' for command environment: Not usable outside of PowerShell
[0.451s] DEBUG:colcon.colcon_core.shell:Skip shell extension 'dsv' for command environment
[0.746s] DEBUG:colcon.colcon_core.event_handler.log_command:Invoking command in '/home/abin/nav_lecture4_hw/build/qos_debugger': AMENT_PREFIX_PATH=/home/abin/nav_lecture4_hw/install/nav_hw_interfaces:${AMENT_PREFIX_PATH} CMAKE_PREFIX_PATH=/home/abin/nav_lecture4_hw/install/nav_hw_interfaces:/opt/ros/humble LD_LIBRARY_PATH=/home/abin/nav_lecture4_hw/install/nav_hw_interfaces/lib:${LD_LIBRARY_PATH} PYTHONPATH=/home/abin/nav_lecture4_hw/install/nav_hw_interfaces/local/lib/python3.10/dist-packages:${PYTHONPATH} /usr/bin/cmake --build /home/abin/nav_lecture4_hw/build/qos_debugger -- -j24 -l24
[3.412s] DEBUG:colcon.colcon_core.event_handler.log_command:Invoked command in '/home/abin/nav_lecture4_hw/build/qos_debugger' returned '0': AMENT_PREFIX_PATH=/home/abin/nav_lecture4_hw/install/nav_hw_interfaces:${AMENT_PREFIX_PATH} CMAKE_PREFIX_PATH=/home/abin/nav_lecture4_hw/install/nav_hw_interfaces:/opt/ros/humble LD_LIBRARY_PATH=/home/abin/nav_lecture4_hw/install/nav_hw_interfaces/lib:${LD_LIBRARY_PATH} PYTHONPATH=/home/abin/nav_lecture4_hw/install/nav_hw_interfaces/local/lib/python3.10/dist-packages:${PYTHONPATH} /usr/bin/cmake --build /home/abin/nav_lecture4_hw/build/qos_debugger -- -j24 -l24
[3.418s] DEBUG:colcon.colcon_core.event_handler.log_command:Invoking command in '/home/abin/nav_lecture4_hw/build/qos_debugger': AMENT_PREFIX_PATH=/home/abin/nav_lecture4_hw/install/nav_hw_interfaces:${AMENT_PREFIX_PATH} CMAKE_PREFIX_PATH=/home/abin/nav_lecture4_hw/install/nav_hw_interfaces:/opt/ros/humble LD_LIBRARY_PATH=/home/abin/nav_lecture4_hw/install/nav_hw_interfaces/lib:${LD_LIBRARY_PATH} PYTHONPATH=/home/abin/nav_lecture4_hw/install/nav_hw_interfaces/local/lib/python3.10/dist-packages:${PYTHONPATH} /usr/bin/cmake --install /home/abin/nav_lecture4_hw/build/qos_debugger
[3.431s] Level 1:colcon.colcon_core.environment:create_environment_scripts_only(qos_debugger)
[3.431s] DEBUG:colcon.colcon_core.event_handler.log_command:Invoked command in '/home/abin/nav_lecture4_hw/build/qos_debugger' returned '0': AMENT_PREFIX_PATH=/home/abin/nav_lecture4_hw/install/nav_hw_interfaces:${AMENT_PREFIX_PATH} CMAKE_PREFIX_PATH=/home/abin/nav_lecture4_hw/install/nav_hw_interfaces:/opt/ros/humble LD_LIBRARY_PATH=/home/abin/nav_lecture4_hw/install/nav_hw_interfaces/lib:${LD_LIBRARY_PATH} PYTHONPATH=/home/abin/nav_lecture4_hw/install/nav_hw_interfaces/local/lib/python3.10/dist-packages:${PYTHONPATH} /usr/bin/cmake --install /home/abin/nav_lecture4_hw/build/qos_debugger
[3.433s] Level 1:colcon.colcon_core.environment:checking '/home/abin/nav_lecture4_hw/install/qos_debugger' for CMake module files
[3.433s] Level 1:colcon.colcon_core.environment:checking '/home/abin/nav_lecture4_hw/install/qos_debugger' for CMake config files
[3.433s] Level 1:colcon.colcon_core.shell:create_environment_hook('qos_debugger', 'cmake_prefix_path')
[3.433s] INFO:colcon.colcon_core.shell:Creating environment hook '/home/abin/nav_lecture4_hw/install/qos_debugger/share/qos_debugger/hook/cmake_prefix_path.ps1'
[3.434s] INFO:colcon.colcon_core.shell:Creating environment descriptor '/home/abin/nav_lecture4_hw/install/qos_debugger/share/qos_debugger/hook/cmake_prefix_path.dsv'
[3.434s] INFO:colcon.colcon_core.shell:Creating environment hook '/home/abin/nav_lecture4_hw/install/qos_debugger/share/qos_debugger/hook/cmake_prefix_path.sh'
[3.435s] Level 1:colcon.colcon_core.environment:checking '/home/abin/nav_lecture4_hw/install/qos_debugger/lib'
[3.435s] Level 1:colcon.colcon_core.environment:checking '/home/abin/nav_lecture4_hw/install/qos_debugger/bin'
[3.435s] Level 1:colcon.colcon_core.environment:checking '/home/abin/nav_lecture4_hw/install/qos_debugger/lib/pkgconfig/qos_debugger.pc'
[3.435s] Level 1:colcon.colcon_core.environment:checking '/home/abin/nav_lecture4_hw/install/qos_debugger/lib/python3.10/site-packages'
[3.435s] Level 1:colcon.colcon_core.environment:checking '/home/abin/nav_lecture4_hw/install/qos_debugger/bin'
[3.435s] INFO:colcon.colcon_core.shell:Creating package script '/home/abin/nav_lecture4_hw/install/qos_debugger/share/qos_debugger/package.ps1'
[3.436s] INFO:colcon.colcon_core.shell:Creating package descriptor '/home/abin/nav_lecture4_hw/install/qos_debugger/share/qos_debugger/package.dsv'
[3.436s] INFO:colcon.colcon_core.shell:Creating package script '/home/abin/nav_lecture4_hw/install/qos_debugger/share/qos_debugger/package.sh'
[3.437s] INFO:colcon.colcon_core.shell:Creating package script '/home/abin/nav_lecture4_hw/install/qos_debugger/share/qos_debugger/package.bash'
[3.437s] INFO:colcon.colcon_core.shell:Creating package script '/home/abin/nav_lecture4_hw/install/qos_debugger/share/qos_debugger/package.zsh'
[3.438s] Level 1:colcon.colcon_core.environment:create_file_with_runtime_dependencies(/home/abin/nav_lecture4_hw/install/qos_debugger/share/colcon-core/packages/qos_debugger)
[3.438s] Level 1:colcon.colcon_core.environment:create_environment_scripts_only(qos_debugger)
[3.438s] Level 1:colcon.colcon_core.environment:checking '/home/abin/nav_lecture4_hw/install/qos_debugger' for CMake module files
[3.438s] Level 1:colcon.colcon_core.environment:checking '/home/abin/nav_lecture4_hw/install/qos_debugger' for CMake config files
[3.439s] Level 1:colcon.colcon_core.shell:create_environment_hook('qos_debugger', 'cmake_prefix_path')
[3.439s] INFO:colcon.colcon_core.shell:Creating environment hook '/home/abin/nav_lecture4_hw/install/qos_debugger/share/qos_debugger/hook/cmake_prefix_path.ps1'
[3.439s] INFO:colcon.colcon_core.shell:Creating environment descriptor '/home/abin/nav_lecture4_hw/install/qos_debugger/share/qos_debugger/hook/cmake_prefix_path.dsv'
[3.439s] INFO:colcon.colcon_core.shell:Creating environment hook '/home/abin/nav_lecture4_hw/install/qos_debugger/share/qos_debugger/hook/cmake_prefix_path.sh'
[3.439s] Level 1:colcon.colcon_core.environment:checking '/home/abin/nav_lecture4_hw/install/qos_debugger/lib'
[3.439s] Level 1:colcon.colcon_core.environment:checking '/home/abin/nav_lecture4_hw/install/qos_debugger/bin'
[3.440s] Level 1:colcon.colcon_core.environment:checking '/home/abin/nav_lecture4_hw/install/qos_debugger/lib/pkgconfig/qos_debugger.pc'
[3.440s] Level 1:colcon.colcon_core.environment:checking '/home/abin/nav_lecture4_hw/install/qos_debugger/lib/python3.10/site-packages'
[3.440s] Level 1:colcon.colcon_core.environment:checking '/home/abin/nav_lecture4_hw/install/qos_debugger/bin'
[3.440s] INFO:colcon.colcon_core.shell:Creating package script '/home/abin/nav_lecture4_hw/install/qos_debugger/share/qos_debugger/package.ps1'
[3.440s] INFO:colcon.colcon_core.shell:Creating package descriptor '/home/abin/nav_lecture4_hw/install/qos_debugger/share/qos_debugger/package.dsv'
[3.441s] INFO:colcon.colcon_core.shell:Creating package script '/home/abin/nav_lecture4_hw/install/qos_debugger/share/qos_debugger/package.sh'
[3.441s] INFO:colcon.colcon_core.shell:Creating package script '/home/abin/nav_lecture4_hw/install/qos_debugger/share/qos_debugger/package.bash'
[3.441s] INFO:colcon.colcon_core.shell:Creating package script '/home/abin/nav_lecture4_hw/install/qos_debugger/share/qos_debugger/package.zsh'
[3.441s] Level 1:colcon.colcon_core.environment:create_file_with_runtime_dependencies(/home/abin/nav_lecture4_hw/install/qos_debugger/share/colcon-core/packages/qos_debugger)
[3.442s] DEBUG:colcon.colcon_parallel_executor.executor.parallel:closing loop
[3.442s] DEBUG:colcon.colcon_parallel_executor.executor.parallel:loop closed
[3.442s] DEBUG:colcon.colcon_parallel_executor.executor.parallel:run_until_complete finished with '0'
[3.442s] DEBUG:colcon.colcon_core.event_reactor:joining thread
[3.571s] INFO:colcon.colcon_core.plugin_system:Skipping extension 'colcon_notification.desktop_notification.notify_send': Could not find 'notify-send'
[3.571s] INFO:colcon.colcon_core.plugin_system:Skipping extension 'colcon_notification.desktop_notification.terminal_notifier': Not used on non-Darwin systems
[3.572s] INFO:colcon.colcon_core.plugin_system:Skipping extension 'colcon_notification.desktop_notification.win32': Not used on non-Windows systems
[3.572s] INFO:colcon.colcon_notification.desktop_notification:Sending desktop notification using 'notify2'
[3.572s] DEBUG:colcon.colcon_notification.desktop_notification.notify2:Failed to initialize notify2: org.freedesktop.DBus.Error.ServiceUnknown: The name org.freedesktop.Notifications was not provided by any .service files
[3.573s] DEBUG:colcon.colcon_core.event_reactor:joined thread
[3.573s] INFO:colcon.colcon_core.shell:Creating prefix script '/home/abin/nav_lecture4_hw/install/local_setup.ps1'
[3.573s] INFO:colcon.colcon_core.shell:Creating prefix util module '/home/abin/nav_lecture4_hw/install/_local_setup_util_ps1.py'
[3.574s] INFO:colcon.colcon_core.shell:Creating prefix chain script '/home/abin/nav_lecture4_hw/install/setup.ps1'
[3.575s] INFO:colcon.colcon_core.shell:Creating prefix script '/home/abin/nav_lecture4_hw/install/local_setup.sh'
[3.575s] INFO:colcon.colcon_core.shell:Creating prefix util module '/home/abin/nav_lecture4_hw/install/_local_setup_util_sh.py'
[3.576s] INFO:colcon.colcon_core.shell:Creating prefix chain script '/home/abin/nav_lecture4_hw/install/setup.sh'
[3.576s] INFO:colcon.colcon_core.shell:Creating prefix script '/home/abin/nav_lecture4_hw/install/local_setup.bash'
[3.577s] INFO:colcon.colcon_core.shell:Creating prefix chain script '/home/abin/nav_lecture4_hw/install/setup.bash'
[3.577s] INFO:colcon.colcon_core.shell:Creating prefix script '/home/abin/nav_lecture4_hw/install/local_setup.zsh'
[3.578s] INFO:colcon.colcon_core.shell:Creating prefix chain script '/home/abin/nav_lecture4_hw/install/setup.zsh'
